[0.521s] DEBUG:colcon:Command line arguments: ['/usr/bin/colcon', 'build']
[0.521s] DEBUG:colcon:Parsed command line arguments: Namespace(log_base=None, log_level=None, verb_name='build', build_base='build', install_base='install', merge_install=False, symlink_install=False, test_result_base=None, continue_on_error=False, executor='parallel', parallel_workers=20, event_handlers=None, ignore_user_meta=False, metas=['./colcon.meta'], base_paths=['.'], packages_ignore=None, packages_ignore_regex=None, paths=None, packages_up_to=None, packages_up_to_regex=None, packages_above=None, packages_above_and_dependencies=None, packages_above_depth=None, packages_select_by_dep=None, packages_skip_by_dep=None, packages_skip_up_to=None, packages_select_build_failed=False, packages_skip_build_finished=False, packages_select_test_failures=False, packages_skip_test_passed=False, packages_select=None, packages_skip=None, packages_select_regex=None, packages_skip_regex=None, packages_start=None, packages_end=None, allow_overriding=[], cmake_args=None, cmake_target=None, cmake_target_skip_unavailable=False, cmake_clean_cache=False, cmake_clean_first=False, cmake_force_configure=False, ament_cmake_args=None, catkin_cmake_args=None, catkin_skip_building_tests=False, mixin_files=None, mixin=None, verb_parser=<colcon_mixin.mixin.mixin_argument.MixinArgumentDecorator object at 0x79ac86d8e660>, verb_extension=<colcon_core.verb.build.BuildVerb object at 0x79ac86ec29c0>, main=<bound method BuildVerb.main of <colcon_core.verb.build.BuildVerb object at 0x79ac86ec29c0>>, mixin_verb=('build',))
[0.568s] Level 1:colcon.colcon_core.package_discovery:discover_packages(colcon_meta) check parameters
[0.568s] Level 1:colcon.colcon_core.package_discovery:discover_packages(recursive) check parameters
[0.568s] Level 1:colcon.colcon_core.package_discovery:discover_packages(ignore) check parameters
[0.568s] Level 1:colcon.colcon_core.package_discovery:discover_packages(path) check parameters
[0.568s] Level 1:colcon.colcon_core.package_discovery:discover_packages(colcon_meta) discover
[0.568s] Level 1:colcon.colcon_core.package_discovery:discover_packages(recursive) discover
[0.568s] INFO:colcon.colcon_core.package_discovery:Crawling recursively for packages in '/home/simkh005/4551_proj_ws'
[0.568s] Level 1:colcon.colcon_core.package_identification:_identify(.) by extensions ['ignore', 'ignore_ament_install']
[0.568s] Level 1:colcon.colcon_core.package_identification:_identify(.) by extension 'ignore'
[0.568s] Level 1:colcon.colcon_core.package_identification:_identify(.) by extension 'ignore_ament_install'
[0.568s] Level 1:colcon.colcon_core.package_identification:_identify(.) by extensions ['colcon_pkg']
[0.568s] Level 1:colcon.colcon_core.package_identification:_identify(.) by extension 'colcon_pkg'
[0.568s] Level 1:colcon.colcon_core.package_identification:_identify(.) by extensions ['colcon_meta']
[0.569s] Level 1:colcon.colcon_core.package_identification:_identify(.) by extension 'colcon_meta'
[0.569s] Level 1:colcon.colcon_core.package_identification:_identify(.) by extensions ['ros']
[0.569s] Level 1:colcon.colcon_core.package_identification:_identify(.) by extension 'ros'
[0.604s] Level 1:colcon.colcon_core.package_identification:_identify(.) by extensions ['cmake', 'python']
[0.604s] Level 1:colcon.colcon_core.package_identification:_identify(.) by extension 'cmake'
[0.604s] Level 1:colcon.colcon_core.package_identification:_identify(.) by extension 'python'
[0.604s] Level 1:colcon.colcon_core.package_identification:_identify(.) by extensions ['python_setup_py']
[0.604s] Level 1:colcon.colcon_core.package_identification:_identify(.) by extension 'python_setup_py'
[0.605s] Level 1:colcon.colcon_core.package_identification:_identify(build) by extensions ['ignore', 'ignore_ament_install']
[0.605s] Level 1:colcon.colcon_core.package_identification:_identify(build) by extension 'ignore'
[0.605s] Level 1:colcon.colcon_core.package_identification:_identify(build) ignored
[0.605s] Level 1:colcon.colcon_core.package_identification:_identify(install) by extensions ['ignore', 'ignore_ament_install']
[0.605s] Level 1:colcon.colcon_core.package_identification:_identify(install) by extension 'ignore'
[0.605s] Level 1:colcon.colcon_core.package_identification:_identify(install) ignored
[0.606s] Level 1:colcon.colcon_core.package_identification:_identify(log) by extensions ['ignore', 'ignore_ament_install']
[0.606s] Level 1:colcon.colcon_core.package_identification:_identify(log) by extension 'ignore'
[0.606s] Level 1:colcon.colcon_core.package_identification:_identify(log) ignored
[0.606s] Level 1:colcon.colcon_core.package_identification:_identify(src) by extensions ['ignore', 'ignore_ament_install']
[0.606s] Level 1:colcon.colcon_core.package_identification:_identify(src) by extension 'ignore'
[0.606s] Level 1:colcon.colcon_core.package_identification:_identify(src) by extension 'ignore_ament_install'
[0.606s] Level 1:colcon.colcon_core.package_identification:_identify(src) by extensions ['colcon_pkg']
[0.606s] Level 1:colcon.colcon_core.package_identification:_identify(src) by extension 'colcon_pkg'
[0.606s] Level 1:colcon.colcon_core.package_identification:_identify(src) by extensions ['colcon_meta']
[0.606s] Level 1:colcon.colcon_core.package_identification:_identify(src) by extension 'colcon_meta'
[0.606s] Level 1:colcon.colcon_core.package_identification:_identify(src) by extensions ['ros']
[0.606s] Level 1:colcon.colcon_core.package_identification:_identify(src) by extension 'ros'
[0.606s] Level 1:colcon.colcon_core.package_identification:_identify(src) by extensions ['cmake', 'python']
[0.606s] Level 1:colcon.colcon_core.package_identification:_identify(src) by extension 'cmake'
[0.606s] Level 1:colcon.colcon_core.package_identification:_identify(src) by extension 'python'
[0.606s] Level 1:colcon.colcon_core.package_identification:_identify(src) by extensions ['python_setup_py']
[0.606s] Level 1:colcon.colcon_core.package_identification:_identify(src) by extension 'python_setup_py'
[0.606s] Level 1:colcon.colcon_core.package_identification:_identify(src/color_detector_pkg) by extensions ['ignore', 'ignore_ament_install']
[0.607s] Level 1:colcon.colcon_core.package_identification:_identify(src/color_detector_pkg) by extension 'ignore'
[0.607s] Level 1:colcon.colcon_core.package_identification:_identify(src/color_detector_pkg) by extension 'ignore_ament_install'
[0.607s] Level 1:colcon.colcon_core.package_identification:_identify(src/color_detector_pkg) by extensions ['colcon_pkg']
[0.607s] Level 1:colcon.colcon_core.package_identification:_identify(src/color_detector_pkg) by extension 'colcon_pkg'
[0.607s] Level 1:colcon.colcon_core.package_identification:_identify(src/color_detector_pkg) by extensions ['colcon_meta']
[0.607s] Level 1:colcon.colcon_core.package_identification:_identify(src/color_detector_pkg) by extension 'colcon_meta'
[0.607s] Level 1:colcon.colcon_core.package_identification:_identify(src/color_detector_pkg) by extensions ['ros']
[0.607s] Level 1:colcon.colcon_core.package_identification:_identify(src/color_detector_pkg) by extension 'ros'
[0.610s] DEBUG:colcon.colcon_core.package_identification:Package 'src/color_detector_pkg' with type 'ros.ament_python' and name 'color_detector_pkg'
[0.610s] Level 1:colcon.colcon_core.package_identification:_identify(src/env_assets_pkg) by extensions ['ignore', 'ignore_ament_install']
[0.610s] Level 1:colcon.colcon_core.package_identification:_identify(src/env_assets_pkg) by extension 'ignore'
[0.610s] Level 1:colcon.colcon_core.package_identification:_identify(src/env_assets_pkg) by extension 'ignore_ament_install'
[0.610s] Level 1:colcon.colcon_core.package_identification:_identify(src/env_assets_pkg) by extensions ['colcon_pkg']
[0.610s] Level 1:colcon.colcon_core.package_identification:_identify(src/env_assets_pkg) by extension 'colcon_pkg'
[0.610s] Level 1:colcon.colcon_core.package_identification:_identify(src/env_assets_pkg) by extensions ['colcon_meta']
[0.610s] Level 1:colcon.colcon_core.package_identification:_identify(src/env_assets_pkg) by extension 'colcon_meta'
[0.610s] Level 1:colcon.colcon_core.package_identification:_identify(src/env_assets_pkg) by extensions ['ros']
[0.610s] Level 1:colcon.colcon_core.package_identification:_identify(src/env_assets_pkg) by extension 'ros'
[0.611s] DEBUG:colcon.colcon_core.package_identification:Package 'src/env_assets_pkg' with type 'ros.ament_python' and name 'env_assets_pkg'
[0.611s] Level 1:colcon.colcon_core.package_identification:_identify(src/nav_pkg) by extensions ['ignore', 'ignore_ament_install']
[0.611s] Level 1:colcon.colcon_core.package_identification:_identify(src/nav_pkg) by extension 'ignore'
[0.611s] Level 1:colcon.colcon_core.package_identification:_identify(src/nav_pkg) by extension 'ignore_ament_install'
[0.611s] Level 1:colcon.colcon_core.package_identification:_identify(src/nav_pkg) by extensions ['colcon_pkg']
[0.611s] Level 1:colcon.colcon_core.package_identification:_identify(src/nav_pkg) by extension 'colcon_pkg'
[0.612s] Level 1:colcon.colcon_core.package_identification:_identify(src/nav_pkg) by extensions ['colcon_meta']
[0.612s] Level 1:colcon.colcon_core.package_identification:_identify(src/nav_pkg) by extension 'colcon_meta'
[0.612s] Level 1:colcon.colcon_core.package_identification:_identify(src/nav_pkg) by extensions ['ros']
[0.612s] Level 1:colcon.colcon_core.package_identification:_identify(src/nav_pkg) by extension 'ros'
[0.612s] DEBUG:colcon.colcon_core.package_identification:Package 'src/nav_pkg' with type 'ros.ament_python' and name 'nav_pkg'
[0.612s] Level 1:colcon.colcon_core.package_discovery:discover_packages(recursive) using defaults
[0.612s] Level 1:colcon.colcon_core.package_discovery:discover_packages(ignore) discover
[0.612s] Level 1:colcon.colcon_core.package_discovery:discover_packages(ignore) using defaults
[0.612s] Level 1:colcon.colcon_core.package_discovery:discover_packages(path) discover
[0.612s] Level 1:colcon.colcon_core.package_discovery:discover_packages(path) using defaults
[0.640s] Level 1:colcon.colcon_core.package_discovery:discover_packages(prefix_path) check parameters
[0.640s] Level 1:colcon.colcon_core.package_discovery:discover_packages(prefix_path) discover
[0.642s] DEBUG:colcon.colcon_installed_package_information.package_discovery:Found 3 installed packages in /home/simkh005/4551_proj_ws/install
[0.644s] DEBUG:colcon.colcon_installed_package_information.package_discovery:Found 400 installed packages in /opt/ros/jazzy
[0.647s] Level 1:colcon.colcon_core.package_discovery:discover_packages(prefix_path) using defaults
[0.705s] Level 5:colcon.colcon_core.verb:set package 'color_detector_pkg' build argument 'cmake_args' from command line to 'None'
[0.705s] Level 5:colcon.colcon_core.verb:set package 'color_detector_pkg' build argument 'cmake_target' from command line to 'None'
[0.705s] Level 5:colcon.colcon_core.verb:set package 'color_detector_pkg' build argument 'cmake_target_skip_unavailable' from command line to 'False'
[0.705s] Level 5:colcon.colcon_core.verb:set package 'color_detector_pkg' build argument 'cmake_clean_cache' from command line to 'False'
[0.705s] Level 5:colcon.colcon_core.verb:set package 'color_detector_pkg' build argument 'cmake_clean_first' from command line to 'False'
[0.705s] Level 5:colcon.colcon_core.verb:set package 'color_detector_pkg' build argument 'cmake_force_configure' from command line to 'False'
[0.705s] Level 5:colcon.colcon_core.verb:set package 'color_detector_pkg' build argument 'ament_cmake_args' from command line to 'None'
[0.705s] Level 5:colcon.colcon_core.verb:set package 'color_detector_pkg' build argument 'catkin_cmake_args' from command line to 'None'
[0.706s] Level 5:colcon.colcon_core.verb:set package 'color_detector_pkg' build argument 'catkin_skip_building_tests' from command line to 'False'
[0.706s] DEBUG:colcon.colcon_core.verb:Building package 'color_detector_pkg' with the following arguments: {'ament_cmake_args': None, 'build_base': '/home/simkh005/4551_proj_ws/build/color_detector_pkg', 'catkin_cmake_args': None, 'catkin_skip_building_tests': False, 'cmake_args': None, 'cmake_clean_cache': False, 'cmake_clean_first': False, 'cmake_force_configure': False, 'cmake_target': None, 'cmake_target_skip_unavailable': False, 'install_base': '/home/simkh005/4551_proj_ws/install/color_detector_pkg', 'merge_install': False, 'path': '/home/simkh005/4551_proj_ws/src/color_detector_pkg', 'symlink_install': False, 'test_result_base': None}
[0.706s] Level 5:colcon.colcon_core.verb:set package 'env_assets_pkg' build argument 'cmake_args' from command line to 'None'
[0.706s] Level 5:colcon.colcon_core.verb:set package 'env_assets_pkg' build argument 'cmake_target' from command line to 'None'
[0.706s] Level 5:colcon.colcon_core.verb:set package 'env_assets_pkg' build argument 'cmake_target_skip_unavailable' from command line to 'False'
[0.706s] Level 5:colcon.colcon_core.verb:set package 'env_assets_pkg' build argument 'cmake_clean_cache' from command line to 'False'
[0.706s] Level 5:colcon.colcon_core.verb:set package 'env_assets_pkg' build argument 'cmake_clean_first' from command line to 'False'
[0.706s] Level 5:colcon.colcon_core.verb:set package 'env_assets_pkg' build argument 'cmake_force_configure' from command line to 'False'
[0.706s] Level 5:colcon.colcon_core.verb:set package 'env_assets_pkg' build argument 'ament_cmake_args' from command line to 'None'
[0.706s] Level 5:colcon.colcon_core.verb:set package 'env_assets_pkg' build argument 'catkin_cmake_args' from command line to 'None'
[0.706s] Level 5:colcon.colcon_core.verb:set package 'env_assets_pkg' build argument 'catkin_skip_building_tests' from command line to 'False'
[0.706s] DEBUG:colcon.colcon_core.verb:Building package 'env_assets_pkg' with the following arguments: {'ament_cmake_args': None, 'build_base': '/home/simkh005/4551_proj_ws/build/env_assets_pkg', 'catkin_cmake_args': None, 'catkin_skip_building_tests': False, 'cmake_args': None, 'cmake_clean_cache': False, 'cmake_clean_first': False, 'cmake_force_configure': False, 'cmake_target': None, 'cmake_target_skip_unavailable': False, 'install_base': '/home/simkh005/4551_proj_ws/install/env_assets_pkg', 'merge_install': False, 'path': '/home/simkh005/4551_proj_ws/src/env_assets_pkg', 'symlink_install': False, 'test_result_base': None}
[0.706s] Level 5:colcon.colcon_core.verb:set package 'nav_pkg' build argument 'cmake_args' from command line to 'None'
[0.706s] Level 5:colcon.colcon_core.verb:set package 'nav_pkg' build argument 'cmake_target' from command line to 'None'
[0.706s] Level 5:colcon.colcon_core.verb:set package 'nav_pkg' build argument 'cmake_target_skip_unavailable' from command line to 'False'
[0.706s] Level 5:colcon.colcon_core.verb:set package 'nav_pkg' build argument 'cmake_clean_cache' from command line to 'False'
[0.707s] Level 5:colcon.colcon_core.verb:set package 'nav_pkg' build argument 'cmake_clean_first' from command line to 'False'
[0.707s] Level 5:colcon.colcon_core.verb:set package 'nav_pkg' build argument 'cmake_force_configure' from command line to 'False'
[0.707s] Level 5:colcon.colcon_core.verb:set package 'nav_pkg' build argument 'ament_cmake_args' from command line to 'None'
[0.707s] Level 5:colcon.colcon_core.verb:set package 'nav_pkg' build argument 'catkin_cmake_args' from command line to 'None'
[0.707s] Level 5:colcon.colcon_core.verb:set package 'nav_pkg' build argument 'catkin_skip_building_tests' from command line to 'False'
[0.707s] DEBUG:colcon.colcon_core.verb:Building package 'nav_pkg' with the following arguments: {'ament_cmake_args': None, 'build_base': '/home/simkh005/4551_proj_ws/build/nav_pkg', 'catkin_cmake_args': None, 'catkin_skip_building_tests': False, 'cmake_args': None, 'cmake_clean_cache': False, 'cmake_clean_first': False, 'cmake_force_configure': False, 'cmake_target': None, 'cmake_target_skip_unavailable': False, 'install_base': '/home/simkh005/4551_proj_ws/install/nav_pkg', 'merge_install': False, 'path': '/home/simkh005/4551_proj_ws/src/nav_pkg', 'symlink_install': False, 'test_result_base': None}
[0.707s] INFO:colcon.colcon_core.executor:Executing jobs using 'parallel' executor
[0.708s] DEBUG:colcon.colcon_parallel_executor.executor.parallel:run_until_complete
[0.708s] INFO:colcon.colcon_ros.task.ament_python.build:Building ROS package in '/home/simkh005/4551_proj_ws/src/color_detector_pkg' with build type 'ament_python'
[0.709s] Level 1:colcon.colcon_core.shell:create_environment_hook('color_detector_pkg', 'ament_prefix_path')
[0.711s] INFO:colcon.colcon_core.plugin_system:Skipping extension 'colcon_core.shell.bat': Not used on non-Windows systems
[0.711s] INFO:colcon.colcon_core.shell:Creating environment hook '/home/simkh005/4551_proj_ws/install/color_detector_pkg/share/color_detector_pkg/hook/ament_prefix_path.ps1'
[0.712s] INFO:colcon.colcon_core.shell:Creating environment descriptor '/home/simkh005/4551_proj_ws/install/color_detector_pkg/share/color_detector_pkg/hook/ament_prefix_path.dsv'
[0.713s] INFO:colcon.colcon_core.shell:Creating environment hook '/home/simkh005/4551_proj_ws/install/color_detector_pkg/share/color_detector_pkg/hook/ament_prefix_path.sh'
[0.714s] INFO:colcon.colcon_core.shell:Skip shell extension 'powershell' for command environment: Not usable outside of PowerShell
[0.714s] DEBUG:colcon.colcon_core.shell:Skip shell extension 'dsv' for command environment
[0.718s] INFO:colcon.colcon_ros.task.ament_python.build:Building ROS package in '/home/simkh005/4551_proj_ws/src/env_assets_pkg' with build type 'ament_python'
[0.718s] Level 1:colcon.colcon_core.shell:create_environment_hook('env_assets_pkg', 'ament_prefix_path')
[0.718s] INFO:colcon.colcon_core.shell:Creating environment hook '/home/simkh005/4551_proj_ws/install/env_assets_pkg/share/env_assets_pkg/hook/ament_prefix_path.ps1'
[0.719s] INFO:colcon.colcon_core.shell:Creating environment descriptor '/home/simkh005/4551_proj_ws/install/env_assets_pkg/share/env_assets_pkg/hook/ament_prefix_path.dsv'
[0.720s] INFO:colcon.colcon_core.shell:Creating environment hook '/home/simkh005/4551_proj_ws/install/env_assets_pkg/share/env_assets_pkg/hook/ament_prefix_path.sh'
[0.721s] INFO:colcon.colcon_core.shell:Skip shell extension 'powershell' for command environment: Not usable outside of PowerShell
[0.721s] DEBUG:colcon.colcon_core.shell:Skip shell extension 'dsv' for command environment
[0.725s] INFO:colcon.colcon_ros.task.ament_python.build:Building ROS package in '/home/simkh005/4551_proj_ws/src/nav_pkg' with build type 'ament_python'
[0.725s] Level 1:colcon.colcon_core.shell:create_environment_hook('nav_pkg', 'ament_prefix_path')
[0.726s] INFO:colcon.colcon_core.shell:Creating environment hook '/home/simkh005/4551_proj_ws/install/nav_pkg/share/nav_pkg/hook/ament_prefix_path.ps1'
[0.727s] INFO:colcon.colcon_core.shell:Creating environment descriptor '/home/simkh005/4551_proj_ws/install/nav_pkg/share/nav_pkg/hook/ament_prefix_path.dsv'
[0.727s] INFO:colcon.colcon_core.shell:Creating environment hook '/home/simkh005/4551_proj_ws/install/nav_pkg/share/nav_pkg/hook/ament_prefix_path.sh'
[0.728s] INFO:colcon.colcon_core.shell:Skip shell extension 'powershell' for command environment: Not usable outside of PowerShell
[0.728s] DEBUG:colcon.colcon_core.shell:Skip shell extension 'dsv' for command environment
[1.000s] INFO:colcon.colcon_core.task.python.build:Building Python package in '/home/simkh005/4551_proj_ws/src/color_detector_pkg'
[1.001s] INFO:colcon.colcon_core.shell:Skip shell extension 'powershell' for command environment: Not usable outside of PowerShell
[1.001s] DEBUG:colcon.colcon_core.shell:Skip shell extension 'dsv' for command environment
[1.322s] INFO:colcon.colcon_core.task.python.build:Building Python package in '/home/simkh005/4551_proj_ws/src/env_assets_pkg'
[1.322s] INFO:colcon.colcon_core.shell:Skip shell extension 'powershell' for command environment: Not usable outside of PowerShell
[1.322s] DEBUG:colcon.colcon_core.shell:Skip shell extension 'dsv' for command environment
[1.660s] INFO:colcon.colcon_core.task.python.build:Building Python package in '/home/simkh005/4551_proj_ws/src/nav_pkg'
[1.660s] INFO:colcon.colcon_core.shell:Skip shell extension 'powershell' for command environment: Not usable outside of PowerShell
[1.660s] DEBUG:colcon.colcon_core.shell:Skip shell extension 'dsv' for command environment
[2.536s] DEBUG:colcon.colcon_core.event_handler.log_command:Invoking command in '/home/simkh005/4551_proj_ws/src/nav_pkg': PYTHONPATH=/home/simkh005/4551_proj_ws/build/nav_pkg/prefix_override:/usr/lib/python3/dist-packages/colcon_core/task/python/colcon_distutils_commands:/home/simkh005/4551_proj_ws/install/nav_pkg/lib/python3.12/site-packages:${PYTHONPATH} /usr/bin/python3 -W ignore:setup.py install is deprecated -W ignore:easy_install command is deprecated setup.py egg_info --egg-base ../../build/nav_pkg build --build-base /home/simkh005/4551_proj_ws/build/nav_pkg/build install --record /home/simkh005/4551_proj_ws/build/nav_pkg/install.log --single-version-externally-managed install_data
[2.555s] DEBUG:colcon.colcon_core.event_handler.log_command:Invoking command in '/home/simkh005/4551_proj_ws/src/env_assets_pkg': PYTHONPATH=/home/simkh005/4551_proj_ws/build/env_assets_pkg/prefix_override:/usr/lib/python3/dist-packages/colcon_core/task/python/colcon_distutils_commands:/home/simkh005/4551_proj_ws/install/env_assets_pkg/lib/python3.12/site-packages:${PYTHONPATH} /usr/bin/python3 -W ignore:setup.py install is deprecated -W ignore:easy_install command is deprecated setup.py egg_info --egg-base ../../build/env_assets_pkg build --build-base /home/simkh005/4551_proj_ws/build/env_assets_pkg/build install --record /home/simkh005/4551_proj_ws/build/env_assets_pkg/install.log --single-version-externally-managed install_data
[2.565s] DEBUG:colcon.colcon_core.event_handler.log_command:Invoking command in '/home/simkh005/4551_proj_ws/src/color_detector_pkg': PYTHONPATH=/home/simkh005/4551_proj_ws/build/color_detector_pkg/prefix_override:/usr/lib/python3/dist-packages/colcon_core/task/python/colcon_distutils_commands:/home/simkh005/4551_proj_ws/install/color_detector_pkg/lib/python3.12/site-packages:${PYTHONPATH} /usr/bin/python3 -W ignore:setup.py install is deprecated -W ignore:easy_install command is deprecated setup.py egg_info --egg-base ../../build/color_detector_pkg build --build-base /home/simkh005/4551_proj_ws/build/color_detector_pkg/build install --record /home/simkh005/4551_proj_ws/build/color_detector_pkg/install.log --single-version-externally-managed install_data
[3.278s] DEBUG:colcon.colcon_core.event_handler.log_command:Invoked command in '/home/simkh005/4551_proj_ws/src/nav_pkg' returned '0': PYTHONPATH=/home/simkh005/4551_proj_ws/build/nav_pkg/prefix_override:/usr/lib/python3/dist-packages/colcon_core/task/python/colcon_distutils_commands:/home/simkh005/4551_proj_ws/install/nav_pkg/lib/python3.12/site-packages:${PYTHONPATH} /usr/bin/python3 -W ignore:setup.py install is deprecated -W ignore:easy_install command is deprecated setup.py egg_info --egg-base ../../build/nav_pkg build --build-base /home/simkh005/4551_proj_ws/build/nav_pkg/build install --record /home/simkh005/4551_proj_ws/build/nav_pkg/install.log --single-version-externally-managed install_data
[3.281s] Level 1:colcon.colcon_core.environment:checking '/home/simkh005/4551_proj_ws/install/nav_pkg' for CMake module files
[3.282s] Level 1:colcon.colcon_core.environment:checking '/home/simkh005/4551_proj_ws/install/nav_pkg' for CMake config files
[3.283s] Level 1:colcon.colcon_core.environment:checking '/home/simkh005/4551_proj_ws/install/nav_pkg/lib'
[3.283s] Level 1:colcon.colcon_core.environment:checking '/home/simkh005/4551_proj_ws/install/nav_pkg/bin'
[3.284s] Level 1:colcon.colcon_core.environment:checking '/home/simkh005/4551_proj_ws/install/nav_pkg/lib/pkgconfig/nav_pkg.pc'
[3.284s] Level 1:colcon.colcon_core.environment:checking '/home/simkh005/4551_proj_ws/install/nav_pkg/lib/python3.12/site-packages'
[3.284s] Level 1:colcon.colcon_core.shell:create_environment_hook('nav_pkg', 'pythonpath')
[3.285s] INFO:colcon.colcon_core.shell:Creating environment hook '/home/simkh005/4551_proj_ws/install/nav_pkg/share/nav_pkg/hook/pythonpath.ps1'
[3.286s] INFO:colcon.colcon_core.shell:Creating environment descriptor '/home/simkh005/4551_proj_ws/install/nav_pkg/share/nav_pkg/hook/pythonpath.dsv'
[3.287s] INFO:colcon.colcon_core.shell:Creating environment hook '/home/simkh005/4551_proj_ws/install/nav_pkg/share/nav_pkg/hook/pythonpath.sh'
[3.288s] Level 1:colcon.colcon_core.environment:checking '/home/simkh005/4551_proj_ws/install/nav_pkg/bin'
[3.288s] Level 1:colcon.colcon_core.environment:create_environment_scripts_only(nav_pkg)
[3.288s] INFO:colcon.colcon_core.shell:Creating package script '/home/simkh005/4551_proj_ws/install/nav_pkg/share/nav_pkg/package.ps1'
[3.290s] INFO:colcon.colcon_core.shell:Creating package descriptor '/home/simkh005/4551_proj_ws/install/nav_pkg/share/nav_pkg/package.dsv'
[3.291s] INFO:colcon.colcon_core.shell:Creating package script '/home/simkh005/4551_proj_ws/install/nav_pkg/share/nav_pkg/package.sh'
[3.293s] INFO:colcon.colcon_core.shell:Creating package script '/home/simkh005/4551_proj_ws/install/nav_pkg/share/nav_pkg/package.bash'
[3.294s] INFO:colcon.colcon_core.shell:Creating package script '/home/simkh005/4551_proj_ws/install/nav_pkg/share/nav_pkg/package.zsh'
[3.296s] Level 1:colcon.colcon_core.environment:create_file_with_runtime_dependencies(/home/simkh005/4551_proj_ws/install/nav_pkg/share/colcon-core/packages/nav_pkg)
[3.330s] Level 1:colcon.colcon_core.environment:checking '/home/simkh005/4551_proj_ws/install/color_detector_pkg' for CMake module files
[3.332s] DEBUG:colcon.colcon_core.event_handler.log_command:Invoked command in '/home/simkh005/4551_proj_ws/src/color_detector_pkg' returned '0': PYTHONPATH=/home/simkh005/4551_proj_ws/build/color_detector_pkg/prefix_override:/usr/lib/python3/dist-packages/colcon_core/task/python/colcon_distutils_commands:/home/simkh005/4551_proj_ws/install/color_detector_pkg/lib/python3.12/site-packages:${PYTHONPATH} /usr/bin/python3 -W ignore:setup.py install is deprecated -W ignore:easy_install command is deprecated setup.py egg_info --egg-base ../../build/color_detector_pkg build --build-base /home/simkh005/4551_proj_ws/build/color_detector_pkg/build install --record /home/simkh005/4551_proj_ws/build/color_detector_pkg/install.log --single-version-externally-managed install_data
[3.333s] Level 1:colcon.colcon_core.environment:checking '/home/simkh005/4551_proj_ws/install/color_detector_pkg' for CMake config files
[3.334s] Level 1:colcon.colcon_core.environment:checking '/home/simkh005/4551_proj_ws/install/color_detector_pkg/lib'
[3.334s] Level 1:colcon.colcon_core.environment:checking '/home/simkh005/4551_proj_ws/install/color_detector_pkg/bin'
[3.334s] Level 1:colcon.colcon_core.environment:checking '/home/simkh005/4551_proj_ws/install/color_detector_pkg/lib/pkgconfig/color_detector_pkg.pc'
[3.335s] Level 1:colcon.colcon_core.environment:checking '/home/simkh005/4551_proj_ws/install/color_detector_pkg/lib/python3.12/site-packages'
[3.335s] Level 1:colcon.colcon_core.shell:create_environment_hook('color_detector_pkg', 'pythonpath')
[3.335s] INFO:colcon.colcon_core.shell:Creating environment hook '/home/simkh005/4551_proj_ws/install/color_detector_pkg/share/color_detector_pkg/hook/pythonpath.ps1'
[3.336s] INFO:colcon.colcon_core.shell:Creating environment descriptor '/home/simkh005/4551_proj_ws/install/color_detector_pkg/share/color_detector_pkg/hook/pythonpath.dsv'
[3.337s] INFO:colcon.colcon_core.shell:Creating environment hook '/home/simkh005/4551_proj_ws/install/color_detector_pkg/share/color_detector_pkg/hook/pythonpath.sh'
[3.337s] Level 1:colcon.colcon_core.environment:checking '/home/simkh005/4551_proj_ws/install/color_detector_pkg/bin'
[3.337s] Level 1:colcon.colcon_core.environment:create_environment_scripts_only(color_detector_pkg)
[3.338s] INFO:colcon.colcon_core.shell:Creating package script '/home/simkh005/4551_proj_ws/install/color_detector_pkg/share/color_detector_pkg/package.ps1'
[3.339s] INFO:colcon.colcon_core.shell:Creating package descriptor '/home/simkh005/4551_proj_ws/install/color_detector_pkg/share/color_detector_pkg/package.dsv'
[3.339s] INFO:colcon.colcon_core.shell:Creating package script '/home/simkh005/4551_proj_ws/install/color_detector_pkg/share/color_detector_pkg/package.sh'
[3.340s] INFO:colcon.colcon_core.shell:Creating package script '/home/simkh005/4551_proj_ws/install/color_detector_pkg/share/color_detector_pkg/package.bash'
[3.341s] INFO:colcon.colcon_core.shell:Creating package script '/home/simkh005/4551_proj_ws/install/color_detector_pkg/share/color_detector_pkg/package.zsh'
[3.341s] Level 1:colcon.colcon_core.environment:create_file_with_runtime_dependencies(/home/simkh005/4551_proj_ws/install/color_detector_pkg/share/colcon-core/packages/color_detector_pkg)
[3.343s] Level 1:colcon.colcon_core.environment:checking '/home/simkh005/4551_proj_ws/install/env_assets_pkg' for CMake module files
[3.345s] Level 1:colcon.colcon_core.environment:checking '/home/simkh005/4551_proj_ws/install/env_assets_pkg' for CMake config files
[3.347s] DEBUG:colcon.colcon_core.event_handler.log_command:Invoked command in '/home/simkh005/4551_proj_ws/src/env_assets_pkg' returned '0': PYTHONPATH=/home/simkh005/4551_proj_ws/build/env_assets_pkg/prefix_override:/usr/lib/python3/dist-packages/colcon_core/task/python/colcon_distutils_commands:/home/simkh005/4551_proj_ws/install/env_assets_pkg/lib/python3.12/site-packages:${PYTHONPATH} /usr/bin/python3 -W ignore:setup.py install is deprecated -W ignore:easy_install command is deprecated setup.py egg_info --egg-base ../../build/env_assets_pkg build --build-base /home/simkh005/4551_proj_ws/build/env_assets_pkg/build install --record /home/simkh005/4551_proj_ws/build/env_assets_pkg/install.log --single-version-externally-managed install_data
[3.348s] Level 1:colcon.colcon_core.environment:checking '/home/simkh005/4551_proj_ws/install/env_assets_pkg/lib'
[3.348s] Level 1:colcon.colcon_core.environment:checking '/home/simkh005/4551_proj_ws/install/env_assets_pkg/bin'
[3.348s] Level 1:colcon.colcon_core.environment:checking '/home/simkh005/4551_proj_ws/install/env_assets_pkg/lib/pkgconfig/env_assets_pkg.pc'
[3.349s] Level 1:colcon.colcon_core.environment:checking '/home/simkh005/4551_proj_ws/install/env_assets_pkg/lib/python3.12/site-packages'
[3.349s] Level 1:colcon.colcon_core.shell:create_environment_hook('env_assets_pkg', 'pythonpath')
[3.349s] INFO:colcon.colcon_core.shell:Creating environment hook '/home/simkh005/4551_proj_ws/install/env_assets_pkg/share/env_assets_pkg/hook/pythonpath.ps1'
[3.350s] INFO:colcon.colcon_core.shell:Creating environment descriptor '/home/simkh005/4551_proj_ws/install/env_assets_pkg/share/env_assets_pkg/hook/pythonpath.dsv'
[3.350s] INFO:colcon.colcon_core.shell:Creating environment hook '/home/simkh005/4551_proj_ws/install/env_assets_pkg/share/env_assets_pkg/hook/pythonpath.sh'
[3.351s] Level 1:colcon.colcon_core.environment:checking '/home/simkh005/4551_proj_ws/install/env_assets_pkg/bin'
[3.351s] Level 1:colcon.colcon_core.environment:create_environment_scripts_only(env_assets_pkg)
[3.351s] INFO:colcon.colcon_core.shell:Creating package script '/home/simkh005/4551_proj_ws/install/env_assets_pkg/share/env_assets_pkg/package.ps1'
[3.352s] INFO:colcon.colcon_core.shell:Creating package descriptor '/home/simkh005/4551_proj_ws/install/env_assets_pkg/share/env_assets_pkg/package.dsv'
[3.353s] INFO:colcon.colcon_core.shell:Creating package script '/home/simkh005/4551_proj_ws/install/env_assets_pkg/share/env_assets_pkg/package.sh'
[3.353s] INFO:colcon.colcon_core.shell:Creating package script '/home/simkh005/4551_proj_ws/install/env_assets_pkg/share/env_assets_pkg/package.bash'
[3.354s] INFO:colcon.colcon_core.shell:Creating package script '/home/simkh005/4551_proj_ws/install/env_assets_pkg/share/env_assets_pkg/package.zsh'
[3.355s] Level 1:colcon.colcon_core.environment:create_file_with_runtime_dependencies(/home/simkh005/4551_proj_ws/install/env_assets_pkg/share/colcon-core/packages/env_assets_pkg)
[3.355s] DEBUG:colcon.colcon_parallel_executor.executor.parallel:closing loop
[3.356s] DEBUG:colcon.colcon_parallel_executor.executor.parallel:loop closed
[3.357s] DEBUG:colcon.colcon_parallel_executor.executor.parallel:run_until_complete finished with '0'
[3.357s] DEBUG:colcon.colcon_core.event_reactor:joining thread
[3.552s] INFO:colcon.colcon_core.plugin_system:Skipping extension 'colcon_notification.desktop_notification.notify_send': Could not find 'notify-send'
[3.552s] INFO:colcon.colcon_core.plugin_system:Skipping extension 'colcon_notification.desktop_notification.terminal_notifier': Not used on non-Darwin systems
[3.552s] INFO:colcon.colcon_core.plugin_system:Skipping extension 'colcon_notification.desktop_notification.win32': Not used on non-Windows systems
[3.552s] INFO:colcon.colcon_notification.desktop_notification:Sending desktop notification using 'notify2'
[3.554s] DEBUG:colcon.colcon_notification.desktop_notification.notify2:Failed to initialize notify2: org.freedesktop.DBus.Error.ServiceUnknown: The name org.freedesktop.Notifications was not provided by any .service files
[3.555s] DEBUG:colcon.colcon_core.event_reactor:joined thread
[3.555s] INFO:colcon.colcon_core.shell:Creating prefix script '/home/simkh005/4551_proj_ws/install/local_setup.ps1'
[3.556s] INFO:colcon.colcon_core.shell:Creating prefix util module '/home/simkh005/4551_proj_ws/install/_local_setup_util_ps1.py'
[3.557s] INFO:colcon.colcon_core.shell:Creating prefix chain script '/home/simkh005/4551_proj_ws/install/setup.ps1'
[3.559s] INFO:colcon.colcon_core.shell:Creating prefix script '/home/simkh005/4551_proj_ws/install/local_setup.sh'
[3.560s] INFO:colcon.colcon_core.shell:Creating prefix util module '/home/simkh005/4551_proj_ws/install/_local_setup_util_sh.py'
[3.560s] INFO:colcon.colcon_core.shell:Creating prefix chain script '/home/simkh005/4551_proj_ws/install/setup.sh'
[3.562s] INFO:colcon.colcon_core.shell:Creating prefix script '/home/simkh005/4551_proj_ws/install/local_setup.bash'
[3.562s] INFO:colcon.colcon_core.shell:Creating prefix chain script '/home/simkh005/4551_proj_ws/install/setup.bash'
[3.564s] INFO:colcon.colcon_core.shell:Creating prefix script '/home/simkh005/4551_proj_ws/install/local_setup.zsh'
[3.564s] INFO:colcon.colcon_core.shell:Creating prefix chain script '/home/simkh005/4551_proj_ws/install/setup.zsh'
