[1.272s] Invoking command in '/home/simkh005/4551_proj_ws/src/nav_pkg': PYTHONPATH=/home/simkh005/4551_proj_ws/build/nav_pkg/prefix_override:/usr/lib/python3/dist-packages/colcon_core/task/python/colcon_distutils_commands:/home/simkh005/4551_proj_ws/install/nav_pkg/lib/python3.12/site-packages:${PYTHONPATH} /usr/bin/python3 -W ignore:setup.py install is deprecated -W ignore:easy_install command is deprecated setup.py egg_info --egg-base ../../build/nav_pkg build --build-base /home/simkh005/4551_proj_ws/build/nav_pkg/build install --record /home/simkh005/4551_proj_ws/build/nav_pkg/install.log --single-version-externally-managed install_data
[1.543s] running egg_info
[1.561s] writing ../../build/nav_pkg/nav_pkg.egg-info/PKG-INFO
[1.562s] writing dependency_links to ../../build/nav_pkg/nav_pkg.egg-info/dependency_links.txt
[1.562s] writing requirements to ../../build/nav_pkg/nav_pkg.egg-info/requires.txt
[1.563s] writing top-level names to ../../build/nav_pkg/nav_pkg.egg-info/top_level.txt
[1.601s] reading manifest file '../../build/nav_pkg/nav_pkg.egg-info/SOURCES.txt'
[1.602s] writing manifest file '../../build/nav_pkg/nav_pkg.egg-info/SOURCES.txt'
[1.602s] running build
[1.603s] running build_py
[1.603s] running install
[1.611s] running install_lib
[1.635s] running install_data
[1.635s] copying launch/spawn_tb3.launch.py -> /home/simkh005/4551_proj_ws/install/nav_pkg/share/nav_pkg/launch
[1.635s] running install_egg_info
[1.659s] removing '/home/simkh005/4551_proj_ws/install/nav_pkg/lib/python3.12/site-packages/nav_pkg-0.0.0-py3.12.egg-info' (and everything under it)
[1.659s] Copying ../../build/nav_pkg/nav_pkg.egg-info to /home/simkh005/4551_proj_ws/install/nav_pkg/lib/python3.12/site-packages/nav_pkg-0.0.0-py3.12.egg-info
[1.660s] running install_scripts
[1.801s] writing list of installed files to '/home/simkh005/4551_proj_ws/build/nav_pkg/install.log'
[1.855s] Invoked command in '/home/simkh005/4551_proj_ws/src/nav_pkg' returned '0': PYTHONPATH=/home/simkh005/4551_proj_ws/build/nav_pkg/prefix_override:/usr/lib/python3/dist-packages/colcon_core/task/python/colcon_distutils_commands:/home/simkh005/4551_proj_ws/install/nav_pkg/lib/python3.12/site-packages:${PYTHONPATH} /usr/bin/python3 -W ignore:setup.py install is deprecated -W ignore:easy_install command is deprecated setup.py egg_info --egg-base ../../build/nav_pkg build --build-base /home/simkh005/4551_proj_ws/build/nav_pkg/build install --record /home/simkh005/4551_proj_ws/build/nav_pkg/install.log --single-version-externally-managed install_data
