[0.097s] DEBUG:colcon:Command line arguments: ['/usr/bin/colcon', 'build']
[0.097s] DEBUG:colcon:Parsed command line arguments: Namespace(log_base=None, log_level=None, verb_name='build', build_base='build', install_base='install', merge_install=False, symlink_install=False, test_result_base=None, continue_on_error=False, executor='parallel', parallel_workers=16, event_handlers=None, ignore_user_meta=False, metas=['./colcon.meta'], base_paths=['.'], packages_ignore=None, packages_ignore_regex=None, paths=None, packages_up_to=None, packages_up_to_regex=None, packages_above=None, packages_above_and_dependencies=None, packages_above_depth=None, packages_select_by_dep=None, packages_skip_by_dep=None, packages_skip_up_to=None, packages_select_build_failed=False, packages_skip_build_finished=False, packages_select_test_failures=False, packages_skip_test_passed=False, packages_select=None, packages_skip=None, packages_select_regex=None, packages_skip_regex=None, packages_start=None, packages_end=None, allow_overriding=[], cmake_args=None, cmake_target=None, cmake_target_skip_unavailable=False, cmake_clean_cache=False, cmake_clean_first=False, cmake_force_configure=False, ament_cmake_args=None, catkin_cmake_args=None, catkin_skip_building_tests=False, verb_parser=<colcon_defaults.argument_parser.defaults.DefaultArgumentsDecorator object at 0x721e64d3d460>, verb_extension=<colcon_core.verb.build.BuildVerb object at 0x721e64d3d280>, main=<bound method BuildVerb.main of <colcon_core.verb.build.BuildVerb object at 0x721e64d3d280>>)
[0.143s] Level 1:colcon.colcon_core.package_discovery:discover_packages(colcon_meta) check parameters
[0.144s] Level 1:colcon.colcon_core.package_discovery:discover_packages(recursive) check parameters
[0.144s] Level 1:colcon.colcon_core.package_discovery:discover_packages(ignore) check parameters
[0.144s] Level 1:colcon.colcon_core.package_discovery:discover_packages(path) check parameters
[0.144s] Level 1:colcon.colcon_core.package_discovery:discover_packages(colcon_meta) discover
[0.145s] Level 1:colcon.colcon_core.package_discovery:discover_packages(recursive) discover
[0.146s] INFO:colcon.colcon_core.package_discovery:Crawling recursively for packages in '/home/killi167/CSCI4551 Final Project/ColorTrackingRobot'
[0.148s] Level 1:colcon.colcon_core.package_identification:_identify(.) by extensions ['ignore', 'ignore_ament_install']
[0.148s] Level 1:colcon.colcon_core.package_identification:_identify(.) by extension 'ignore'
[0.151s] Level 1:colcon.colcon_core.package_identification:_identify(.) by extension 'ignore_ament_install'
[0.152s] Level 1:colcon.colcon_core.package_identification:_identify(.) by extensions ['colcon_pkg']
[0.153s] Level 1:colcon.colcon_core.package_identification:_identify(.) by extension 'colcon_pkg'
[0.153s] Level 1:colcon.colcon_core.package_identification:_identify(.) by extensions ['colcon_meta']
[0.154s] Level 1:colcon.colcon_core.package_identification:_identify(.) by extension 'colcon_meta'
[0.154s] Level 1:colcon.colcon_core.package_identification:_identify(.) by extensions ['ros']
[0.156s] Level 1:colcon.colcon_core.package_identification:_identify(.) by extension 'ros'
[0.179s] Level 1:colcon.colcon_core.package_identification:_identify(.) by extensions ['cmake', 'python']
[0.179s] Level 1:colcon.colcon_core.package_identification:_identify(.) by extension 'cmake'
[0.179s] Level 1:colcon.colcon_core.package_identification:_identify(.) by extension 'python'
[0.181s] Level 1:colcon.colcon_core.package_identification:_identify(.) by extensions ['python_setup_py']
[0.183s] Level 1:colcon.colcon_core.package_identification:_identify(.) by extension 'python_setup_py'
[0.185s] Level 1:colcon.colcon_core.package_identification:_identify(build) by extensions ['ignore', 'ignore_ament_install']
[0.185s] Level 1:colcon.colcon_core.package_identification:_identify(build) by extension 'ignore'
[0.187s] Level 1:colcon.colcon_core.package_identification:_identify(build) ignored
[0.192s] Level 1:colcon.colcon_core.package_identification:_identify(install) by extensions ['ignore', 'ignore_ament_install']
[0.192s] Level 1:colcon.colcon_core.package_identification:_identify(install) by extension 'ignore'
[0.194s] Level 1:colcon.colcon_core.package_identification:_identify(install) ignored
[0.196s] Level 1:colcon.colcon_core.package_identification:_identify(log) by extensions ['ignore', 'ignore_ament_install']
[0.196s] Level 1:colcon.colcon_core.package_identification:_identify(log) by extension 'ignore'
[0.198s] Level 1:colcon.colcon_core.package_identification:_identify(log) ignored
[0.201s] Level 1:colcon.colcon_core.package_identification:_identify(src) by extensions ['ignore', 'ignore_ament_install']
[0.202s] Level 1:colcon.colcon_core.package_identification:_identify(src) by extension 'ignore'
[0.204s] Level 1:colcon.colcon_core.package_identification:_identify(src) by extension 'ignore_ament_install'
[0.207s] Level 1:colcon.colcon_core.package_identification:_identify(src) by extensions ['colcon_pkg']
[0.208s] Level 1:colcon.colcon_core.package_identification:_identify(src) by extension 'colcon_pkg'
[0.210s] Level 1:colcon.colcon_core.package_identification:_identify(src) by extensions ['colcon_meta']
[0.212s] Level 1:colcon.colcon_core.package_identification:_identify(src) by extension 'colcon_meta'
[0.212s] Level 1:colcon.colcon_core.package_identification:_identify(src) by extensions ['ros']
[0.298s] Level 1:colcon.colcon_core.package_identification:_identify(src) by extension 'ros'
[0.303s] Level 1:colcon.colcon_core.package_identification:_identify(src) by extensions ['cmake', 'python']
[0.307s] Level 1:colcon.colcon_core.package_identification:_identify(src) by extension 'cmake'
[0.307s] Level 1:colcon.colcon_core.package_identification:_identify(src) by extension 'python'
[0.310s] Level 1:colcon.colcon_core.package_identification:_identify(src) by extensions ['python_setup_py']
[0.310s] Level 1:colcon.colcon_core.package_identification:_identify(src) by extension 'python_setup_py'
[0.315s] Level 1:colcon.colcon_core.package_identification:_identify(src/color_detector_pkg) by extensions ['ignore', 'ignore_ament_install']
[0.316s] Level 1:colcon.colcon_core.package_identification:_identify(src/color_detector_pkg) by extension 'ignore'
[0.319s] Level 1:colcon.colcon_core.package_identification:_identify(src/color_detector_pkg) by extension 'ignore_ament_install'
[0.322s] Level 1:colcon.colcon_core.package_identification:_identify(src/color_detector_pkg) by extensions ['colcon_pkg']
[0.324s] Level 1:colcon.colcon_core.package_identification:_identify(src/color_detector_pkg) by extension 'colcon_pkg'
[0.324s] Level 1:colcon.colcon_core.package_identification:_identify(src/color_detector_pkg) by extensions ['colcon_meta']
[0.326s] Level 1:colcon.colcon_core.package_identification:_identify(src/color_detector_pkg) by extension 'colcon_meta'
[0.326s] Level 1:colcon.colcon_core.package_identification:_identify(src/color_detector_pkg) by extensions ['ros']
[0.329s] Level 1:colcon.colcon_core.package_identification:_identify(src/color_detector_pkg) by extension 'ros'
[0.335s] DEBUG:colcon.colcon_core.package_identification:Package 'src/color_detector_pkg' with type 'ros.ament_python' and name 'color_detector_pkg'
[0.336s] Level 1:colcon.colcon_core.package_identification:_identify(src/env_assets_pkg) by extensions ['ignore', 'ignore_ament_install']
[0.338s] Level 1:colcon.colcon_core.package_identification:_identify(src/env_assets_pkg) by extension 'ignore'
[0.341s] Level 1:colcon.colcon_core.package_identification:_identify(src/env_assets_pkg) by extension 'ignore_ament_install'
[0.344s] Level 1:colcon.colcon_core.package_identification:_identify(src/env_assets_pkg) by extensions ['colcon_pkg']
[0.347s] Level 1:colcon.colcon_core.package_identification:_identify(src/env_assets_pkg) by extension 'colcon_pkg'
[0.347s] Level 1:colcon.colcon_core.package_identification:_identify(src/env_assets_pkg) by extensions ['colcon_meta']
[0.350s] Level 1:colcon.colcon_core.package_identification:_identify(src/env_assets_pkg) by extension 'colcon_meta'
[0.352s] Level 1:colcon.colcon_core.package_identification:_identify(src/env_assets_pkg) by extensions ['ros']
[0.354s] Level 1:colcon.colcon_core.package_identification:_identify(src/env_assets_pkg) by extension 'ros'
[0.359s] DEBUG:colcon.colcon_core.package_identification:Package 'src/env_assets_pkg' with type 'ros.ament_python' and name 'env_assets_pkg'
[0.359s] Level 1:colcon.colcon_core.package_identification:_identify(src/nav_pkg) by extensions ['ignore', 'ignore_ament_install']
[0.362s] Level 1:colcon.colcon_core.package_identification:_identify(src/nav_pkg) by extension 'ignore'
[0.363s] Level 1:colcon.colcon_core.package_identification:_identify(src/nav_pkg) by extension 'ignore_ament_install'
[0.365s] Level 1:colcon.colcon_core.package_identification:_identify(src/nav_pkg) by extensions ['colcon_pkg']
[0.366s] Level 1:colcon.colcon_core.package_identification:_identify(src/nav_pkg) by extension 'colcon_pkg'
[0.366s] Level 1:colcon.colcon_core.package_identification:_identify(src/nav_pkg) by extensions ['colcon_meta']
[0.368s] Level 1:colcon.colcon_core.package_identification:_identify(src/nav_pkg) by extension 'colcon_meta'
[0.368s] Level 1:colcon.colcon_core.package_identification:_identify(src/nav_pkg) by extensions ['ros']
[0.369s] Level 1:colcon.colcon_core.package_identification:_identify(src/nav_pkg) by extension 'ros'
[0.372s] DEBUG:colcon.colcon_core.package_identification:Package 'src/nav_pkg' with type 'ros.ament_python' and name 'nav_pkg'
[0.372s] Level 1:colcon.colcon_core.package_discovery:discover_packages(recursive) using defaults
[0.373s] Level 1:colcon.colcon_core.package_discovery:discover_packages(ignore) discover
[0.373s] Level 1:colcon.colcon_core.package_discovery:discover_packages(ignore) using defaults
[0.374s] Level 1:colcon.colcon_core.package_discovery:discover_packages(path) discover
[0.374s] Level 1:colcon.colcon_core.package_discovery:discover_packages(path) using defaults
[0.396s] Level 1:colcon.colcon_core.package_discovery:discover_packages(prefix_path) check parameters
[0.396s] Level 1:colcon.colcon_core.package_discovery:discover_packages(prefix_path) discover
[0.396s] WARNING:colcon.colcon_core.prefix_path.colcon:The path '/home/killi167/CSCI4551 Final Project/ColorTrackingRobot/src/install' in the environment variable COLCON_PREFIX_PATH doesn't exist
[0.397s] WARNING:colcon.colcon_ros.prefix_path.ament:The path '/home/killi167/CSCI4551 Final Project/ColorTrackingRobot/src/install/nav_pkg' in the environment variable AMENT_PREFIX_PATH doesn't exist
[0.399s] WARNING:colcon.colcon_ros.prefix_path.ament:The path '/home/killi167/CSCI4551 Final Project/ColorTrackingRobot/src/install/env_assets_pkg' in the environment variable AMENT_PREFIX_PATH doesn't exist
[0.399s] WARNING:colcon.colcon_ros.prefix_path.ament:The path '/home/killi167/CSCI4551 Final Project/ColorTrackingRobot/src/install/color_detector_pkg' in the environment variable AMENT_PREFIX_PATH doesn't exist
[0.401s] WARNING:colcon.colcon_ros.prefix_path.ament:The path '/home/killi167/CSCI4551 Final Project/ColorTrackingRobot/install/nav_pkg' in the environment variable AMENT_PREFIX_PATH doesn't exist
[0.402s] WARNING:colcon.colcon_ros.prefix_path.ament:The path '/home/killi167/CSCI4551 Final Project/ColorTrackingRobot/install/env_assets_pkg' in the environment variable AMENT_PREFIX_PATH doesn't exist
[0.404s] WARNING:colcon.colcon_ros.prefix_path.ament:The path '/home/killi167/CSCI4551 Final Project/ColorTrackingRobot/install/color_detector_pkg' in the environment variable AMENT_PREFIX_PATH doesn't exist
[0.409s] DEBUG:colcon.colcon_installed_package_information.package_discovery:Found 0 installed packages in /home/killi167/CSCI4551 Final Project/ColorTrackingRobot/install
[0.412s] DEBUG:colcon.colcon_installed_package_information.package_discovery:Found 547 installed packages in /opt/ros/jazzy
[0.413s] Level 1:colcon.colcon_core.package_discovery:discover_packages(prefix_path) using defaults
[0.471s] Level 5:colcon.colcon_core.verb:set package 'color_detector_pkg' build argument 'cmake_args' from command line to 'None'
[0.471s] Level 5:colcon.colcon_core.verb:set package 'color_detector_pkg' build argument 'cmake_target' from command line to 'None'
[0.471s] Level 5:colcon.colcon_core.verb:set package 'color_detector_pkg' build argument 'cmake_target_skip_unavailable' from command line to 'False'
[0.471s] Level 5:colcon.colcon_core.verb:set package 'color_detector_pkg' build argument 'cmake_clean_cache' from command line to 'False'
[0.471s] Level 5:colcon.colcon_core.verb:set package 'color_detector_pkg' build argument 'cmake_clean_first' from command line to 'False'
[0.473s] Level 5:colcon.colcon_core.verb:set package 'color_detector_pkg' build argument 'cmake_force_configure' from command line to 'False'
[0.473s] Level 5:colcon.colcon_core.verb:set package 'color_detector_pkg' build argument 'ament_cmake_args' from command line to 'None'
[0.473s] Level 5:colcon.colcon_core.verb:set package 'color_detector_pkg' build argument 'catkin_cmake_args' from command line to 'None'
[0.474s] Level 5:colcon.colcon_core.verb:set package 'color_detector_pkg' build argument 'catkin_skip_building_tests' from command line to 'False'
[0.474s] DEBUG:colcon.colcon_core.verb:Building package 'color_detector_pkg' with the following arguments: {'ament_cmake_args': None, 'build_base': '/home/killi167/CSCI4551 Final Project/ColorTrackingRobot/build/color_detector_pkg', 'catkin_cmake_args': None, 'catkin_skip_building_tests': False, 'cmake_args': None, 'cmake_clean_cache': False, 'cmake_clean_first': False, 'cmake_force_configure': False, 'cmake_target': None, 'cmake_target_skip_unavailable': False, 'install_base': '/home/killi167/CSCI4551 Final Project/ColorTrackingRobot/install/color_detector_pkg', 'merge_install': False, 'path': '/home/killi167/CSCI4551 Final Project/ColorTrackingRobot/src/color_detector_pkg', 'symlink_install': False, 'test_result_base': None}
[0.476s] Level 5:colcon.colcon_core.verb:set package 'env_assets_pkg' build argument 'cmake_args' from command line to 'None'
[0.478s] Level 5:colcon.colcon_core.verb:set package 'env_assets_pkg' build argument 'cmake_target' from command line to 'None'
[0.478s] Level 5:colcon.colcon_core.verb:set package 'env_assets_pkg' build argument 'cmake_target_skip_unavailable' from command line to 'False'
[0.479s] Level 5:colcon.colcon_core.verb:set package 'env_assets_pkg' build argument 'cmake_clean_cache' from command line to 'False'
[0.480s] Level 5:colcon.colcon_core.verb:set package 'env_assets_pkg' build argument 'cmake_clean_first' from command line to 'False'
[0.480s] Level 5:colcon.colcon_core.verb:set package 'env_assets_pkg' build argument 'cmake_force_configure' from command line to 'False'
[0.482s] Level 5:colcon.colcon_core.verb:set package 'env_assets_pkg' build argument 'ament_cmake_args' from command line to 'None'
[0.482s] Level 5:colcon.colcon_core.verb:set package 'env_assets_pkg' build argument 'catkin_cmake_args' from command line to 'None'
[0.482s] Level 5:colcon.colcon_core.verb:set package 'env_assets_pkg' build argument 'catkin_skip_building_tests' from command line to 'False'
[0.482s] DEBUG:colcon.colcon_core.verb:Building package 'env_assets_pkg' with the following arguments: {'ament_cmake_args': None, 'build_base': '/home/killi167/CSCI4551 Final Project/ColorTrackingRobot/build/env_assets_pkg', 'catkin_cmake_args': None, 'catkin_skip_building_tests': False, 'cmake_args': None, 'cmake_clean_cache': False, 'cmake_clean_first': False, 'cmake_force_configure': False, 'cmake_target': None, 'cmake_target_skip_unavailable': False, 'install_base': '/home/killi167/CSCI4551 Final Project/ColorTrackingRobot/install/env_assets_pkg', 'merge_install': False, 'path': '/home/killi167/CSCI4551 Final Project/ColorTrackingRobot/src/env_assets_pkg', 'symlink_install': False, 'test_result_base': None}
[0.484s] Level 5:colcon.colcon_core.verb:set package 'nav_pkg' build argument 'cmake_args' from command line to 'None'
[0.485s] Level 5:colcon.colcon_core.verb:set package 'nav_pkg' build argument 'cmake_target' from command line to 'None'
[0.485s] Level 5:colcon.colcon_core.verb:set package 'nav_pkg' build argument 'cmake_target_skip_unavailable' from command line to 'False'
[0.485s] Level 5:colcon.colcon_core.verb:set package 'nav_pkg' build argument 'cmake_clean_cache' from command line to 'False'
[0.485s] Level 5:colcon.colcon_core.verb:set package 'nav_pkg' build argument 'cmake_clean_first' from command line to 'False'
[0.485s] Level 5:colcon.colcon_core.verb:set package 'nav_pkg' build argument 'cmake_force_configure' from command line to 'False'
[0.485s] Level 5:colcon.colcon_core.verb:set package 'nav_pkg' build argument 'ament_cmake_args' from command line to 'None'
[0.486s] Level 5:colcon.colcon_core.verb:set package 'nav_pkg' build argument 'catkin_cmake_args' from command line to 'None'
[0.486s] Level 5:colcon.colcon_core.verb:set package 'nav_pkg' build argument 'catkin_skip_building_tests' from command line to 'False'
[0.488s] DEBUG:colcon.colcon_core.verb:Building package 'nav_pkg' with the following arguments: {'ament_cmake_args': None, 'build_base': '/home/killi167/CSCI4551 Final Project/ColorTrackingRobot/build/nav_pkg', 'catkin_cmake_args': None, 'catkin_skip_building_tests': False, 'cmake_args': None, 'cmake_clean_cache': False, 'cmake_clean_first': False, 'cmake_force_configure': False, 'cmake_target': None, 'cmake_target_skip_unavailable': False, 'install_base': '/home/killi167/CSCI4551 Final Project/ColorTrackingRobot/install/nav_pkg', 'merge_install': False, 'path': '/home/killi167/CSCI4551 Final Project/ColorTrackingRobot/src/nav_pkg', 'symlink_install': False, 'test_result_base': None}
[0.488s] INFO:colcon.colcon_core.executor:Executing jobs using 'parallel' executor
[0.490s] DEBUG:colcon.colcon_parallel_executor.executor.parallel:run_until_complete
[0.491s] INFO:colcon.colcon_ros.task.ament_python.build:Building ROS package in '/home/killi167/CSCI4551 Final Project/ColorTrackingRobot/src/color_detector_pkg' with build type 'ament_python'
[0.491s] Level 1:colcon.colcon_core.shell:create_environment_hook('color_detector_pkg', 'ament_prefix_path')
[0.492s] INFO:colcon.colcon_core.plugin_system:Skipping extension 'colcon_core.shell.bat': Not used on non-Windows systems
[0.493s] INFO:colcon.colcon_core.shell:Creating environment hook '/home/killi167/CSCI4551 Final Project/ColorTrackingRobot/install/color_detector_pkg/share/color_detector_pkg/hook/ament_prefix_path.ps1'
[0.504s] INFO:colcon.colcon_core.shell:Creating environment descriptor '/home/killi167/CSCI4551 Final Project/ColorTrackingRobot/install/color_detector_pkg/share/color_detector_pkg/hook/ament_prefix_path.dsv'
[0.513s] INFO:colcon.colcon_core.shell:Creating environment hook '/home/killi167/CSCI4551 Final Project/ColorTrackingRobot/install/color_detector_pkg/share/color_detector_pkg/hook/ament_prefix_path.sh'
[0.519s] INFO:colcon.colcon_core.shell:Skip shell extension 'powershell' for command environment: Not usable outside of PowerShell
[0.519s] DEBUG:colcon.colcon_core.shell:Skip shell extension 'dsv' for command environment
[0.538s] INFO:colcon.colcon_ros.task.ament_python.build:Building ROS package in '/home/killi167/CSCI4551 Final Project/ColorTrackingRobot/src/env_assets_pkg' with build type 'ament_python'
[0.538s] Level 1:colcon.colcon_core.shell:create_environment_hook('env_assets_pkg', 'ament_prefix_path')
[0.540s] INFO:colcon.colcon_core.shell:Creating environment hook '/home/killi167/CSCI4551 Final Project/ColorTrackingRobot/install/env_assets_pkg/share/env_assets_pkg/hook/ament_prefix_path.ps1'
[0.552s] INFO:colcon.colcon_core.shell:Creating environment descriptor '/home/killi167/CSCI4551 Final Project/ColorTrackingRobot/install/env_assets_pkg/share/env_assets_pkg/hook/ament_prefix_path.dsv'
[0.558s] INFO:colcon.colcon_core.shell:Creating environment hook '/home/killi167/CSCI4551 Final Project/ColorTrackingRobot/install/env_assets_pkg/share/env_assets_pkg/hook/ament_prefix_path.sh'
[0.564s] INFO:colcon.colcon_core.shell:Skip shell extension 'powershell' for command environment: Not usable outside of PowerShell
[0.564s] DEBUG:colcon.colcon_core.shell:Skip shell extension 'dsv' for command environment
[0.586s] INFO:colcon.colcon_ros.task.ament_python.build:Building ROS package in '/home/killi167/CSCI4551 Final Project/ColorTrackingRobot/src/nav_pkg' with build type 'ament_python'
[0.586s] Level 1:colcon.colcon_core.shell:create_environment_hook('nav_pkg', 'ament_prefix_path')
[0.589s] INFO:colcon.colcon_core.shell:Creating environment hook '/home/killi167/CSCI4551 Final Project/ColorTrackingRobot/install/nav_pkg/share/nav_pkg/hook/ament_prefix_path.ps1'
[0.601s] INFO:colcon.colcon_core.shell:Creating environment descriptor '/home/killi167/CSCI4551 Final Project/ColorTrackingRobot/install/nav_pkg/share/nav_pkg/hook/ament_prefix_path.dsv'
[0.607s] INFO:colcon.colcon_core.shell:Creating environment hook '/home/killi167/CSCI4551 Final Project/ColorTrackingRobot/install/nav_pkg/share/nav_pkg/hook/ament_prefix_path.sh'
[0.612s] INFO:colcon.colcon_core.shell:Skip shell extension 'powershell' for command environment: Not usable outside of PowerShell
[0.612s] DEBUG:colcon.colcon_core.shell:Skip shell extension 'dsv' for command environment
[0.930s] INFO:colcon.colcon_core.task.python.build:Building Python package in '/home/killi167/CSCI4551 Final Project/ColorTrackingRobot/src/color_detector_pkg'
[0.930s] INFO:colcon.colcon_core.shell:Skip shell extension 'powershell' for command environment: Not usable outside of PowerShell
[0.932s] DEBUG:colcon.colcon_core.shell:Skip shell extension 'dsv' for command environment
[1.238s] INFO:colcon.colcon_core.task.python.build:Building Python package in '/home/killi167/CSCI4551 Final Project/ColorTrackingRobot/src/env_assets_pkg'
[1.238s] INFO:colcon.colcon_core.shell:Skip shell extension 'powershell' for command environment: Not usable outside of PowerShell
[1.240s] DEBUG:colcon.colcon_core.shell:Skip shell extension 'dsv' for command environment
[1.556s] INFO:colcon.colcon_core.task.python.build:Building Python package in '/home/killi167/CSCI4551 Final Project/ColorTrackingRobot/src/nav_pkg'
[1.556s] INFO:colcon.colcon_core.shell:Skip shell extension 'powershell' for command environment: Not usable outside of PowerShell
[1.559s] DEBUG:colcon.colcon_core.shell:Skip shell extension 'dsv' for command environment
[2.478s] DEBUG:colcon.colcon_core.event_handler.log_command:Invoking command in '/home/killi167/CSCI4551 Final Project/ColorTrackingRobot/src/color_detector_pkg': DEBUGINFOD_URLS=https://debuginfod.ubuntu.com PYTHONPATH=/home/killi167/CSCI4551 Final Project/ColorTrackingRobot/build/color_detector_pkg/prefix_override:/usr/lib/python3/dist-packages/colcon_core/task/python/colcon_distutils_commands:/home/killi167/CSCI4551 Final Project/ColorTrackingRobot/install/color_detector_pkg/lib/python3.12/site-packages:${PYTHONPATH} _=/usr/bin/env /usr/bin/python3 -W ignore:setup.py install is deprecated -W ignore:easy_install command is deprecated setup.py egg_info --egg-base ../../build/color_detector_pkg build --build-base /home/killi167/CSCI4551 Final Project/ColorTrackingRobot/build/color_detector_pkg/build install --record /home/killi167/CSCI4551 Final Project/ColorTrackingRobot/build/color_detector_pkg/install.log --single-version-externally-managed install_data
[2.497s] DEBUG:colcon.colcon_core.event_handler.log_command:Invoking command in '/home/killi167/CSCI4551 Final Project/ColorTrackingRobot/src/env_assets_pkg': DEBUGINFOD_URLS=https://debuginfod.ubuntu.com PYTHONPATH=/home/killi167/CSCI4551 Final Project/ColorTrackingRobot/build/env_assets_pkg/prefix_override:/usr/lib/python3/dist-packages/colcon_core/task/python/colcon_distutils_commands:/home/killi167/CSCI4551 Final Project/ColorTrackingRobot/install/env_assets_pkg/lib/python3.12/site-packages:${PYTHONPATH} _=/usr/bin/env /usr/bin/python3 -W ignore:setup.py install is deprecated -W ignore:easy_install command is deprecated setup.py egg_info --egg-base ../../build/env_assets_pkg build --build-base /home/killi167/CSCI4551 Final Project/ColorTrackingRobot/build/env_assets_pkg/build install --record /home/killi167/CSCI4551 Final Project/ColorTrackingRobot/build/env_assets_pkg/install.log --single-version-externally-managed install_data
[2.517s] DEBUG:colcon.colcon_core.event_handler.log_command:Invoking command in '/home/killi167/CSCI4551 Final Project/ColorTrackingRobot/src/nav_pkg': DEBUGINFOD_URLS=https://debuginfod.ubuntu.com PYTHONPATH=/home/killi167/CSCI4551 Final Project/ColorTrackingRobot/build/nav_pkg/prefix_override:/usr/lib/python3/dist-packages/colcon_core/task/python/colcon_distutils_commands:/home/killi167/CSCI4551 Final Project/ColorTrackingRobot/install/nav_pkg/lib/python3.12/site-packages:${PYTHONPATH} _=/usr/bin/env /usr/bin/python3 -W ignore:setup.py install is deprecated -W ignore:easy_install command is deprecated setup.py egg_info --egg-base ../../build/nav_pkg build --build-base /home/killi167/CSCI4551 Final Project/ColorTrackingRobot/build/nav_pkg/build install --record /home/killi167/CSCI4551 Final Project/ColorTrackingRobot/build/nav_pkg/install.log --single-version-externally-managed install_data
[3.713s] DEBUG:colcon.colcon_core.event_handler.log_command:Invoked command in '/home/killi167/CSCI4551 Final Project/ColorTrackingRobot/src/nav_pkg' returned '0': DEBUGINFOD_URLS=https://debuginfod.ubuntu.com PYTHONPATH=/home/killi167/CSCI4551 Final Project/ColorTrackingRobot/build/nav_pkg/prefix_override:/usr/lib/python3/dist-packages/colcon_core/task/python/colcon_distutils_commands:/home/killi167/CSCI4551 Final Project/ColorTrackingRobot/install/nav_pkg/lib/python3.12/site-packages:${PYTHONPATH} _=/usr/bin/env /usr/bin/python3 -W ignore:setup.py install is deprecated -W ignore:easy_install command is deprecated setup.py egg_info --egg-base ../../build/nav_pkg build --build-base /home/killi167/CSCI4551 Final Project/ColorTrackingRobot/build/nav_pkg/build install --record /home/killi167/CSCI4551 Final Project/ColorTrackingRobot/build/nav_pkg/install.log --single-version-externally-managed install_data
[3.715s] Level 1:colcon.colcon_core.environment:checking '/home/killi167/CSCI4551 Final Project/ColorTrackingRobot/install/nav_pkg' for CMake module files
[3.724s] Level 1:colcon.colcon_core.environment:checking '/home/killi167/CSCI4551 Final Project/ColorTrackingRobot/install/nav_pkg' for CMake config files
[3.745s] Level 1:colcon.colcon_core.environment:checking '/home/killi167/CSCI4551 Final Project/ColorTrackingRobot/install/nav_pkg/lib'
[3.746s] Level 1:colcon.colcon_core.environment:checking '/home/killi167/CSCI4551 Final Project/ColorTrackingRobot/install/nav_pkg/bin'
[3.747s] Level 1:colcon.colcon_core.environment:checking '/home/killi167/CSCI4551 Final Project/ColorTrackingRobot/install/nav_pkg/lib/pkgconfig/nav_pkg.pc'
[3.749s] Level 1:colcon.colcon_core.environment:checking '/home/killi167/CSCI4551 Final Project/ColorTrackingRobot/install/nav_pkg/lib/python3.12/site-packages'
[3.751s] Level 1:colcon.colcon_core.shell:create_environment_hook('nav_pkg', 'pythonpath')
[3.752s] INFO:colcon.colcon_core.shell:Creating environment hook '/home/killi167/CSCI4551 Final Project/ColorTrackingRobot/install/nav_pkg/share/nav_pkg/hook/pythonpath.ps1'
[3.759s] INFO:colcon.colcon_core.shell:Creating environment descriptor '/home/killi167/CSCI4551 Final Project/ColorTrackingRobot/install/nav_pkg/share/nav_pkg/hook/pythonpath.dsv'
[3.765s] INFO:colcon.colcon_core.shell:Creating environment hook '/home/killi167/CSCI4551 Final Project/ColorTrackingRobot/install/nav_pkg/share/nav_pkg/hook/pythonpath.sh'
[3.770s] Level 1:colcon.colcon_core.environment:checking '/home/killi167/CSCI4551 Final Project/ColorTrackingRobot/install/nav_pkg/bin'
[3.770s] Level 1:colcon.colcon_core.environment:create_environment_scripts_only(nav_pkg)
[3.771s] INFO:colcon.colcon_core.shell:Creating package script '/home/killi167/CSCI4551 Final Project/ColorTrackingRobot/install/nav_pkg/share/nav_pkg/package.ps1'
[3.778s] INFO:colcon.colcon_core.shell:Creating package descriptor '/home/killi167/CSCI4551 Final Project/ColorTrackingRobot/install/nav_pkg/share/nav_pkg/package.dsv'
[3.786s] INFO:colcon.colcon_core.shell:Creating package script '/home/killi167/CSCI4551 Final Project/ColorTrackingRobot/install/nav_pkg/share/nav_pkg/package.sh'
[3.793s] INFO:colcon.colcon_core.shell:Creating package script '/home/killi167/CSCI4551 Final Project/ColorTrackingRobot/install/nav_pkg/share/nav_pkg/package.bash'
[3.799s] INFO:colcon.colcon_core.shell:Creating package script '/home/killi167/CSCI4551 Final Project/ColorTrackingRobot/install/nav_pkg/share/nav_pkg/package.zsh'
[3.804s] Level 1:colcon.colcon_core.environment:create_file_with_runtime_dependencies(/home/killi167/CSCI4551 Final Project/ColorTrackingRobot/install/nav_pkg/share/colcon-core/packages/nav_pkg)
[3.810s] Level 1:colcon.colcon_core.environment:checking '/home/killi167/CSCI4551 Final Project/ColorTrackingRobot/install/env_assets_pkg' for CMake module files
[3.817s] DEBUG:colcon.colcon_core.event_handler.log_command:Invoked command in '/home/killi167/CSCI4551 Final Project/ColorTrackingRobot/src/env_assets_pkg' returned '0': DEBUGINFOD_URLS=https://debuginfod.ubuntu.com PYTHONPATH=/home/killi167/CSCI4551 Final Project/ColorTrackingRobot/build/env_assets_pkg/prefix_override:/usr/lib/python3/dist-packages/colcon_core/task/python/colcon_distutils_commands:/home/killi167/CSCI4551 Final Project/ColorTrackingRobot/install/env_assets_pkg/lib/python3.12/site-packages:${PYTHONPATH} _=/usr/bin/env /usr/bin/python3 -W ignore:setup.py install is deprecated -W ignore:easy_install command is deprecated setup.py egg_info --egg-base ../../build/env_assets_pkg build --build-base /home/killi167/CSCI4551 Final Project/ColorTrackingRobot/build/env_assets_pkg/build install --record /home/killi167/CSCI4551 Final Project/ColorTrackingRobot/build/env_assets_pkg/install.log --single-version-externally-managed install_data
[3.817s] Level 1:colcon.colcon_core.environment:checking '/home/killi167/CSCI4551 Final Project/ColorTrackingRobot/install/env_assets_pkg' for CMake config files
[3.845s] Level 1:colcon.colcon_core.environment:checking '/home/killi167/CSCI4551 Final Project/ColorTrackingRobot/install/env_assets_pkg/lib'
[3.846s] Level 1:colcon.colcon_core.environment:checking '/home/killi167/CSCI4551 Final Project/ColorTrackingRobot/install/env_assets_pkg/bin'
[3.848s] Level 1:colcon.colcon_core.environment:checking '/home/killi167/CSCI4551 Final Project/ColorTrackingRobot/install/env_assets_pkg/lib/pkgconfig/env_assets_pkg.pc'
[3.850s] Level 1:colcon.colcon_core.environment:checking '/home/killi167/CSCI4551 Final Project/ColorTrackingRobot/install/env_assets_pkg/lib/python3.12/site-packages'
[3.852s] Level 1:colcon.colcon_core.shell:create_environment_hook('env_assets_pkg', 'pythonpath')
[3.855s] INFO:colcon.colcon_core.shell:Creating environment hook '/home/killi167/CSCI4551 Final Project/ColorTrackingRobot/install/env_assets_pkg/share/env_assets_pkg/hook/pythonpath.ps1'
[3.864s] INFO:colcon.colcon_core.shell:Creating environment descriptor '/home/killi167/CSCI4551 Final Project/ColorTrackingRobot/install/env_assets_pkg/share/env_assets_pkg/hook/pythonpath.dsv'
[3.870s] INFO:colcon.colcon_core.shell:Creating environment hook '/home/killi167/CSCI4551 Final Project/ColorTrackingRobot/install/env_assets_pkg/share/env_assets_pkg/hook/pythonpath.sh'
[3.876s] Level 1:colcon.colcon_core.environment:checking '/home/killi167/CSCI4551 Final Project/ColorTrackingRobot/install/env_assets_pkg/bin'
[3.876s] Level 1:colcon.colcon_core.environment:create_environment_scripts_only(env_assets_pkg)
[3.876s] INFO:colcon.colcon_core.shell:Creating package script '/home/killi167/CSCI4551 Final Project/ColorTrackingRobot/install/env_assets_pkg/share/env_assets_pkg/package.ps1'
[3.886s] INFO:colcon.colcon_core.shell:Creating package descriptor '/home/killi167/CSCI4551 Final Project/ColorTrackingRobot/install/env_assets_pkg/share/env_assets_pkg/package.dsv'
[3.894s] INFO:colcon.colcon_core.shell:Creating package script '/home/killi167/CSCI4551 Final Project/ColorTrackingRobot/install/env_assets_pkg/share/env_assets_pkg/package.sh'
[3.899s] INFO:colcon.colcon_core.shell:Creating package script '/home/killi167/CSCI4551 Final Project/ColorTrackingRobot/install/env_assets_pkg/share/env_assets_pkg/package.bash'
[3.904s] INFO:colcon.colcon_core.shell:Creating package script '/home/killi167/CSCI4551 Final Project/ColorTrackingRobot/install/env_assets_pkg/share/env_assets_pkg/package.zsh'
[3.909s] Level 1:colcon.colcon_core.environment:create_file_with_runtime_dependencies(/home/killi167/CSCI4551 Final Project/ColorTrackingRobot/install/env_assets_pkg/share/colcon-core/packages/env_assets_pkg)
[3.917s] Level 1:colcon.colcon_core.environment:checking '/home/killi167/CSCI4551 Final Project/ColorTrackingRobot/install/color_detector_pkg' for CMake module files
[3.925s] DEBUG:colcon.colcon_core.event_handler.log_command:Invoked command in '/home/killi167/CSCI4551 Final Project/ColorTrackingRobot/src/color_detector_pkg' returned '0': DEBUGINFOD_URLS=https://debuginfod.ubuntu.com PYTHONPATH=/home/killi167/CSCI4551 Final Project/ColorTrackingRobot/build/color_detector_pkg/prefix_override:/usr/lib/python3/dist-packages/colcon_core/task/python/colcon_distutils_commands:/home/killi167/CSCI4551 Final Project/ColorTrackingRobot/install/color_detector_pkg/lib/python3.12/site-packages:${PYTHONPATH} _=/usr/bin/env /usr/bin/python3 -W ignore:setup.py install is deprecated -W ignore:easy_install command is deprecated setup.py egg_info --egg-base ../../build/color_detector_pkg build --build-base /home/killi167/CSCI4551 Final Project/ColorTrackingRobot/build/color_detector_pkg/build install --record /home/killi167/CSCI4551 Final Project/ColorTrackingRobot/build/color_detector_pkg/install.log --single-version-externally-managed install_data
[3.926s] Level 1:colcon.colcon_core.environment:checking '/home/killi167/CSCI4551 Final Project/ColorTrackingRobot/install/color_detector_pkg' for CMake config files
[3.949s] Level 1:colcon.colcon_core.environment:checking '/home/killi167/CSCI4551 Final Project/ColorTrackingRobot/install/color_detector_pkg/lib'
[3.950s] Level 1:colcon.colcon_core.environment:checking '/home/killi167/CSCI4551 Final Project/ColorTrackingRobot/install/color_detector_pkg/bin'
[3.952s] Level 1:colcon.colcon_core.environment:checking '/home/killi167/CSCI4551 Final Project/ColorTrackingRobot/install/color_detector_pkg/lib/pkgconfig/color_detector_pkg.pc'
[3.955s] Level 1:colcon.colcon_core.environment:checking '/home/killi167/CSCI4551 Final Project/ColorTrackingRobot/install/color_detector_pkg/lib/python3.12/site-packages'
[3.957s] Level 1:colcon.colcon_core.shell:create_environment_hook('color_detector_pkg', 'pythonpath')
[3.959s] INFO:colcon.colcon_core.shell:Creating environment hook '/home/killi167/CSCI4551 Final Project/ColorTrackingRobot/install/color_detector_pkg/share/color_detector_pkg/hook/pythonpath.ps1'
[3.968s] INFO:colcon.colcon_core.shell:Creating environment descriptor '/home/killi167/CSCI4551 Final Project/ColorTrackingRobot/install/color_detector_pkg/share/color_detector_pkg/hook/pythonpath.dsv'
[3.974s] INFO:colcon.colcon_core.shell:Creating environment hook '/home/killi167/CSCI4551 Final Project/ColorTrackingRobot/install/color_detector_pkg/share/color_detector_pkg/hook/pythonpath.sh'
[3.980s] Level 1:colcon.colcon_core.environment:checking '/home/killi167/CSCI4551 Final Project/ColorTrackingRobot/install/color_detector_pkg/bin'
[3.981s] Level 1:colcon.colcon_core.environment:create_environment_scripts_only(color_detector_pkg)
[3.981s] INFO:colcon.colcon_core.shell:Creating package script '/home/killi167/CSCI4551 Final Project/ColorTrackingRobot/install/color_detector_pkg/share/color_detector_pkg/package.ps1'
[3.989s] INFO:colcon.colcon_core.shell:Creating package descriptor '/home/killi167/CSCI4551 Final Project/ColorTrackingRobot/install/color_detector_pkg/share/color_detector_pkg/package.dsv'
[3.998s] INFO:colcon.colcon_core.shell:Creating package script '/home/killi167/CSCI4551 Final Project/ColorTrackingRobot/install/color_detector_pkg/share/color_detector_pkg/package.sh'
[4.004s] INFO:colcon.colcon_core.shell:Creating package script '/home/killi167/CSCI4551 Final Project/ColorTrackingRobot/install/color_detector_pkg/share/color_detector_pkg/package.bash'
[4.009s] INFO:colcon.colcon_core.shell:Creating package script '/home/killi167/CSCI4551 Final Project/ColorTrackingRobot/install/color_detector_pkg/share/color_detector_pkg/package.zsh'
[4.015s] Level 1:colcon.colcon_core.environment:create_file_with_runtime_dependencies(/home/killi167/CSCI4551 Final Project/ColorTrackingRobot/install/color_detector_pkg/share/colcon-core/packages/color_detector_pkg)
[4.021s] DEBUG:colcon.colcon_parallel_executor.executor.parallel:closing loop
[4.022s] DEBUG:colcon.colcon_parallel_executor.executor.parallel:loop closed
[4.024s] DEBUG:colcon.colcon_parallel_executor.executor.parallel:run_until_complete finished with '0'
[4.024s] DEBUG:colcon.colcon_core.event_reactor:joining thread
[4.038s] INFO:colcon.colcon_core.plugin_system:Skipping extension 'colcon_notification.desktop_notification.terminal_notifier': Not used on non-Darwin systems
[4.038s] INFO:colcon.colcon_core.plugin_system:Skipping extension 'colcon_notification.desktop_notification.win32': Not used on non-Windows systems
[4.038s] INFO:colcon.colcon_notification.desktop_notification:Sending desktop notification using 'notify2'
[4.048s] DEBUG:colcon.colcon_core.event_reactor:joined thread
[4.049s] INFO:colcon.colcon_core.shell:Creating prefix script '/home/killi167/CSCI4551 Final Project/ColorTrackingRobot/install/local_setup.ps1'
[4.056s] INFO:colcon.colcon_core.shell:Creating prefix util module '/home/killi167/CSCI4551 Final Project/ColorTrackingRobot/install/_local_setup_util_ps1.py'
[4.061s] INFO:colcon.colcon_core.shell:Creating prefix chain script '/home/killi167/CSCI4551 Final Project/ColorTrackingRobot/install/setup.ps1'
[4.078s] INFO:colcon.colcon_core.shell:Creating prefix script '/home/killi167/CSCI4551 Final Project/ColorTrackingRobot/install/local_setup.sh'
[4.084s] INFO:colcon.colcon_core.shell:Creating prefix util module '/home/killi167/CSCI4551 Final Project/ColorTrackingRobot/install/_local_setup_util_sh.py'
[4.089s] INFO:colcon.colcon_core.shell:Creating prefix chain script '/home/killi167/CSCI4551 Final Project/ColorTrackingRobot/install/setup.sh'
[4.102s] INFO:colcon.colcon_core.shell:Creating prefix script '/home/killi167/CSCI4551 Final Project/ColorTrackingRobot/install/local_setup.bash'
[4.107s] INFO:colcon.colcon_core.shell:Creating prefix chain script '/home/killi167/CSCI4551 Final Project/ColorTrackingRobot/install/setup.bash'
[4.120s] INFO:colcon.colcon_core.shell:Creating prefix script '/home/killi167/CSCI4551 Final Project/ColorTrackingRobot/install/local_setup.zsh'
[4.125s] INFO:colcon.colcon_core.shell:Creating prefix chain script '/home/killi167/CSCI4551 Final Project/ColorTrackingRobot/install/setup.zsh'
