running egg_info
creating ../../build/color_detector_pkg/color_detector_pkg.egg-info
writing ../../build/color_detector_pkg/color_detector_pkg.egg-info/PKG-INFO
writing dependency_links to ../../build/color_detector_pkg/color_detector_pkg.egg-info/dependency_links.txt
writing entry points to ../../build/color_detector_pkg/color_detector_pkg.egg-info/entry_points.txt
writing requirements to ../../build/color_detector_pkg/color_detector_pkg.egg-info/requires.txt
writing top-level names to ../../build/color_detector_pkg/color_detector_pkg.egg-info/top_level.txt
writing manifest file '../../build/color_detector_pkg/color_detector_pkg.egg-info/SOURCES.txt'
writing manifest file '../../build/color_detector_pkg/color_detector_pkg.egg-info/SOURCES.txt'
running build
running build_py
creating /home/killi167/CSCI4551 Final Project/ColorTrackingRobot/build/color_detector_pkg/build
creating /home/killi167/CSCI4551 Final Project/ColorTrackingRobot/build/color_detector_pkg/build/lib
creating /home/killi167/CSCI4551 Final Project/ColorTrackingRobot/build/color_detector_pkg/build/lib/color_detector_pkg
copying color_detector_pkg/color_controller.py -> /home/killi167/CSCI4551 Final Project/ColorTrackingRobot/build/color_detector_pkg/build/lib/color_detector_pkg
copying color_detector_pkg/webcam_node.py -> /home/killi167/CSCI4551 Final Project/ColorTrackingRobot/build/color_detector_pkg/build/lib/color_detector_pkg
copying color_detector_pkg/color_perception_node.py -> /home/killi167/CSCI4551 Final Project/ColorTrackingRobot/build/color_detector_pkg/build/lib/color_detector_pkg
copying color_detector_pkg/__init__.py -> /home/killi167/CSCI4551 Final Project/ColorTrackingRobot/build/color_detector_pkg/build/lib/color_detector_pkg
running install
running install_lib
creating /home/killi167/CSCI4551 Final Project/ColorTrackingRobot/install/color_detector_pkg/lib/python3.12/site-packages/color_detector_pkg
copying /home/killi167/CSCI4551 Final Project/ColorTrackingRobot/build/color_detector_pkg/build/lib/color_detector_pkg/webcam_node.py -> /home/killi167/CSCI4551 Final Project/ColorTrackingRobot/install/color_detector_pkg/lib/python3.12/site-packages/color_detector_pkg
copying /home/killi167/CSCI4551 Final Project/ColorTrackingRobot/build/color_detector_pkg/build/lib/color_detector_pkg/color_perception_node.py -> /home/killi167/CSCI4551 Final Project/ColorTrackingRobot/install/color_detector_pkg/lib/python3.12/site-packages/color_detector_pkg
copying /home/killi167/CSCI4551 Final Project/ColorTrackingRobot/build/color_detector_pkg/build/lib/color_detector_pkg/color_controller.py -> /home/killi167/CSCI4551 Final Project/ColorTrackingRobot/install/color_detector_pkg/lib/python3.12/site-packages/color_detector_pkg
copying /home/killi167/CSCI4551 Final Project/ColorTrackingRobot/build/color_detector_pkg/build/lib/color_detector_pkg/__init__.py -> /home/killi167/CSCI4551 Final Project/ColorTrackingRobot/install/color_detector_pkg/lib/python3.12/site-packages/color_detector_pkg
byte-compiling /home/killi167/CSCI4551 Final Project/ColorTrackingRobot/install/color_detector_pkg/lib/python3.12/site-packages/color_detector_pkg/webcam_node.py to webcam_node.cpython-312.pyc
byte-compiling /home/killi167/CSCI4551 Final Project/ColorTrackingRobot/install/color_detector_pkg/lib/python3.12/site-packages/color_detector_pkg/color_perception_node.py to color_perception_node.cpython-312.pyc
byte-compiling /home/killi167/CSCI4551 Final Project/ColorTrackingRobot/install/color_detector_pkg/lib/python3.12/site-packages/color_detector_pkg/color_controller.py to color_controller.cpython-312.pyc
byte-compiling /home/killi167/CSCI4551 Final Project/ColorTrackingRobot/install/color_detector_pkg/lib/python3.12/site-packages/color_detector_pkg/__init__.py to __init__.cpython-312.pyc
running install_data
creating /home/killi167/CSCI4551 Final Project/ColorTrackingRobot/install/color_detector_pkg/share/ament_index
creating /home/killi167/CSCI4551 Final Project/ColorTrackingRobot/install/color_detector_pkg/share/ament_index/resource_index
creating /home/killi167/CSCI4551 Final Project/ColorTrackingRobot/install/color_detector_pkg/share/ament_index/resource_index/packages
copying resource/color_detector_pkg -> /home/killi167/CSCI4551 Final Project/ColorTrackingRobot/install/color_detector_pkg/share/ament_index/resource_index/packages
copying package.xml -> /home/killi167/CSCI4551 Final Project/ColorTrackingRobot/install/color_detector_pkg/share/color_detector_pkg
creating /home/killi167/CSCI4551 Final Project/ColorTrackingRobot/install/color_detector_pkg/share/color_detector_pkg/launch
copying launch/color_detector.launch.py -> /home/killi167/CSCI4551 Final Project/ColorTrackingRobot/install/color_detector_pkg/share/color_detector_pkg/launch
running install_egg_info
Copying ../../build/color_detector_pkg/color_detector_pkg.egg-info to /home/killi167/CSCI4551 Final Project/ColorTrackingRobot/install/color_detector_pkg/lib/python3.12/site-packages/color_detector_pkg-0.0.0-py3.12.egg-info
running install_scripts
Installing color_controller script to /home/killi167/CSCI4551 Final Project/ColorTrackingRobot/install/color_detector_pkg/lib/color_detector_pkg
Installing color_perception_node script to /home/killi167/CSCI4551 Final Project/ColorTrackingRobot/install/color_detector_pkg/lib/color_detector_pkg
writing list of installed files to '/home/killi167/CSCI4551 Final Project/ColorTrackingRobot/build/color_detector_pkg/install.log'
