[0.182s] DEBUG:colcon:Command line arguments: ['/usr/bin/colcon', 'build']
[0.182s] DEBUG:colcon:Parsed command line arguments: Namespace(log_base=None, log_level=None, verb_name='build', build_base='build', install_base='install', merge_install=False, symlink_install=False, test_result_base=None, continue_on_error=False, executor='parallel', parallel_workers=16, event_handlers=None, ignore_user_meta=False, metas=['./colcon.meta'], base_paths=['.'], packages_ignore=None, packages_ignore_regex=None, paths=None, packages_up_to=None, packages_up_to_regex=None, packages_above=None, packages_above_and_dependencies=None, packages_above_depth=None, packages_select_by_dep=None, packages_skip_by_dep=None, packages_skip_up_to=None, packages_select_build_failed=False, packages_skip_build_finished=False, packages_select_test_failures=False, packages_skip_test_passed=False, packages_select=None, packages_skip=None, packages_select_regex=None, packages_skip_regex=None, packages_start=None, packages_end=None, allow_overriding=[], cmake_args=None, cmake_target=None, cmake_target_skip_unavailable=False, cmake_clean_cache=False, cmake_clean_first=False, cmake_force_configure=False, ament_cmake_args=None, catkin_cmake_args=None, catkin_skip_building_tests=False, verb_parser=<colcon_defaults.argument_parser.defaults.DefaultArgumentsDecorator object at 0x77b132d40a10>, verb_extension=<colcon_core.verb.build.BuildVerb object at 0x77b132d40740>, main=<bound method BuildVerb.main of <colcon_core.verb.build.BuildVerb object at 0x77b132d40740>>)
[0.258s] Level 1:colcon.colcon_core.package_discovery:discover_packages(colcon_meta) check parameters
[0.259s] Level 1:colcon.colcon_core.package_discovery:discover_packages(recursive) check parameters
[0.259s] Level 1:colcon.colcon_core.package_discovery:discover_packages(ignore) check parameters
[0.259s] Level 1:colcon.colcon_core.package_discovery:discover_packages(path) check parameters
[0.259s] Level 1:colcon.colcon_core.package_discovery:discover_packages(colcon_meta) discover
[0.259s] Level 1:colcon.colcon_core.package_discovery:discover_packages(recursive) discover
[0.261s] INFO:colcon.colcon_core.package_discovery:Crawling recursively for packages in '/home/killi167/CSCI4551 Final Project/ColorTrackingRobot'
[0.264s] Level 1:colcon.colcon_core.package_identification:_identify(.) by extensions ['ignore', 'ignore_ament_install']
[0.265s] Level 1:colcon.colcon_core.package_identification:_identify(.) by extension 'ignore'
[0.269s] Level 1:colcon.colcon_core.package_identification:_identify(.) by extension 'ignore_ament_install'
[0.272s] Level 1:colcon.colcon_core.package_identification:_identify(.) by extensions ['colcon_pkg']
[0.272s] Level 1:colcon.colcon_core.package_identification:_identify(.) by extension 'colcon_pkg'
[0.274s] Level 1:colcon.colcon_core.package_identification:_identify(.) by extensions ['colcon_meta']
[0.275s] Level 1:colcon.colcon_core.package_identification:_identify(.) by extension 'colcon_meta'
[0.275s] Level 1:colcon.colcon_core.package_identification:_identify(.) by extensions ['ros']
[0.279s] Level 1:colcon.colcon_core.package_identification:_identify(.) by extension 'ros'
[0.314s] Level 1:colcon.colcon_core.package_identification:_identify(.) by extensions ['cmake', 'python']
[0.314s] Level 1:colcon.colcon_core.package_identification:_identify(.) by extension 'cmake'
[0.315s] Level 1:colcon.colcon_core.package_identification:_identify(.) by extension 'python'
[0.317s] Level 1:colcon.colcon_core.package_identification:_identify(.) by extensions ['python_setup_py']
[0.318s] Level 1:colcon.colcon_core.package_identification:_identify(.) by extension 'python_setup_py'
[0.323s] Level 1:colcon.colcon_core.package_identification:_identify(build) by extensions ['ignore', 'ignore_ament_install']
[0.323s] Level 1:colcon.colcon_core.package_identification:_identify(build) by extension 'ignore'
[0.323s] Level 1:colcon.colcon_core.package_identification:_identify(build) ignored
[0.326s] Level 1:colcon.colcon_core.package_identification:_identify(install) by extensions ['ignore', 'ignore_ament_install']
[0.326s] Level 1:colcon.colcon_core.package_identification:_identify(install) by extension 'ignore'
[0.328s] Level 1:colcon.colcon_core.package_identification:_identify(install) ignored
[0.330s] Level 1:colcon.colcon_core.package_identification:_identify(log) by extensions ['ignore', 'ignore_ament_install']
[0.333s] Level 1:colcon.colcon_core.package_identification:_identify(log) by extension 'ignore'
[0.334s] Level 1:colcon.colcon_core.package_identification:_identify(log) ignored
[0.336s] Level 1:colcon.colcon_core.package_identification:_identify(src) by extensions ['ignore', 'ignore_ament_install']
[0.337s] Level 1:colcon.colcon_core.package_identification:_identify(src) by extension 'ignore'
[0.339s] Level 1:colcon.colcon_core.package_identification:_identify(src) by extension 'ignore_ament_install'
[0.341s] Level 1:colcon.colcon_core.package_identification:_identify(src) by extensions ['colcon_pkg']
[0.342s] Level 1:colcon.colcon_core.package_identification:_identify(src) by extension 'colcon_pkg'
[0.344s] Level 1:colcon.colcon_core.package_identification:_identify(src) by extensions ['colcon_meta']
[0.345s] Level 1:colcon.colcon_core.package_identification:_identify(src) by extension 'colcon_meta'
[0.347s] Level 1:colcon.colcon_core.package_identification:_identify(src) by extensions ['ros']
[0.349s] Level 1:colcon.colcon_core.package_identification:_identify(src) by extension 'ros'
[0.350s] Level 1:colcon.colcon_core.package_identification:_identify(src) by extensions ['cmake', 'python']
[0.352s] Level 1:colcon.colcon_core.package_identification:_identify(src) by extension 'cmake'
[0.353s] Level 1:colcon.colcon_core.package_identification:_identify(src) by extension 'python'
[0.355s] Level 1:colcon.colcon_core.package_identification:_identify(src) by extensions ['python_setup_py']
[0.357s] Level 1:colcon.colcon_core.package_identification:_identify(src) by extension 'python_setup_py'
[0.359s] Level 1:colcon.colcon_core.package_identification:_identify(src/color_detector_pkg) by extensions ['ignore', 'ignore_ament_install']
[0.360s] Level 1:colcon.colcon_core.package_identification:_identify(src/color_detector_pkg) by extension 'ignore'
[0.361s] Level 1:colcon.colcon_core.package_identification:_identify(src/color_detector_pkg) by extension 'ignore_ament_install'
[0.364s] Level 1:colcon.colcon_core.package_identification:_identify(src/color_detector_pkg) by extensions ['colcon_pkg']
[0.366s] Level 1:colcon.colcon_core.package_identification:_identify(src/color_detector_pkg) by extension 'colcon_pkg'
[0.368s] Level 1:colcon.colcon_core.package_identification:_identify(src/color_detector_pkg) by extensions ['colcon_meta']
[0.370s] Level 1:colcon.colcon_core.package_identification:_identify(src/color_detector_pkg) by extension 'colcon_meta'
[0.371s] Level 1:colcon.colcon_core.package_identification:_identify(src/color_detector_pkg) by extensions ['ros']
[0.373s] Level 1:colcon.colcon_core.package_identification:_identify(src/color_detector_pkg) by extension 'ros'
[0.379s] DEBUG:colcon.colcon_core.package_identification:Package 'src/color_detector_pkg' with type 'ros.ament_python' and name 'color_detector_pkg'
[0.380s] Level 1:colcon.colcon_core.package_identification:_identify(src/env_assets_pkg) by extensions ['ignore', 'ignore_ament_install']
[0.381s] Level 1:colcon.colcon_core.package_identification:_identify(src/env_assets_pkg) by extension 'ignore'
[0.383s] Level 1:colcon.colcon_core.package_identification:_identify(src/env_assets_pkg) by extension 'ignore_ament_install'
[0.384s] Level 1:colcon.colcon_core.package_identification:_identify(src/env_assets_pkg) by extensions ['colcon_pkg']
[0.386s] Level 1:colcon.colcon_core.package_identification:_identify(src/env_assets_pkg) by extension 'colcon_pkg'
[0.388s] Level 1:colcon.colcon_core.package_identification:_identify(src/env_assets_pkg) by extensions ['colcon_meta']
[0.389s] Level 1:colcon.colcon_core.package_identification:_identify(src/env_assets_pkg) by extension 'colcon_meta'
[0.393s] Level 1:colcon.colcon_core.package_identification:_identify(src/env_assets_pkg) by extensions ['ros']
[0.395s] Level 1:colcon.colcon_core.package_identification:_identify(src/env_assets_pkg) by extension 'ros'
[0.401s] DEBUG:colcon.colcon_core.package_identification:Package 'src/env_assets_pkg' with type 'ros.ament_python' and name 'env_assets_pkg'
[0.402s] Level 1:colcon.colcon_core.package_identification:_identify(src/nav_pkg) by extensions ['ignore', 'ignore_ament_install']
[0.403s] Level 1:colcon.colcon_core.package_identification:_identify(src/nav_pkg) by extension 'ignore'
[0.405s] Level 1:colcon.colcon_core.package_identification:_identify(src/nav_pkg) by extension 'ignore_ament_install'
[0.405s] Level 1:colcon.colcon_core.package_identification:_identify(src/nav_pkg) by extensions ['colcon_pkg']
[0.405s] Level 1:colcon.colcon_core.package_identification:_identify(src/nav_pkg) by extension 'colcon_pkg'
[0.405s] Level 1:colcon.colcon_core.package_identification:_identify(src/nav_pkg) by extensions ['colcon_meta']
[0.405s] Level 1:colcon.colcon_core.package_identification:_identify(src/nav_pkg) by extension 'colcon_meta'
[0.406s] Level 1:colcon.colcon_core.package_identification:_identify(src/nav_pkg) by extensions ['ros']
[0.406s] Level 1:colcon.colcon_core.package_identification:_identify(src/nav_pkg) by extension 'ros'
[0.408s] DEBUG:colcon.colcon_core.package_identification:Package 'src/nav_pkg' with type 'ros.ament_python' and name 'nav_pkg'
[0.408s] Level 1:colcon.colcon_core.package_discovery:discover_packages(recursive) using defaults
[0.409s] Level 1:colcon.colcon_core.package_discovery:discover_packages(ignore) discover
[0.411s] Level 1:colcon.colcon_core.package_discovery:discover_packages(ignore) using defaults
[0.413s] Level 1:colcon.colcon_core.package_discovery:discover_packages(path) discover
[0.414s] Level 1:colcon.colcon_core.package_discovery:discover_packages(path) using defaults
[0.448s] Level 1:colcon.colcon_core.package_discovery:discover_packages(prefix_path) check parameters
[0.448s] Level 1:colcon.colcon_core.package_discovery:discover_packages(prefix_path) discover
[0.455s] DEBUG:colcon.colcon_installed_package_information.package_discovery:Found 547 installed packages in /opt/ros/jazzy
[0.457s] Level 1:colcon.colcon_core.package_discovery:discover_packages(prefix_path) using defaults
[0.558s] Level 5:colcon.colcon_core.verb:set package 'color_detector_pkg' build argument 'cmake_args' from command line to 'None'
[0.558s] Level 5:colcon.colcon_core.verb:set package 'color_detector_pkg' build argument 'cmake_target' from command line to 'None'
[0.558s] Level 5:colcon.colcon_core.verb:set package 'color_detector_pkg' build argument 'cmake_target_skip_unavailable' from command line to 'False'
[0.560s] Level 5:colcon.colcon_core.verb:set package 'color_detector_pkg' build argument 'cmake_clean_cache' from command line to 'False'
[0.562s] Level 5:colcon.colcon_core.verb:set package 'color_detector_pkg' build argument 'cmake_clean_first' from command line to 'False'
[0.562s] Level 5:colcon.colcon_core.verb:set package 'color_detector_pkg' build argument 'cmake_force_configure' from command line to 'False'
[0.563s] Level 5:colcon.colcon_core.verb:set package 'color_detector_pkg' build argument 'ament_cmake_args' from command line to 'None'
[0.565s] Level 5:colcon.colcon_core.verb:set package 'color_detector_pkg' build argument 'catkin_cmake_args' from command line to 'None'
[0.568s] Level 5:colcon.colcon_core.verb:set package 'color_detector_pkg' build argument 'catkin_skip_building_tests' from command line to 'False'
[0.570s] DEBUG:colcon.colcon_core.verb:Building package 'color_detector_pkg' with the following arguments: {'ament_cmake_args': None, 'build_base': '/home/killi167/CSCI4551 Final Project/ColorTrackingRobot/build/color_detector_pkg', 'catkin_cmake_args': None, 'catkin_skip_building_tests': False, 'cmake_args': None, 'cmake_clean_cache': False, 'cmake_clean_first': False, 'cmake_force_configure': False, 'cmake_target': None, 'cmake_target_skip_unavailable': False, 'install_base': '/home/killi167/CSCI4551 Final Project/ColorTrackingRobot/install/color_detector_pkg', 'merge_install': False, 'path': '/home/killi167/CSCI4551 Final Project/ColorTrackingRobot/src/color_detector_pkg', 'symlink_install': False, 'test_result_base': None}
[0.572s] Level 5:colcon.colcon_core.verb:set package 'env_assets_pkg' build argument 'cmake_args' from command line to 'None'
[0.573s] Level 5:colcon.colcon_core.verb:set package 'env_assets_pkg' build argument 'cmake_target' from command line to 'None'
[0.573s] Level 5:colcon.colcon_core.verb:set package 'env_assets_pkg' build argument 'cmake_target_skip_unavailable' from command line to 'False'
[0.574s] Level 5:colcon.colcon_core.verb:set package 'env_assets_pkg' build argument 'cmake_clean_cache' from command line to 'False'
[0.576s] Level 5:colcon.colcon_core.verb:set package 'env_assets_pkg' build argument 'cmake_clean_first' from command line to 'False'
[0.577s] Level 5:colcon.colcon_core.verb:set package 'env_assets_pkg' build argument 'cmake_force_configure' from command line to 'False'
[0.579s] Level 5:colcon.colcon_core.verb:set package 'env_assets_pkg' build argument 'ament_cmake_args' from command line to 'None'
[0.581s] Level 5:colcon.colcon_core.verb:set package 'env_assets_pkg' build argument 'catkin_cmake_args' from command line to 'None'
[0.582s] Level 5:colcon.colcon_core.verb:set package 'env_assets_pkg' build argument 'catkin_skip_building_tests' from command line to 'False'
[0.582s] DEBUG:colcon.colcon_core.verb:Building package 'env_assets_pkg' with the following arguments: {'ament_cmake_args': None, 'build_base': '/home/killi167/CSCI4551 Final Project/ColorTrackingRobot/build/env_assets_pkg', 'catkin_cmake_args': None, 'catkin_skip_building_tests': False, 'cmake_args': None, 'cmake_clean_cache': False, 'cmake_clean_first': False, 'cmake_force_configure': False, 'cmake_target': None, 'cmake_target_skip_unavailable': False, 'install_base': '/home/killi167/CSCI4551 Final Project/ColorTrackingRobot/install/env_assets_pkg', 'merge_install': False, 'path': '/home/killi167/CSCI4551 Final Project/ColorTrackingRobot/src/env_assets_pkg', 'symlink_install': False, 'test_result_base': None}
[0.584s] Level 5:colcon.colcon_core.verb:set package 'nav_pkg' build argument 'cmake_args' from command line to 'None'
[0.585s] Level 5:colcon.colcon_core.verb:set package 'nav_pkg' build argument 'cmake_target' from command line to 'None'
[0.587s] Level 5:colcon.colcon_core.verb:set package 'nav_pkg' build argument 'cmake_target_skip_unavailable' from command line to 'False'
[0.589s] Level 5:colcon.colcon_core.verb:set package 'nav_pkg' build argument 'cmake_clean_cache' from command line to 'False'
[0.590s] Level 5:colcon.colcon_core.verb:set package 'nav_pkg' build argument 'cmake_clean_first' from command line to 'False'
[0.592s] Level 5:colcon.colcon_core.verb:set package 'nav_pkg' build argument 'cmake_force_configure' from command line to 'False'
[0.592s] Level 5:colcon.colcon_core.verb:set package 'nav_pkg' build argument 'ament_cmake_args' from command line to 'None'
[0.593s] Level 5:colcon.colcon_core.verb:set package 'nav_pkg' build argument 'catkin_cmake_args' from command line to 'None'
[0.595s] Level 5:colcon.colcon_core.verb:set package 'nav_pkg' build argument 'catkin_skip_building_tests' from command line to 'False'
[0.596s] DEBUG:colcon.colcon_core.verb:Building package 'nav_pkg' with the following arguments: {'ament_cmake_args': None, 'build_base': '/home/killi167/CSCI4551 Final Project/ColorTrackingRobot/build/nav_pkg', 'catkin_cmake_args': None, 'catkin_skip_building_tests': False, 'cmake_args': None, 'cmake_clean_cache': False, 'cmake_clean_first': False, 'cmake_force_configure': False, 'cmake_target': None, 'cmake_target_skip_unavailable': False, 'install_base': '/home/killi167/CSCI4551 Final Project/ColorTrackingRobot/install/nav_pkg', 'merge_install': False, 'path': '/home/killi167/CSCI4551 Final Project/ColorTrackingRobot/src/nav_pkg', 'symlink_install': False, 'test_result_base': None}
[0.598s] INFO:colcon.colcon_core.executor:Executing jobs using 'parallel' executor
[0.601s] DEBUG:colcon.colcon_parallel_executor.executor.parallel:run_until_complete
[0.602s] INFO:colcon.colcon_ros.task.ament_python.build:Building ROS package in '/home/killi167/CSCI4551 Final Project/ColorTrackingRobot/src/color_detector_pkg' with build type 'ament_python'
[0.602s] Level 1:colcon.colcon_core.shell:create_environment_hook('color_detector_pkg', 'ament_prefix_path')
[0.605s] INFO:colcon.colcon_core.plugin_system:Skipping extension 'colcon_core.shell.bat': Not used on non-Windows systems
[0.605s] INFO:colcon.colcon_core.shell:Creating environment hook '/home/killi167/CSCI4551 Final Project/ColorTrackingRobot/install/color_detector_pkg/share/color_detector_pkg/hook/ament_prefix_path.ps1'
[0.619s] INFO:colcon.colcon_core.shell:Creating environment descriptor '/home/killi167/CSCI4551 Final Project/ColorTrackingRobot/install/color_detector_pkg/share/color_detector_pkg/hook/ament_prefix_path.dsv'
[0.624s] INFO:colcon.colcon_core.shell:Creating environment hook '/home/killi167/CSCI4551 Final Project/ColorTrackingRobot/install/color_detector_pkg/share/color_detector_pkg/hook/ament_prefix_path.sh'
[0.630s] INFO:colcon.colcon_core.shell:Skip shell extension 'powershell' for command environment: Not usable outside of PowerShell
[0.630s] DEBUG:colcon.colcon_core.shell:Skip shell extension 'dsv' for command environment
[0.641s] INFO:colcon.colcon_ros.task.ament_python.build:Building ROS package in '/home/killi167/CSCI4551 Final Project/ColorTrackingRobot/src/env_assets_pkg' with build type 'ament_python'
[0.642s] Level 1:colcon.colcon_core.shell:create_environment_hook('env_assets_pkg', 'ament_prefix_path')
[0.643s] INFO:colcon.colcon_core.shell:Creating environment hook '/home/killi167/CSCI4551 Final Project/ColorTrackingRobot/install/env_assets_pkg/share/env_assets_pkg/hook/ament_prefix_path.ps1'
[0.657s] INFO:colcon.colcon_core.shell:Creating environment descriptor '/home/killi167/CSCI4551 Final Project/ColorTrackingRobot/install/env_assets_pkg/share/env_assets_pkg/hook/ament_prefix_path.dsv'
[0.664s] INFO:colcon.colcon_core.shell:Creating environment hook '/home/killi167/CSCI4551 Final Project/ColorTrackingRobot/install/env_assets_pkg/share/env_assets_pkg/hook/ament_prefix_path.sh'
[0.670s] INFO:colcon.colcon_core.shell:Skip shell extension 'powershell' for command environment: Not usable outside of PowerShell
[0.670s] DEBUG:colcon.colcon_core.shell:Skip shell extension 'dsv' for command environment
[0.680s] INFO:colcon.colcon_ros.task.ament_python.build:Building ROS package in '/home/killi167/CSCI4551 Final Project/ColorTrackingRobot/src/nav_pkg' with build type 'ament_python'
[0.681s] Level 1:colcon.colcon_core.shell:create_environment_hook('nav_pkg', 'ament_prefix_path')
[0.682s] INFO:colcon.colcon_core.shell:Creating environment hook '/home/killi167/CSCI4551 Final Project/ColorTrackingRobot/install/nav_pkg/share/nav_pkg/hook/ament_prefix_path.ps1'
[0.696s] INFO:colcon.colcon_core.shell:Creating environment descriptor '/home/killi167/CSCI4551 Final Project/ColorTrackingRobot/install/nav_pkg/share/nav_pkg/hook/ament_prefix_path.dsv'
[0.702s] INFO:colcon.colcon_core.shell:Creating environment hook '/home/killi167/CSCI4551 Final Project/ColorTrackingRobot/install/nav_pkg/share/nav_pkg/hook/ament_prefix_path.sh'
[0.707s] INFO:colcon.colcon_core.shell:Skip shell extension 'powershell' for command environment: Not usable outside of PowerShell
[0.707s] DEBUG:colcon.colcon_core.shell:Skip shell extension 'dsv' for command environment
[1.284s] INFO:colcon.colcon_core.task.python.build:Building Python package in '/home/killi167/CSCI4551 Final Project/ColorTrackingRobot/src/color_detector_pkg'
[1.284s] INFO:colcon.colcon_core.shell:Skip shell extension 'powershell' for command environment: Not usable outside of PowerShell
[1.286s] DEBUG:colcon.colcon_core.shell:Skip shell extension 'dsv' for command environment
[1.861s] INFO:colcon.colcon_core.task.python.build:Building Python package in '/home/killi167/CSCI4551 Final Project/ColorTrackingRobot/src/env_assets_pkg'
[1.862s] INFO:colcon.colcon_core.shell:Skip shell extension 'powershell' for command environment: Not usable outside of PowerShell
[1.863s] DEBUG:colcon.colcon_core.shell:Skip shell extension 'dsv' for command environment
[2.426s] INFO:colcon.colcon_core.task.python.build:Building Python package in '/home/killi167/CSCI4551 Final Project/ColorTrackingRobot/src/nav_pkg'
[2.426s] INFO:colcon.colcon_core.shell:Skip shell extension 'powershell' for command environment: Not usable outside of PowerShell
[2.426s] DEBUG:colcon.colcon_core.shell:Skip shell extension 'dsv' for command environment
[4.209s] DEBUG:colcon.colcon_core.event_handler.log_command:Invoking command in '/home/killi167/CSCI4551 Final Project/ColorTrackingRobot/src/color_detector_pkg': DEBUGINFOD_URLS=https://debuginfod.ubuntu.com PYTHONPATH=/home/killi167/CSCI4551 Final Project/ColorTrackingRobot/build/color_detector_pkg/prefix_override:/usr/lib/python3/dist-packages/colcon_core/task/python/colcon_distutils_commands:/home/killi167/CSCI4551 Final Project/ColorTrackingRobot/install/color_detector_pkg/lib/python3.12/site-packages:${PYTHONPATH} _=/usr/bin/env /usr/bin/python3 -W ignore:setup.py install is deprecated -W ignore:easy_install command is deprecated setup.py egg_info --egg-base ../../build/color_detector_pkg build --build-base /home/killi167/CSCI4551 Final Project/ColorTrackingRobot/build/color_detector_pkg/build install --record /home/killi167/CSCI4551 Final Project/ColorTrackingRobot/build/color_detector_pkg/install.log --single-version-externally-managed install_data
[4.232s] DEBUG:colcon.colcon_core.event_handler.log_command:Invoking command in '/home/killi167/CSCI4551 Final Project/ColorTrackingRobot/src/nav_pkg': DEBUGINFOD_URLS=https://debuginfod.ubuntu.com PYTHONPATH=/home/killi167/CSCI4551 Final Project/ColorTrackingRobot/build/nav_pkg/prefix_override:/usr/lib/python3/dist-packages/colcon_core/task/python/colcon_distutils_commands:/home/killi167/CSCI4551 Final Project/ColorTrackingRobot/install/nav_pkg/lib/python3.12/site-packages:${PYTHONPATH} _=/usr/bin/env /usr/bin/python3 -W ignore:setup.py install is deprecated -W ignore:easy_install command is deprecated setup.py egg_info --egg-base ../../build/nav_pkg build --build-base /home/killi167/CSCI4551 Final Project/ColorTrackingRobot/build/nav_pkg/build install --record /home/killi167/CSCI4551 Final Project/ColorTrackingRobot/build/nav_pkg/install.log --single-version-externally-managed install_data
[4.453s] DEBUG:colcon.colcon_core.event_handler.log_command:Invoking command in '/home/killi167/CSCI4551 Final Project/ColorTrackingRobot/src/env_assets_pkg': DEBUGINFOD_URLS=https://debuginfod.ubuntu.com PYTHONPATH=/home/killi167/CSCI4551 Final Project/ColorTrackingRobot/build/env_assets_pkg/prefix_override:/usr/lib/python3/dist-packages/colcon_core/task/python/colcon_distutils_commands:/home/killi167/CSCI4551 Final Project/ColorTrackingRobot/install/env_assets_pkg/lib/python3.12/site-packages:${PYTHONPATH} _=/usr/bin/env /usr/bin/python3 -W ignore:setup.py install is deprecated -W ignore:easy_install command is deprecated setup.py egg_info --egg-base ../../build/env_assets_pkg build --build-base /home/killi167/CSCI4551 Final Project/ColorTrackingRobot/build/env_assets_pkg/build install --record /home/killi167/CSCI4551 Final Project/ColorTrackingRobot/build/env_assets_pkg/install.log --single-version-externally-managed install_data
[6.810s] Level 1:colcon.colcon_core.environment:checking '/home/killi167/CSCI4551 Final Project/ColorTrackingRobot/install/nav_pkg' for CMake module files
[6.810s] DEBUG:colcon.colcon_core.event_handler.log_command:Invoked command in '/home/killi167/CSCI4551 Final Project/ColorTrackingRobot/src/nav_pkg' returned '0': DEBUGINFOD_URLS=https://debuginfod.ubuntu.com PYTHONPATH=/home/killi167/CSCI4551 Final Project/ColorTrackingRobot/build/nav_pkg/prefix_override:/usr/lib/python3/dist-packages/colcon_core/task/python/colcon_distutils_commands:/home/killi167/CSCI4551 Final Project/ColorTrackingRobot/install/nav_pkg/lib/python3.12/site-packages:${PYTHONPATH} _=/usr/bin/env /usr/bin/python3 -W ignore:setup.py install is deprecated -W ignore:easy_install command is deprecated setup.py egg_info --egg-base ../../build/nav_pkg build --build-base /home/killi167/CSCI4551 Final Project/ColorTrackingRobot/build/nav_pkg/build install --record /home/killi167/CSCI4551 Final Project/ColorTrackingRobot/build/nav_pkg/install.log --single-version-externally-managed install_data
[6.824s] Level 1:colcon.colcon_core.environment:checking '/home/killi167/CSCI4551 Final Project/ColorTrackingRobot/install/nav_pkg' for CMake config files
[6.851s] Level 1:colcon.colcon_core.environment:checking '/home/killi167/CSCI4551 Final Project/ColorTrackingRobot/install/nav_pkg/lib'
[6.853s] Level 1:colcon.colcon_core.environment:checking '/home/killi167/CSCI4551 Final Project/ColorTrackingRobot/install/nav_pkg/bin'
[6.854s] Level 1:colcon.colcon_core.environment:checking '/home/killi167/CSCI4551 Final Project/ColorTrackingRobot/install/nav_pkg/lib/pkgconfig/nav_pkg.pc'
[6.856s] Level 1:colcon.colcon_core.environment:checking '/home/killi167/CSCI4551 Final Project/ColorTrackingRobot/install/nav_pkg/lib/python3.12/site-packages'
[6.857s] Level 1:colcon.colcon_core.shell:create_environment_hook('nav_pkg', 'pythonpath')
[6.859s] INFO:colcon.colcon_core.shell:Creating environment hook '/home/killi167/CSCI4551 Final Project/ColorTrackingRobot/install/nav_pkg/share/nav_pkg/hook/pythonpath.ps1'
[6.867s] INFO:colcon.colcon_core.shell:Creating environment descriptor '/home/killi167/CSCI4551 Final Project/ColorTrackingRobot/install/nav_pkg/share/nav_pkg/hook/pythonpath.dsv'
[6.873s] INFO:colcon.colcon_core.shell:Creating environment hook '/home/killi167/CSCI4551 Final Project/ColorTrackingRobot/install/nav_pkg/share/nav_pkg/hook/pythonpath.sh'
[6.880s] Level 1:colcon.colcon_core.environment:checking '/home/killi167/CSCI4551 Final Project/ColorTrackingRobot/install/nav_pkg/bin'
[6.880s] Level 1:colcon.colcon_core.environment:create_environment_scripts_only(nav_pkg)
[6.882s] INFO:colcon.colcon_core.shell:Creating package script '/home/killi167/CSCI4551 Final Project/ColorTrackingRobot/install/nav_pkg/share/nav_pkg/package.ps1'
[6.889s] INFO:colcon.colcon_core.shell:Creating package descriptor '/home/killi167/CSCI4551 Final Project/ColorTrackingRobot/install/nav_pkg/share/nav_pkg/package.dsv'
[6.895s] INFO:colcon.colcon_core.shell:Creating package script '/home/killi167/CSCI4551 Final Project/ColorTrackingRobot/install/nav_pkg/share/nav_pkg/package.sh'
[6.902s] INFO:colcon.colcon_core.shell:Creating package script '/home/killi167/CSCI4551 Final Project/ColorTrackingRobot/install/nav_pkg/share/nav_pkg/package.bash'
[6.911s] INFO:colcon.colcon_core.shell:Creating package script '/home/killi167/CSCI4551 Final Project/ColorTrackingRobot/install/nav_pkg/share/nav_pkg/package.zsh'
[6.917s] Level 1:colcon.colcon_core.environment:create_file_with_runtime_dependencies(/home/killi167/CSCI4551 Final Project/ColorTrackingRobot/install/nav_pkg/share/colcon-core/packages/nav_pkg)
[6.926s] Level 1:colcon.colcon_core.environment:checking '/home/killi167/CSCI4551 Final Project/ColorTrackingRobot/install/color_detector_pkg' for CMake module files
[6.933s] DEBUG:colcon.colcon_core.event_handler.log_command:Invoked command in '/home/killi167/CSCI4551 Final Project/ColorTrackingRobot/src/color_detector_pkg' returned '0': DEBUGINFOD_URLS=https://debuginfod.ubuntu.com PYTHONPATH=/home/killi167/CSCI4551 Final Project/ColorTrackingRobot/build/color_detector_pkg/prefix_override:/usr/lib/python3/dist-packages/colcon_core/task/python/colcon_distutils_commands:/home/killi167/CSCI4551 Final Project/ColorTrackingRobot/install/color_detector_pkg/lib/python3.12/site-packages:${PYTHONPATH} _=/usr/bin/env /usr/bin/python3 -W ignore:setup.py install is deprecated -W ignore:easy_install command is deprecated setup.py egg_info --egg-base ../../build/color_detector_pkg build --build-base /home/killi167/CSCI4551 Final Project/ColorTrackingRobot/build/color_detector_pkg/build install --record /home/killi167/CSCI4551 Final Project/ColorTrackingRobot/build/color_detector_pkg/install.log --single-version-externally-managed install_data
[6.938s] Level 1:colcon.colcon_core.environment:checking '/home/killi167/CSCI4551 Final Project/ColorTrackingRobot/install/color_detector_pkg' for CMake config files
[6.969s] Level 1:colcon.colcon_core.environment:checking '/home/killi167/CSCI4551 Final Project/ColorTrackingRobot/install/color_detector_pkg/lib'
[6.971s] Level 1:colcon.colcon_core.environment:checking '/home/killi167/CSCI4551 Final Project/ColorTrackingRobot/install/color_detector_pkg/bin'
[6.973s] Level 1:colcon.colcon_core.environment:checking '/home/killi167/CSCI4551 Final Project/ColorTrackingRobot/install/color_detector_pkg/lib/pkgconfig/color_detector_pkg.pc'
[6.976s] Level 1:colcon.colcon_core.environment:checking '/home/killi167/CSCI4551 Final Project/ColorTrackingRobot/install/color_detector_pkg/lib/python3.12/site-packages'
[6.977s] Level 1:colcon.colcon_core.shell:create_environment_hook('color_detector_pkg', 'pythonpath')
[6.978s] INFO:colcon.colcon_core.shell:Creating environment hook '/home/killi167/CSCI4551 Final Project/ColorTrackingRobot/install/color_detector_pkg/share/color_detector_pkg/hook/pythonpath.ps1'
[6.986s] INFO:colcon.colcon_core.shell:Creating environment descriptor '/home/killi167/CSCI4551 Final Project/ColorTrackingRobot/install/color_detector_pkg/share/color_detector_pkg/hook/pythonpath.dsv'
[6.992s] INFO:colcon.colcon_core.shell:Creating environment hook '/home/killi167/CSCI4551 Final Project/ColorTrackingRobot/install/color_detector_pkg/share/color_detector_pkg/hook/pythonpath.sh'
[7.003s] Level 1:colcon.colcon_core.environment:checking '/home/killi167/CSCI4551 Final Project/ColorTrackingRobot/install/color_detector_pkg/bin'
[7.004s] Level 1:colcon.colcon_core.environment:create_environment_scripts_only(color_detector_pkg)
[7.004s] INFO:colcon.colcon_core.shell:Creating package script '/home/killi167/CSCI4551 Final Project/ColorTrackingRobot/install/color_detector_pkg/share/color_detector_pkg/package.ps1'
[7.014s] INFO:colcon.colcon_core.shell:Creating package descriptor '/home/killi167/CSCI4551 Final Project/ColorTrackingRobot/install/color_detector_pkg/share/color_detector_pkg/package.dsv'
[7.020s] INFO:colcon.colcon_core.shell:Creating package script '/home/killi167/CSCI4551 Final Project/ColorTrackingRobot/install/color_detector_pkg/share/color_detector_pkg/package.sh'
[7.026s] INFO:colcon.colcon_core.shell:Creating package script '/home/killi167/CSCI4551 Final Project/ColorTrackingRobot/install/color_detector_pkg/share/color_detector_pkg/package.bash'
[7.032s] INFO:colcon.colcon_core.shell:Creating package script '/home/killi167/CSCI4551 Final Project/ColorTrackingRobot/install/color_detector_pkg/share/color_detector_pkg/package.zsh'
[7.040s] Level 1:colcon.colcon_core.environment:create_file_with_runtime_dependencies(/home/killi167/CSCI4551 Final Project/ColorTrackingRobot/install/color_detector_pkg/share/colcon-core/packages/color_detector_pkg)
[7.049s] Level 1:colcon.colcon_core.environment:checking '/home/killi167/CSCI4551 Final Project/ColorTrackingRobot/install/env_assets_pkg' for CMake module files
[7.058s] Level 1:colcon.colcon_core.environment:checking '/home/killi167/CSCI4551 Final Project/ColorTrackingRobot/install/env_assets_pkg' for CMake config files
[7.060s] DEBUG:colcon.colcon_core.event_handler.log_command:Invoked command in '/home/killi167/CSCI4551 Final Project/ColorTrackingRobot/src/env_assets_pkg' returned '0': DEBUGINFOD_URLS=https://debuginfod.ubuntu.com PYTHONPATH=/home/killi167/CSCI4551 Final Project/ColorTrackingRobot/build/env_assets_pkg/prefix_override:/usr/lib/python3/dist-packages/colcon_core/task/python/colcon_distutils_commands:/home/killi167/CSCI4551 Final Project/ColorTrackingRobot/install/env_assets_pkg/lib/python3.12/site-packages:${PYTHONPATH} _=/usr/bin/env /usr/bin/python3 -W ignore:setup.py install is deprecated -W ignore:easy_install command is deprecated setup.py egg_info --egg-base ../../build/env_assets_pkg build --build-base /home/killi167/CSCI4551 Final Project/ColorTrackingRobot/build/env_assets_pkg/build install --record /home/killi167/CSCI4551 Final Project/ColorTrackingRobot/build/env_assets_pkg/install.log --single-version-externally-managed install_data
[7.091s] Level 1:colcon.colcon_core.environment:checking '/home/killi167/CSCI4551 Final Project/ColorTrackingRobot/install/env_assets_pkg/lib'
[7.092s] Level 1:colcon.colcon_core.environment:checking '/home/killi167/CSCI4551 Final Project/ColorTrackingRobot/install/env_assets_pkg/bin'
[7.093s] Level 1:colcon.colcon_core.environment:checking '/home/killi167/CSCI4551 Final Project/ColorTrackingRobot/install/env_assets_pkg/lib/pkgconfig/env_assets_pkg.pc'
[7.095s] Level 1:colcon.colcon_core.environment:checking '/home/killi167/CSCI4551 Final Project/ColorTrackingRobot/install/env_assets_pkg/lib/python3.12/site-packages'
[7.097s] Level 1:colcon.colcon_core.shell:create_environment_hook('env_assets_pkg', 'pythonpath')
[7.099s] INFO:colcon.colcon_core.shell:Creating environment hook '/home/killi167/CSCI4551 Final Project/ColorTrackingRobot/install/env_assets_pkg/share/env_assets_pkg/hook/pythonpath.ps1'
[7.107s] INFO:colcon.colcon_core.shell:Creating environment descriptor '/home/killi167/CSCI4551 Final Project/ColorTrackingRobot/install/env_assets_pkg/share/env_assets_pkg/hook/pythonpath.dsv'
[7.113s] INFO:colcon.colcon_core.shell:Creating environment hook '/home/killi167/CSCI4551 Final Project/ColorTrackingRobot/install/env_assets_pkg/share/env_assets_pkg/hook/pythonpath.sh'
[7.119s] Level 1:colcon.colcon_core.environment:checking '/home/killi167/CSCI4551 Final Project/ColorTrackingRobot/install/env_assets_pkg/bin'
[7.120s] Level 1:colcon.colcon_core.environment:create_environment_scripts_only(env_assets_pkg)
[7.123s] INFO:colcon.colcon_core.shell:Creating package script '/home/killi167/CSCI4551 Final Project/ColorTrackingRobot/install/env_assets_pkg/share/env_assets_pkg/package.ps1'
[7.130s] INFO:colcon.colcon_core.shell:Creating package descriptor '/home/killi167/CSCI4551 Final Project/ColorTrackingRobot/install/env_assets_pkg/share/env_assets_pkg/package.dsv'
[7.137s] INFO:colcon.colcon_core.shell:Creating package script '/home/killi167/CSCI4551 Final Project/ColorTrackingRobot/install/env_assets_pkg/share/env_assets_pkg/package.sh'
[7.142s] INFO:colcon.colcon_core.shell:Creating package script '/home/killi167/CSCI4551 Final Project/ColorTrackingRobot/install/env_assets_pkg/share/env_assets_pkg/package.bash'
[7.147s] INFO:colcon.colcon_core.shell:Creating package script '/home/killi167/CSCI4551 Final Project/ColorTrackingRobot/install/env_assets_pkg/share/env_assets_pkg/package.zsh'
[7.152s] Level 1:colcon.colcon_core.environment:create_file_with_runtime_dependencies(/home/killi167/CSCI4551 Final Project/ColorTrackingRobot/install/env_assets_pkg/share/colcon-core/packages/env_assets_pkg)
[7.160s] DEBUG:colcon.colcon_parallel_executor.executor.parallel:closing loop
[7.161s] DEBUG:colcon.colcon_parallel_executor.executor.parallel:loop closed
[7.161s] DEBUG:colcon.colcon_parallel_executor.executor.parallel:run_until_complete finished with '0'
[7.161s] DEBUG:colcon.colcon_core.event_reactor:joining thread
[7.180s] INFO:colcon.colcon_core.plugin_system:Skipping extension 'colcon_notification.desktop_notification.terminal_notifier': Not used on non-Darwin systems
[7.180s] INFO:colcon.colcon_core.plugin_system:Skipping extension 'colcon_notification.desktop_notification.win32': Not used on non-Windows systems
[7.180s] INFO:colcon.colcon_notification.desktop_notification:Sending desktop notification using 'notify2'
[7.203s] DEBUG:colcon.colcon_core.event_reactor:joined thread
[7.204s] INFO:colcon.colcon_core.shell:Creating prefix script '/home/killi167/CSCI4551 Final Project/ColorTrackingRobot/install/local_setup.ps1'
[7.214s] INFO:colcon.colcon_core.shell:Creating prefix util module '/home/killi167/CSCI4551 Final Project/ColorTrackingRobot/install/_local_setup_util_ps1.py'
[7.221s] INFO:colcon.colcon_core.shell:Creating prefix chain script '/home/killi167/CSCI4551 Final Project/ColorTrackingRobot/install/setup.ps1'
[7.227s] INFO:colcon.colcon_core.shell:Creating prefix script '/home/killi167/CSCI4551 Final Project/ColorTrackingRobot/install/local_setup.sh'
[7.233s] INFO:colcon.colcon_core.shell:Creating prefix util module '/home/killi167/CSCI4551 Final Project/ColorTrackingRobot/install/_local_setup_util_sh.py'
[7.239s] INFO:colcon.colcon_core.shell:Creating prefix chain script '/home/killi167/CSCI4551 Final Project/ColorTrackingRobot/install/setup.sh'
[7.245s] INFO:colcon.colcon_core.shell:Creating prefix script '/home/killi167/CSCI4551 Final Project/ColorTrackingRobot/install/local_setup.bash'
[7.254s] INFO:colcon.colcon_core.shell:Creating prefix chain script '/home/killi167/CSCI4551 Final Project/ColorTrackingRobot/install/setup.bash'
[7.261s] INFO:colcon.colcon_core.shell:Creating prefix script '/home/killi167/CSCI4551 Final Project/ColorTrackingRobot/install/local_setup.zsh'
[7.267s] INFO:colcon.colcon_core.shell:Creating prefix chain script '/home/killi167/CSCI4551 Final Project/ColorTrackingRobot/install/setup.zsh'
