[2.432s] Invoking command in '/home/simkh005/4551_proj_ws/src/nav_pkg': PYTHONPATH=/home/simkh005/4551_proj_ws/build/nav_pkg/prefix_override:/usr/lib/python3/dist-packages/colcon_core/task/python/colcon_distutils_commands:/home/simkh005/4551_proj_ws/install/nav_pkg/lib/python3.12/site-packages:${PYTHONPATH} /usr/bin/python3 -W ignore:setup.py install is deprecated -W ignore:easy_install command is deprecated setup.py egg_info --egg-base ../../build/nav_pkg build --build-base /home/simkh005/4551_proj_ws/build/nav_pkg/build install --record /home/simkh005/4551_proj_ws/build/nav_pkg/install.log --single-version-externally-managed install_data
[2.856s] running egg_info
[2.856s] creating ../../build/nav_pkg/nav_pkg.egg-info
[2.883s] writing ../../build/nav_pkg/nav_pkg.egg-info/PKG-INFO
[2.884s] writing dependency_links to ../../build/nav_pkg/nav_pkg.egg-info/dependency_links.txt
[2.885s] writing requirements to ../../build/nav_pkg/nav_pkg.egg-info/requires.txt
[2.886s] writing top-level names to ../../build/nav_pkg/nav_pkg.egg-info/top_level.txt
[2.886s] writing manifest file '../../build/nav_pkg/nav_pkg.egg-info/SOURCES.txt'
[2.944s] reading manifest file '../../build/nav_pkg/nav_pkg.egg-info/SOURCES.txt'
[2.945s] writing manifest file '../../build/nav_pkg/nav_pkg.egg-info/SOURCES.txt'
[2.946s] running build
[2.947s] running build_py
[2.947s] creating /home/simkh005/4551_proj_ws/build/nav_pkg/build
[2.948s] creating /home/simkh005/4551_proj_ws/build/nav_pkg/build/lib
[2.948s] creating /home/simkh005/4551_proj_ws/build/nav_pkg/build/lib/nav_pkg
[2.948s] copying nav_pkg/__init__.py -> /home/simkh005/4551_proj_ws/build/nav_pkg/build/lib/nav_pkg
[2.949s] running install
[2.958s] running install_lib
[3.003s] creating /home/simkh005/4551_proj_ws/install/nav_pkg/lib/python3.12/site-packages/nav_pkg
[3.004s] copying /home/simkh005/4551_proj_ws/build/nav_pkg/build/lib/nav_pkg/__init__.py -> /home/simkh005/4551_proj_ws/install/nav_pkg/lib/python3.12/site-packages/nav_pkg
[3.004s] byte-compiling /home/simkh005/4551_proj_ws/install/nav_pkg/lib/python3.12/site-packages/nav_pkg/__init__.py to __init__.cpython-312.pyc
[3.005s] running install_data
[3.006s] creating /home/simkh005/4551_proj_ws/install/nav_pkg/share/ament_index
[3.006s] creating /home/simkh005/4551_proj_ws/install/nav_pkg/share/ament_index/resource_index
[3.006s] creating /home/simkh005/4551_proj_ws/install/nav_pkg/share/ament_index/resource_index/packages
[3.007s] copying resource/nav_pkg -> /home/simkh005/4551_proj_ws/install/nav_pkg/share/ament_index/resource_index/packages
[3.007s] copying package.xml -> /home/simkh005/4551_proj_ws/install/nav_pkg/share/nav_pkg
[3.008s] running install_egg_info
[3.050s] Copying ../../build/nav_pkg/nav_pkg.egg-info to /home/simkh005/4551_proj_ws/install/nav_pkg/lib/python3.12/site-packages/nav_pkg-0.0.0-py3.12.egg-info
[3.051s] running install_scripts
[3.268s] writing list of installed files to '/home/simkh005/4551_proj_ws/build/nav_pkg/install.log'
[3.315s] Invoked command in '/home/simkh005/4551_proj_ws/src/nav_pkg' returned '0': PYTHONPATH=/home/simkh005/4551_proj_ws/build/nav_pkg/prefix_override:/usr/lib/python3/dist-packages/colcon_core/task/python/colcon_distutils_commands:/home/simkh005/4551_proj_ws/install/nav_pkg/lib/python3.12/site-packages:${PYTHONPATH} /usr/bin/python3 -W ignore:setup.py install is deprecated -W ignore:easy_install command is deprecated setup.py egg_info --egg-base ../../build/nav_pkg build --build-base /home/simkh005/4551_proj_ws/build/nav_pkg/build install --record /home/simkh005/4551_proj_ws/build/nav_pkg/install.log --single-version-externally-managed install_data
