running egg_info
creating ../../build/env_assets_pkg/env_assets_pkg.egg-info
writing ../../build/env_assets_pkg/env_assets_pkg.egg-info/PKG-INFO
writing dependency_links to ../../build/env_assets_pkg/env_assets_pkg.egg-info/dependency_links.txt
writing requirements to ../../build/env_assets_pkg/env_assets_pkg.egg-info/requires.txt
writing top-level names to ../../build/env_assets_pkg/env_assets_pkg.egg-info/top_level.txt
writing manifest file '../../build/env_assets_pkg/env_assets_pkg.egg-info/SOURCES.txt'
reading manifest file '../../build/env_assets_pkg/env_assets_pkg.egg-info/SOURCES.txt'
writing manifest file '../../build/env_assets_pkg/env_assets_pkg.egg-info/SOURCES.txt'
running build
running build_py
creating /home/simkh005/4551_proj_ws/build/env_assets_pkg/build
creating /home/simkh005/4551_proj_ws/build/env_assets_pkg/build/lib
creating /home/simkh005/4551_proj_ws/build/env_assets_pkg/build/lib/env_assets_pkg
copying env_assets_pkg/__init__.py -> /home/simkh005/4551_proj_ws/build/env_assets_pkg/build/lib/env_assets_pkg
running install
running install_lib
creating /home/simkh005/4551_proj_ws/install/env_assets_pkg/lib/python3.12/site-packages/env_assets_pkg
copying /home/simkh005/4551_proj_ws/build/env_assets_pkg/build/lib/env_assets_pkg/__init__.py -> /home/simkh005/4551_proj_ws/install/env_assets_pkg/lib/python3.12/site-packages/env_assets_pkg
byte-compiling /home/simkh005/4551_proj_ws/install/env_assets_pkg/lib/python3.12/site-packages/env_assets_pkg/__init__.py to __init__.cpython-312.pyc
running install_data
creating /home/simkh005/4551_proj_ws/install/env_assets_pkg/share/ament_index
creating /home/simkh005/4551_proj_ws/install/env_assets_pkg/share/ament_index/resource_index
creating /home/simkh005/4551_proj_ws/install/env_assets_pkg/share/ament_index/resource_index/packages
copying resource/env_assets_pkg -> /home/simkh005/4551_proj_ws/install/env_assets_pkg/share/ament_index/resource_index/packages
copying package.xml -> /home/simkh005/4551_proj_ws/install/env_assets_pkg/share/env_assets_pkg
running install_egg_info
Copying ../../build/env_assets_pkg/env_assets_pkg.egg-info to /home/simkh005/4551_proj_ws/install/env_assets_pkg/lib/python3.12/site-packages/env_assets_pkg-0.0.0-py3.12.egg-info
running install_scripts
writing list of installed files to '/home/simkh005/4551_proj_ws/build/env_assets_pkg/install.log'
