[2.454s] Invoking command in '/home/simkh005/4551_proj_ws/src/env_assets_pkg': PYTHONPATH=/home/simkh005/4551_proj_ws/build/env_assets_pkg/prefix_override:/usr/lib/python3/dist-packages/colcon_core/task/python/colcon_distutils_commands:/home/simkh005/4551_proj_ws/install/env_assets_pkg/lib/python3.12/site-packages:${PYTHONPATH} /usr/bin/python3 -W ignore:setup.py install is deprecated -W ignore:easy_install command is deprecated setup.py egg_info --egg-base ../../build/env_assets_pkg build --build-base /home/simkh005/4551_proj_ws/build/env_assets_pkg/build install --record /home/simkh005/4551_proj_ws/build/env_assets_pkg/install.log --single-version-externally-managed install_data
[2.929s] running egg_info
[2.930s] creating ../../build/env_assets_pkg/env_assets_pkg.egg-info
[2.963s] writing ../../build/env_assets_pkg/env_assets_pkg.egg-info/PKG-INFO
[2.963s] writing dependency_links to ../../build/env_assets_pkg/env_assets_pkg.egg-info/dependency_links.txt
[2.964s] writing requirements to ../../build/env_assets_pkg/env_assets_pkg.egg-info/requires.txt
[2.964s] writing top-level names to ../../build/env_assets_pkg/env_assets_pkg.egg-info/top_level.txt
[2.964s] writing manifest file '../../build/env_assets_pkg/env_assets_pkg.egg-info/SOURCES.txt'
[3.032s] reading manifest file '../../build/env_assets_pkg/env_assets_pkg.egg-info/SOURCES.txt'
[3.033s] writing manifest file '../../build/env_assets_pkg/env_assets_pkg.egg-info/SOURCES.txt'
[3.034s] running build
[3.034s] running build_py
[3.034s] creating /home/simkh005/4551_proj_ws/build/env_assets_pkg/build
[3.034s] creating /home/simkh005/4551_proj_ws/build/env_assets_pkg/build/lib
[3.035s] creating /home/simkh005/4551_proj_ws/build/env_assets_pkg/build/lib/env_assets_pkg
[3.035s] copying env_assets_pkg/__init__.py -> /home/simkh005/4551_proj_ws/build/env_assets_pkg/build/lib/env_assets_pkg
[3.036s] running install
[3.053s] running install_lib
[3.083s] creating /home/simkh005/4551_proj_ws/install/env_assets_pkg/lib/python3.12/site-packages/env_assets_pkg
[3.083s] copying /home/simkh005/4551_proj_ws/build/env_assets_pkg/build/lib/env_assets_pkg/__init__.py -> /home/simkh005/4551_proj_ws/install/env_assets_pkg/lib/python3.12/site-packages/env_assets_pkg
[3.083s] byte-compiling /home/simkh005/4551_proj_ws/install/env_assets_pkg/lib/python3.12/site-packages/env_assets_pkg/__init__.py to __init__.cpython-312.pyc
[3.084s] running install_data
[3.084s] creating /home/simkh005/4551_proj_ws/install/env_assets_pkg/share/ament_index
[3.085s] creating /home/simkh005/4551_proj_ws/install/env_assets_pkg/share/ament_index/resource_index
[3.085s] creating /home/simkh005/4551_proj_ws/install/env_assets_pkg/share/ament_index/resource_index/packages
[3.085s] copying resource/env_assets_pkg -> /home/simkh005/4551_proj_ws/install/env_assets_pkg/share/ament_index/resource_index/packages
[3.086s] copying package.xml -> /home/simkh005/4551_proj_ws/install/env_assets_pkg/share/env_assets_pkg
[3.086s] running install_egg_info
[3.119s] Copying ../../build/env_assets_pkg/env_assets_pkg.egg-info to /home/simkh005/4551_proj_ws/install/env_assets_pkg/lib/python3.12/site-packages/env_assets_pkg-0.0.0-py3.12.egg-info
[3.121s] running install_scripts
[3.325s] writing list of installed files to '/home/simkh005/4551_proj_ws/build/env_assets_pkg/install.log'
[3.369s] Invoked command in '/home/simkh005/4551_proj_ws/src/env_assets_pkg' returned '0': PYTHONPATH=/home/simkh005/4551_proj_ws/build/env_assets_pkg/prefix_override:/usr/lib/python3/dist-packages/colcon_core/task/python/colcon_distutils_commands:/home/simkh005/4551_proj_ws/install/env_assets_pkg/lib/python3.12/site-packages:${PYTHONPATH} /usr/bin/python3 -W ignore:setup.py install is deprecated -W ignore:easy_install command is deprecated setup.py egg_info --egg-base ../../build/env_assets_pkg build --build-base /home/simkh005/4551_proj_ws/build/env_assets_pkg/build install --record /home/simkh005/4551_proj_ws/build/env_assets_pkg/install.log --single-version-externally-managed install_data
