[1.325s] Invoking command in '/home/simkh005/4551_proj_ws/src/nav_pkg': PYTHONPATH=/home/simkh005/4551_proj_ws/build/nav_pkg/prefix_override:/usr/lib/python3/dist-packages/colcon_core/task/python/colcon_distutils_commands:/home/simkh005/4551_proj_ws/install/nav_pkg/lib/python3.12/site-packages:${PYTHONPATH} /usr/bin/python3 -W ignore:setup.py install is deprecated -W ignore:easy_install command is deprecated setup.py egg_info --egg-base ../../build/nav_pkg build --build-base /home/simkh005/4551_proj_ws/build/nav_pkg/build install --record /home/simkh005/4551_proj_ws/build/nav_pkg/install.log --single-version-externally-managed install_data
[1.600s] running egg_info
[1.600s] creating ../../build/nav_pkg/nav_pkg.egg-info
[1.624s] writing ../../build/nav_pkg/nav_pkg.egg-info/PKG-INFO
[1.625s] writing dependency_links to ../../build/nav_pkg/nav_pkg.egg-info/dependency_links.txt
[1.625s] writing requirements to ../../build/nav_pkg/nav_pkg.egg-info/requires.txt
[1.625s] writing top-level names to ../../build/nav_pkg/nav_pkg.egg-info/top_level.txt
[1.625s] writing manifest file '../../build/nav_pkg/nav_pkg.egg-info/SOURCES.txt'
[1.666s] reading manifest file '../../build/nav_pkg/nav_pkg.egg-info/SOURCES.txt'
[1.667s] writing manifest file '../../build/nav_pkg/nav_pkg.egg-info/SOURCES.txt'
[1.667s] running build
[1.667s] running build_py
[1.668s] creating /home/simkh005/4551_proj_ws/build/nav_pkg/build
[1.668s] creating /home/simkh005/4551_proj_ws/build/nav_pkg/build/lib
[1.668s] creating /home/simkh005/4551_proj_ws/build/nav_pkg/build/lib/nav_pkg
[1.668s] copying nav_pkg/pathfinding_node.py -> /home/simkh005/4551_proj_ws/build/nav_pkg/build/lib/nav_pkg
[1.669s] copying nav_pkg/goal_mng.py -> /home/simkh005/4551_proj_ws/build/nav_pkg/build/lib/nav_pkg
[1.669s] copying nav_pkg/__init__.py -> /home/simkh005/4551_proj_ws/build/nav_pkg/build/lib/nav_pkg
[1.669s] copying nav_pkg/spawn_robot.py -> /home/simkh005/4551_proj_ws/build/nav_pkg/build/lib/nav_pkg
[1.669s] running install
[1.677s] running install_lib
[1.703s] creating /home/simkh005/4551_proj_ws/install/nav_pkg/lib/python3.12/site-packages/nav_pkg
[1.703s] copying /home/simkh005/4551_proj_ws/build/nav_pkg/build/lib/nav_pkg/pathfinding_node.py -> /home/simkh005/4551_proj_ws/install/nav_pkg/lib/python3.12/site-packages/nav_pkg
[1.703s] copying /home/simkh005/4551_proj_ws/build/nav_pkg/build/lib/nav_pkg/goal_mng.py -> /home/simkh005/4551_proj_ws/install/nav_pkg/lib/python3.12/site-packages/nav_pkg
[1.704s] copying /home/simkh005/4551_proj_ws/build/nav_pkg/build/lib/nav_pkg/__init__.py -> /home/simkh005/4551_proj_ws/install/nav_pkg/lib/python3.12/site-packages/nav_pkg
[1.704s] copying /home/simkh005/4551_proj_ws/build/nav_pkg/build/lib/nav_pkg/spawn_robot.py -> /home/simkh005/4551_proj_ws/install/nav_pkg/lib/python3.12/site-packages/nav_pkg
[1.705s] byte-compiling /home/simkh005/4551_proj_ws/install/nav_pkg/lib/python3.12/site-packages/nav_pkg/pathfinding_node.py to pathfinding_node.cpython-312.pyc
[1.705s] byte-compiling /home/simkh005/4551_proj_ws/install/nav_pkg/lib/python3.12/site-packages/nav_pkg/goal_mng.py to goal_mng.cpython-312.pyc
[1.706s] byte-compiling /home/simkh005/4551_proj_ws/install/nav_pkg/lib/python3.12/site-packages/nav_pkg/__init__.py to __init__.cpython-312.pyc
[1.706s] byte-compiling /home/simkh005/4551_proj_ws/install/nav_pkg/lib/python3.12/site-packages/nav_pkg/spawn_robot.py to spawn_robot.cpython-312.pyc
[1.706s] running install_data
[1.706s] creating /home/simkh005/4551_proj_ws/install/nav_pkg/share/ament_index
[1.707s] creating /home/simkh005/4551_proj_ws/install/nav_pkg/share/ament_index/resource_index
[1.707s] creating /home/simkh005/4551_proj_ws/install/nav_pkg/share/ament_index/resource_index/packages
[1.708s] copying resource/nav_pkg -> /home/simkh005/4551_proj_ws/install/nav_pkg/share/ament_index/resource_index/packages
[1.708s] copying package.xml -> /home/simkh005/4551_proj_ws/install/nav_pkg/share/nav_pkg
[1.709s] creating /home/simkh005/4551_proj_ws/install/nav_pkg/share/nav_pkg/launch
[1.709s] copying launch/spawn_tb3.launch.py -> /home/simkh005/4551_proj_ws/install/nav_pkg/share/nav_pkg/launch
[1.709s] running install_egg_info
[1.729s] Copying ../../build/nav_pkg/nav_pkg.egg-info to /home/simkh005/4551_proj_ws/install/nav_pkg/lib/python3.12/site-packages/nav_pkg-0.0.0-py3.12.egg-info
[1.730s] running install_scripts
[1.864s] writing list of installed files to '/home/simkh005/4551_proj_ws/build/nav_pkg/install.log'
[1.897s] Invoked command in '/home/simkh005/4551_proj_ws/src/nav_pkg' returned '0': PYTHONPATH=/home/simkh005/4551_proj_ws/build/nav_pkg/prefix_override:/usr/lib/python3/dist-packages/colcon_core/task/python/colcon_distutils_commands:/home/simkh005/4551_proj_ws/install/nav_pkg/lib/python3.12/site-packages:${PYTHONPATH} /usr/bin/python3 -W ignore:setup.py install is deprecated -W ignore:easy_install command is deprecated setup.py egg_info --egg-base ../../build/nav_pkg build --build-base /home/simkh005/4551_proj_ws/build/nav_pkg/build install --record /home/simkh005/4551_proj_ws/build/nav_pkg/install.log --single-version-externally-managed install_data
