running egg_info
writing ../../build/color_detector_pkg/color_detector_pkg.egg-info/PKG-INFO
writing dependency_links to ../../build/color_detector_pkg/color_detector_pkg.egg-info/dependency_links.txt
writing entry points to ../../build/color_detector_pkg/color_detector_pkg.egg-info/entry_points.txt
writing requirements to ../../build/color_detector_pkg/color_detector_pkg.egg-info/requires.txt
writing top-level names to ../../build/color_detector_pkg/color_detector_pkg.egg-info/top_level.txt
writing manifest file '../../build/color_detector_pkg/color_detector_pkg.egg-info/SOURCES.txt'
running build
running build_py
copying color_detector_pkg/color_controller.py -> /home/killi167/CSCI4551 Final Project/ColorTrackingRobot/build/color_detector_pkg/build/lib/color_detector_pkg
running install
running install_lib
copying /home/killi167/CSCI4551 Final Project/ColorTrackingRobot/build/color_detector_pkg/build/lib/color_detector_pkg/color_controller.py -> /home/killi167/CSCI4551 Final Project/ColorTrackingRobot/install/color_detector_pkg/lib/python3.12/site-packages/color_detector_pkg
byte-compiling /home/killi167/CSCI4551 Final Project/ColorTrackingRobot/install/color_detector_pkg/lib/python3.12/site-packages/color_detector_pkg/color_controller.py to color_controller.cpython-312.pyc
running install_data
running install_egg_info
removing '/home/killi167/CSCI4551 Final Project/ColorTrackingRobot/install/color_detector_pkg/lib/python3.12/site-packages/color_detector_pkg-0.0.0-py3.12.egg-info' (and everything under it)
Copying ../../build/color_detector_pkg/color_detector_pkg.egg-info to /home/killi167/CSCI4551 Final Project/ColorTrackingRobot/install/color_detector_pkg/lib/python3.12/site-packages/color_detector_pkg-0.0.0-py3.12.egg-info
running install_scripts
Installing color_controller script to /home/killi167/CSCI4551 Final Project/ColorTrackingRobot/install/color_detector_pkg/lib/color_detector_pkg
Installing color_perception_node script to /home/killi167/CSCI4551 Final Project/ColorTrackingRobot/install/color_detector_pkg/lib/color_detector_pkg
writing list of installed files to '/home/killi167/CSCI4551 Final Project/ColorTrackingRobot/build/color_detector_pkg/install.log'
