[3.818s] Invoking command in '/home/killi167/CSCI4551 Final Project/ColorTrackingRobot/src/color_detector_pkg': DEBUGINFOD_URLS=https://debuginfod.ubuntu.com PYTHONPATH=/home/killi167/CSCI4551 Final Project/ColorTrackingRobot/build/color_detector_pkg/prefix_override:/usr/lib/python3/dist-packages/colcon_core/task/python/colcon_distutils_commands:/home/killi167/CSCI4551 Final Project/ColorTrackingRobot/install/color_detector_pkg/lib/python3.12/site-packages:${PYTHONPATH} _=/usr/bin/env /usr/bin/python3 -W ignore:setup.py install is deprecated -W ignore:easy_install command is deprecated setup.py egg_info --egg-base ../../build/color_detector_pkg build --build-base /home/killi167/CSCI4551 Final Project/ColorTrackingRobot/build/color_detector_pkg/build install --record /home/killi167/CSCI4551 Final Project/ColorTrackingRobot/build/color_detector_pkg/install.log --single-version-externally-managed install_data
[4.617s] running egg_info
[4.677s] writing ../../build/color_detector_pkg/color_detector_pkg.egg-info/PKG-INFO
[4.684s] writing dependency_links to ../../build/color_detector_pkg/color_detector_pkg.egg-info/dependency_links.txt
[4.689s] writing entry points to ../../build/color_detector_pkg/color_detector_pkg.egg-info/entry_points.txt
[4.695s] writing requirements to ../../build/color_detector_pkg/color_detector_pkg.egg-info/requires.txt
[4.700s] writing top-level names to ../../build/color_detector_pkg/color_detector_pkg.egg-info/top_level.txt
[5.427s] writing manifest file '../../build/color_detector_pkg/color_detector_pkg.egg-info/SOURCES.txt'
[5.431s] running build
[5.432s] running build_py
[5.436s] copying color_detector_pkg/color_controller.py -> /home/killi167/CSCI4551 Final Project/ColorTrackingRobot/build/color_detector_pkg/build/lib/color_detector_pkg
[5.443s] running install
[5.452s] running install_lib
[5.512s] copying /home/killi167/CSCI4551 Final Project/ColorTrackingRobot/build/color_detector_pkg/build/lib/color_detector_pkg/color_controller.py -> /home/killi167/CSCI4551 Final Project/ColorTrackingRobot/install/color_detector_pkg/lib/python3.12/site-packages/color_detector_pkg
[5.528s] byte-compiling /home/killi167/CSCI4551 Final Project/ColorTrackingRobot/install/color_detector_pkg/lib/python3.12/site-packages/color_detector_pkg/color_controller.py to color_controller.cpython-312.pyc
[5.544s] running install_data
[5.547s] running install_egg_info
[5.603s] removing '/home/killi167/CSCI4551 Final Project/ColorTrackingRobot/install/color_detector_pkg/lib/python3.12/site-packages/color_detector_pkg-0.0.0-py3.12.egg-info' (and everything under it)
[5.620s] Copying ../../build/color_detector_pkg/color_detector_pkg.egg-info to /home/killi167/CSCI4551 Final Project/ColorTrackingRobot/install/color_detector_pkg/lib/python3.12/site-packages/color_detector_pkg-0.0.0-py3.12.egg-info
[5.685s] running install_scripts
[6.091s] Installing color_controller script to /home/killi167/CSCI4551 Final Project/ColorTrackingRobot/install/color_detector_pkg/lib/color_detector_pkg
[6.096s] Installing color_perception_node script to /home/killi167/CSCI4551 Final Project/ColorTrackingRobot/install/color_detector_pkg/lib/color_detector_pkg
[6.103s] writing list of installed files to '/home/killi167/CSCI4551 Final Project/ColorTrackingRobot/build/color_detector_pkg/install.log'
[6.281s] Invoked command in '/home/killi167/CSCI4551 Final Project/ColorTrackingRobot/src/color_detector_pkg' returned '0': DEBUGINFOD_URLS=https://debuginfod.ubuntu.com PYTHONPATH=/home/killi167/CSCI4551 Final Project/ColorTrackingRobot/build/color_detector_pkg/prefix_override:/usr/lib/python3/dist-packages/colcon_core/task/python/colcon_distutils_commands:/home/killi167/CSCI4551 Final Project/ColorTrackingRobot/install/color_detector_pkg/lib/python3.12/site-packages:${PYTHONPATH} _=/usr/bin/env /usr/bin/python3 -W ignore:setup.py install is deprecated -W ignore:easy_install command is deprecated setup.py egg_info --egg-base ../../build/color_detector_pkg build --build-base /home/killi167/CSCI4551 Final Project/ColorTrackingRobot/build/color_detector_pkg/build install --record /home/killi167/CSCI4551 Final Project/ColorTrackingRobot/build/color_detector_pkg/install.log --single-version-externally-managed install_data
