[0.133s] DEBUG:colcon:Command line arguments: ['/usr/bin/colcon', 'build']
[0.133s] DEBUG:colcon:Parsed command line arguments: Namespace(log_base=None, log_level=None, verb_name='build', build_base='build', install_base='install', merge_install=False, symlink_install=False, test_result_base=None, continue_on_error=False, executor='parallel', parallel_workers=16, event_handlers=None, ignore_user_meta=False, metas=['./colcon.meta'], base_paths=['.'], packages_ignore=None, packages_ignore_regex=None, paths=None, packages_up_to=None, packages_up_to_regex=None, packages_above=None, packages_above_and_dependencies=None, packages_above_depth=None, packages_select_by_dep=None, packages_skip_by_dep=None, packages_skip_up_to=None, packages_select_build_failed=False, packages_skip_build_finished=False, packages_select_test_failures=False, packages_skip_test_passed=False, packages_select=None, packages_skip=None, packages_select_regex=None, packages_skip_regex=None, packages_start=None, packages_end=None, allow_overriding=[], cmake_args=None, cmake_target=None, cmake_target_skip_unavailable=False, cmake_clean_cache=False, cmake_clean_first=False, cmake_force_configure=False, ament_cmake_args=None, catkin_cmake_args=None, catkin_skip_building_tests=False, verb_parser=<colcon_defaults.argument_parser.defaults.DefaultArgumentsDecorator object at 0x75c204935670>, verb_extension=<colcon_core.verb.build.BuildVerb object at 0x75c2049351c0>, main=<bound method BuildVerb.main of <colcon_core.verb.build.BuildVerb object at 0x75c2049351c0>>)
[0.173s] Level 1:colcon.colcon_core.package_discovery:discover_packages(colcon_meta) check parameters
[0.173s] Level 1:colcon.colcon_core.package_discovery:discover_packages(recursive) check parameters
[0.175s] Level 1:colcon.colcon_core.package_discovery:discover_packages(ignore) check parameters
[0.176s] Level 1:colcon.colcon_core.package_discovery:discover_packages(path) check parameters
[0.178s] Level 1:colcon.colcon_core.package_discovery:discover_packages(colcon_meta) discover
[0.180s] Level 1:colcon.colcon_core.package_discovery:discover_packages(recursive) discover
[0.181s] INFO:colcon.colcon_core.package_discovery:Crawling recursively for packages in '/home/killi167/CSCI4551 Final Project/ColorTrackingRobot'
[0.184s] Level 1:colcon.colcon_core.package_identification:_identify(.) by extensions ['ignore', 'ignore_ament_install']
[0.185s] Level 1:colcon.colcon_core.package_identification:_identify(.) by extension 'ignore'
[0.186s] Level 1:colcon.colcon_core.package_identification:_identify(.) by extension 'ignore_ament_install'
[0.188s] Level 1:colcon.colcon_core.package_identification:_identify(.) by extensions ['colcon_pkg']
[0.189s] Level 1:colcon.colcon_core.package_identification:_identify(.) by extension 'colcon_pkg'
[0.189s] Level 1:colcon.colcon_core.package_identification:_identify(.) by extensions ['colcon_meta']
[0.190s] Level 1:colcon.colcon_core.package_identification:_identify(.) by extension 'colcon_meta'
[0.190s] Level 1:colcon.colcon_core.package_identification:_identify(.) by extensions ['ros']
[0.192s] Level 1:colcon.colcon_core.package_identification:_identify(.) by extension 'ros'
[0.219s] Level 1:colcon.colcon_core.package_identification:_identify(.) by extensions ['cmake', 'python']
[0.219s] Level 1:colcon.colcon_core.package_identification:_identify(.) by extension 'cmake'
[0.219s] Level 1:colcon.colcon_core.package_identification:_identify(.) by extension 'python'
[0.219s] Level 1:colcon.colcon_core.package_identification:_identify(.) by extensions ['python_setup_py']
[0.221s] Level 1:colcon.colcon_core.package_identification:_identify(.) by extension 'python_setup_py'
[0.221s] Level 1:colcon.colcon_core.package_identification:_identify(build) by extensions ['ignore', 'ignore_ament_install']
[0.222s] Level 1:colcon.colcon_core.package_identification:_identify(build) by extension 'ignore'
[0.224s] Level 1:colcon.colcon_core.package_identification:_identify(build) ignored
[0.225s] Level 1:colcon.colcon_core.package_identification:_identify(install) by extensions ['ignore', 'ignore_ament_install']
[0.226s] Level 1:colcon.colcon_core.package_identification:_identify(install) by extension 'ignore'
[0.228s] Level 1:colcon.colcon_core.package_identification:_identify(install) ignored
[0.231s] Level 1:colcon.colcon_core.package_identification:_identify(log) by extensions ['ignore', 'ignore_ament_install']
[0.231s] Level 1:colcon.colcon_core.package_identification:_identify(log) by extension 'ignore'
[0.233s] Level 1:colcon.colcon_core.package_identification:_identify(log) ignored
[0.235s] Level 1:colcon.colcon_core.package_identification:_identify(src) by extensions ['ignore', 'ignore_ament_install']
[0.236s] Level 1:colcon.colcon_core.package_identification:_identify(src) by extension 'ignore'
[0.237s] Level 1:colcon.colcon_core.package_identification:_identify(src) by extension 'ignore_ament_install'
[0.238s] Level 1:colcon.colcon_core.package_identification:_identify(src) by extensions ['colcon_pkg']
[0.240s] Level 1:colcon.colcon_core.package_identification:_identify(src) by extension 'colcon_pkg'
[0.241s] Level 1:colcon.colcon_core.package_identification:_identify(src) by extensions ['colcon_meta']
[0.242s] Level 1:colcon.colcon_core.package_identification:_identify(src) by extension 'colcon_meta'
[0.244s] Level 1:colcon.colcon_core.package_identification:_identify(src) by extensions ['ros']
[0.246s] Level 1:colcon.colcon_core.package_identification:_identify(src) by extension 'ros'
[0.247s] Level 1:colcon.colcon_core.package_identification:_identify(src) by extensions ['cmake', 'python']
[0.248s] Level 1:colcon.colcon_core.package_identification:_identify(src) by extension 'cmake'
[0.250s] Level 1:colcon.colcon_core.package_identification:_identify(src) by extension 'python'
[0.251s] Level 1:colcon.colcon_core.package_identification:_identify(src) by extensions ['python_setup_py']
[0.252s] Level 1:colcon.colcon_core.package_identification:_identify(src) by extension 'python_setup_py'
[0.255s] Level 1:colcon.colcon_core.package_identification:_identify(src/color_detector_pkg) by extensions ['ignore', 'ignore_ament_install']
[0.255s] Level 1:colcon.colcon_core.package_identification:_identify(src/color_detector_pkg) by extension 'ignore'
[0.257s] Level 1:colcon.colcon_core.package_identification:_identify(src/color_detector_pkg) by extension 'ignore_ament_install'
[0.258s] Level 1:colcon.colcon_core.package_identification:_identify(src/color_detector_pkg) by extensions ['colcon_pkg']
[0.260s] Level 1:colcon.colcon_core.package_identification:_identify(src/color_detector_pkg) by extension 'colcon_pkg'
[0.261s] Level 1:colcon.colcon_core.package_identification:_identify(src/color_detector_pkg) by extensions ['colcon_meta']
[0.263s] Level 1:colcon.colcon_core.package_identification:_identify(src/color_detector_pkg) by extension 'colcon_meta'
[0.264s] Level 1:colcon.colcon_core.package_identification:_identify(src/color_detector_pkg) by extensions ['ros']
[0.266s] Level 1:colcon.colcon_core.package_identification:_identify(src/color_detector_pkg) by extension 'ros'
[0.271s] DEBUG:colcon.colcon_core.package_identification:Package 'src/color_detector_pkg' with type 'ros.ament_python' and name 'color_detector_pkg'
[0.272s] Level 1:colcon.colcon_core.package_identification:_identify(src/env_assets_pkg) by extensions ['ignore', 'ignore_ament_install']
[0.273s] Level 1:colcon.colcon_core.package_identification:_identify(src/env_assets_pkg) by extension 'ignore'
[0.274s] Level 1:colcon.colcon_core.package_identification:_identify(src/env_assets_pkg) by extension 'ignore_ament_install'
[0.276s] Level 1:colcon.colcon_core.package_identification:_identify(src/env_assets_pkg) by extensions ['colcon_pkg']
[0.277s] Level 1:colcon.colcon_core.package_identification:_identify(src/env_assets_pkg) by extension 'colcon_pkg'
[0.279s] Level 1:colcon.colcon_core.package_identification:_identify(src/env_assets_pkg) by extensions ['colcon_meta']
[0.280s] Level 1:colcon.colcon_core.package_identification:_identify(src/env_assets_pkg) by extension 'colcon_meta'
[0.281s] Level 1:colcon.colcon_core.package_identification:_identify(src/env_assets_pkg) by extensions ['ros']
[0.283s] Level 1:colcon.colcon_core.package_identification:_identify(src/env_assets_pkg) by extension 'ros'
[0.286s] DEBUG:colcon.colcon_core.package_identification:Package 'src/env_assets_pkg' with type 'ros.ament_python' and name 'env_assets_pkg'
[0.287s] Level 1:colcon.colcon_core.package_identification:_identify(src/nav_pkg) by extensions ['ignore', 'ignore_ament_install']
[0.288s] Level 1:colcon.colcon_core.package_identification:_identify(src/nav_pkg) by extension 'ignore'
[0.289s] Level 1:colcon.colcon_core.package_identification:_identify(src/nav_pkg) by extension 'ignore_ament_install'
[0.291s] Level 1:colcon.colcon_core.package_identification:_identify(src/nav_pkg) by extensions ['colcon_pkg']
[0.292s] Level 1:colcon.colcon_core.package_identification:_identify(src/nav_pkg) by extension 'colcon_pkg'
[0.294s] Level 1:colcon.colcon_core.package_identification:_identify(src/nav_pkg) by extensions ['colcon_meta']
[0.296s] Level 1:colcon.colcon_core.package_identification:_identify(src/nav_pkg) by extension 'colcon_meta'
[0.297s] Level 1:colcon.colcon_core.package_identification:_identify(src/nav_pkg) by extensions ['ros']
[0.299s] Level 1:colcon.colcon_core.package_identification:_identify(src/nav_pkg) by extension 'ros'
[0.301s] DEBUG:colcon.colcon_core.package_identification:Package 'src/nav_pkg' with type 'ros.ament_python' and name 'nav_pkg'
[0.301s] Level 1:colcon.colcon_core.package_discovery:discover_packages(recursive) using defaults
[0.302s] Level 1:colcon.colcon_core.package_discovery:discover_packages(ignore) discover
[0.303s] Level 1:colcon.colcon_core.package_discovery:discover_packages(ignore) using defaults
[0.305s] Level 1:colcon.colcon_core.package_discovery:discover_packages(path) discover
[0.305s] Level 1:colcon.colcon_core.package_discovery:discover_packages(path) using defaults
[0.328s] Level 1:colcon.colcon_core.package_discovery:discover_packages(prefix_path) check parameters
[0.328s] Level 1:colcon.colcon_core.package_discovery:discover_packages(prefix_path) discover
[0.331s] WARNING:colcon.colcon_core.prefix_path.colcon:The path '/home/killi167/CSCI4551 Final Project/ColorTrackingRobot/src/install' in the environment variable COLCON_PREFIX_PATH doesn't exist
[0.331s] WARNING:colcon.colcon_ros.prefix_path.ament:The path '/home/killi167/CSCI4551 Final Project/ColorTrackingRobot/src/install/nav_pkg' in the environment variable AMENT_PREFIX_PATH doesn't exist
[0.333s] WARNING:colcon.colcon_ros.prefix_path.ament:The path '/home/killi167/CSCI4551 Final Project/ColorTrackingRobot/src/install/env_assets_pkg' in the environment variable AMENT_PREFIX_PATH doesn't exist
[0.334s] WARNING:colcon.colcon_ros.prefix_path.ament:The path '/home/killi167/CSCI4551 Final Project/ColorTrackingRobot/src/install/color_detector_pkg' in the environment variable AMENT_PREFIX_PATH doesn't exist
[0.345s] DEBUG:colcon.colcon_installed_package_information.package_discovery:Found 3 installed packages in /home/killi167/CSCI4551 Final Project/ColorTrackingRobot/install
[0.347s] DEBUG:colcon.colcon_installed_package_information.package_discovery:Found 547 installed packages in /opt/ros/jazzy
[0.349s] Level 1:colcon.colcon_core.package_discovery:discover_packages(prefix_path) using defaults
[0.430s] Level 5:colcon.colcon_core.verb:set package 'color_detector_pkg' build argument 'cmake_args' from command line to 'None'
[0.430s] Level 5:colcon.colcon_core.verb:set package 'color_detector_pkg' build argument 'cmake_target' from command line to 'None'
[0.430s] Level 5:colcon.colcon_core.verb:set package 'color_detector_pkg' build argument 'cmake_target_skip_unavailable' from command line to 'False'
[0.430s] Level 5:colcon.colcon_core.verb:set package 'color_detector_pkg' build argument 'cmake_clean_cache' from command line to 'False'
[0.430s] Level 5:colcon.colcon_core.verb:set package 'color_detector_pkg' build argument 'cmake_clean_first' from command line to 'False'
[0.432s] Level 5:colcon.colcon_core.verb:set package 'color_detector_pkg' build argument 'cmake_force_configure' from command line to 'False'
[0.434s] Level 5:colcon.colcon_core.verb:set package 'color_detector_pkg' build argument 'ament_cmake_args' from command line to 'None'
[0.435s] Level 5:colcon.colcon_core.verb:set package 'color_detector_pkg' build argument 'catkin_cmake_args' from command line to 'None'
[0.437s] Level 5:colcon.colcon_core.verb:set package 'color_detector_pkg' build argument 'catkin_skip_building_tests' from command line to 'False'
[0.438s] DEBUG:colcon.colcon_core.verb:Building package 'color_detector_pkg' with the following arguments: {'ament_cmake_args': None, 'build_base': '/home/killi167/CSCI4551 Final Project/ColorTrackingRobot/build/color_detector_pkg', 'catkin_cmake_args': None, 'catkin_skip_building_tests': False, 'cmake_args': None, 'cmake_clean_cache': False, 'cmake_clean_first': False, 'cmake_force_configure': False, 'cmake_target': None, 'cmake_target_skip_unavailable': False, 'install_base': '/home/killi167/CSCI4551 Final Project/ColorTrackingRobot/install/color_detector_pkg', 'merge_install': False, 'path': '/home/killi167/CSCI4551 Final Project/ColorTrackingRobot/src/color_detector_pkg', 'symlink_install': False, 'test_result_base': None}
[0.440s] Level 5:colcon.colcon_core.verb:set package 'env_assets_pkg' build argument 'cmake_args' from command line to 'None'
[0.442s] Level 5:colcon.colcon_core.verb:set package 'env_assets_pkg' build argument 'cmake_target' from command line to 'None'
[0.444s] Level 5:colcon.colcon_core.verb:set package 'env_assets_pkg' build argument 'cmake_target_skip_unavailable' from command line to 'False'
[0.446s] Level 5:colcon.colcon_core.verb:set package 'env_assets_pkg' build argument 'cmake_clean_cache' from command line to 'False'
[0.447s] Level 5:colcon.colcon_core.verb:set package 'env_assets_pkg' build argument 'cmake_clean_first' from command line to 'False'
[0.449s] Level 5:colcon.colcon_core.verb:set package 'env_assets_pkg' build argument 'cmake_force_configure' from command line to 'False'
[0.452s] Level 5:colcon.colcon_core.verb:set package 'env_assets_pkg' build argument 'ament_cmake_args' from command line to 'None'
[0.455s] Level 5:colcon.colcon_core.verb:set package 'env_assets_pkg' build argument 'catkin_cmake_args' from command line to 'None'
[0.457s] Level 5:colcon.colcon_core.verb:set package 'env_assets_pkg' build argument 'catkin_skip_building_tests' from command line to 'False'
[0.459s] DEBUG:colcon.colcon_core.verb:Building package 'env_assets_pkg' with the following arguments: {'ament_cmake_args': None, 'build_base': '/home/killi167/CSCI4551 Final Project/ColorTrackingRobot/build/env_assets_pkg', 'catkin_cmake_args': None, 'catkin_skip_building_tests': False, 'cmake_args': None, 'cmake_clean_cache': False, 'cmake_clean_first': False, 'cmake_force_configure': False, 'cmake_target': None, 'cmake_target_skip_unavailable': False, 'install_base': '/home/killi167/CSCI4551 Final Project/ColorTrackingRobot/install/env_assets_pkg', 'merge_install': False, 'path': '/home/killi167/CSCI4551 Final Project/ColorTrackingRobot/src/env_assets_pkg', 'symlink_install': False, 'test_result_base': None}
[0.461s] Level 5:colcon.colcon_core.verb:set package 'nav_pkg' build argument 'cmake_args' from command line to 'None'
[0.462s] Level 5:colcon.colcon_core.verb:set package 'nav_pkg' build argument 'cmake_target' from command line to 'None'
[0.464s] Level 5:colcon.colcon_core.verb:set package 'nav_pkg' build argument 'cmake_target_skip_unavailable' from command line to 'False'
[0.466s] Level 5:colcon.colcon_core.verb:set package 'nav_pkg' build argument 'cmake_clean_cache' from command line to 'False'
[0.468s] Level 5:colcon.colcon_core.verb:set package 'nav_pkg' build argument 'cmake_clean_first' from command line to 'False'
[0.470s] Level 5:colcon.colcon_core.verb:set package 'nav_pkg' build argument 'cmake_force_configure' from command line to 'False'
[0.472s] Level 5:colcon.colcon_core.verb:set package 'nav_pkg' build argument 'ament_cmake_args' from command line to 'None'
[0.472s] Level 5:colcon.colcon_core.verb:set package 'nav_pkg' build argument 'catkin_cmake_args' from command line to 'None'
[0.474s] Level 5:colcon.colcon_core.verb:set package 'nav_pkg' build argument 'catkin_skip_building_tests' from command line to 'False'
[0.476s] DEBUG:colcon.colcon_core.verb:Building package 'nav_pkg' with the following arguments: {'ament_cmake_args': None, 'build_base': '/home/killi167/CSCI4551 Final Project/ColorTrackingRobot/build/nav_pkg', 'catkin_cmake_args': None, 'catkin_skip_building_tests': False, 'cmake_args': None, 'cmake_clean_cache': False, 'cmake_clean_first': False, 'cmake_force_configure': False, 'cmake_target': None, 'cmake_target_skip_unavailable': False, 'install_base': '/home/killi167/CSCI4551 Final Project/ColorTrackingRobot/install/nav_pkg', 'merge_install': False, 'path': '/home/killi167/CSCI4551 Final Project/ColorTrackingRobot/src/nav_pkg', 'symlink_install': False, 'test_result_base': None}
[0.479s] INFO:colcon.colcon_core.executor:Executing jobs using 'parallel' executor
[0.482s] DEBUG:colcon.colcon_parallel_executor.executor.parallel:run_until_complete
[0.483s] INFO:colcon.colcon_ros.task.ament_python.build:Building ROS package in '/home/killi167/CSCI4551 Final Project/ColorTrackingRobot/src/color_detector_pkg' with build type 'ament_python'
[0.483s] Level 1:colcon.colcon_core.shell:create_environment_hook('color_detector_pkg', 'ament_prefix_path')
[0.485s] INFO:colcon.colcon_core.plugin_system:Skipping extension 'colcon_core.shell.bat': Not used on non-Windows systems
[0.485s] INFO:colcon.colcon_core.shell:Creating environment hook '/home/killi167/CSCI4551 Final Project/ColorTrackingRobot/install/color_detector_pkg/share/color_detector_pkg/hook/ament_prefix_path.ps1'
[0.490s] INFO:colcon.colcon_core.shell:Creating environment descriptor '/home/killi167/CSCI4551 Final Project/ColorTrackingRobot/install/color_detector_pkg/share/color_detector_pkg/hook/ament_prefix_path.dsv'
[0.496s] INFO:colcon.colcon_core.shell:Creating environment hook '/home/killi167/CSCI4551 Final Project/ColorTrackingRobot/install/color_detector_pkg/share/color_detector_pkg/hook/ament_prefix_path.sh'
[0.501s] INFO:colcon.colcon_core.shell:Skip shell extension 'powershell' for command environment: Not usable outside of PowerShell
[0.501s] DEBUG:colcon.colcon_core.shell:Skip shell extension 'dsv' for command environment
[0.520s] INFO:colcon.colcon_ros.task.ament_python.build:Building ROS package in '/home/killi167/CSCI4551 Final Project/ColorTrackingRobot/src/env_assets_pkg' with build type 'ament_python'
[0.520s] Level 1:colcon.colcon_core.shell:create_environment_hook('env_assets_pkg', 'ament_prefix_path')
[0.522s] INFO:colcon.colcon_core.shell:Creating environment hook '/home/killi167/CSCI4551 Final Project/ColorTrackingRobot/install/env_assets_pkg/share/env_assets_pkg/hook/ament_prefix_path.ps1'
[0.528s] INFO:colcon.colcon_core.shell:Creating environment descriptor '/home/killi167/CSCI4551 Final Project/ColorTrackingRobot/install/env_assets_pkg/share/env_assets_pkg/hook/ament_prefix_path.dsv'
[0.536s] INFO:colcon.colcon_core.shell:Creating environment hook '/home/killi167/CSCI4551 Final Project/ColorTrackingRobot/install/env_assets_pkg/share/env_assets_pkg/hook/ament_prefix_path.sh'
[0.540s] INFO:colcon.colcon_core.shell:Skip shell extension 'powershell' for command environment: Not usable outside of PowerShell
[0.541s] DEBUG:colcon.colcon_core.shell:Skip shell extension 'dsv' for command environment
[0.562s] INFO:colcon.colcon_ros.task.ament_python.build:Building ROS package in '/home/killi167/CSCI4551 Final Project/ColorTrackingRobot/src/nav_pkg' with build type 'ament_python'
[0.562s] Level 1:colcon.colcon_core.shell:create_environment_hook('nav_pkg', 'ament_prefix_path')
[0.564s] INFO:colcon.colcon_core.shell:Creating environment hook '/home/killi167/CSCI4551 Final Project/ColorTrackingRobot/install/nav_pkg/share/nav_pkg/hook/ament_prefix_path.ps1'
[0.572s] INFO:colcon.colcon_core.shell:Creating environment descriptor '/home/killi167/CSCI4551 Final Project/ColorTrackingRobot/install/nav_pkg/share/nav_pkg/hook/ament_prefix_path.dsv'
[0.577s] INFO:colcon.colcon_core.shell:Creating environment hook '/home/killi167/CSCI4551 Final Project/ColorTrackingRobot/install/nav_pkg/share/nav_pkg/hook/ament_prefix_path.sh'
[0.582s] INFO:colcon.colcon_core.shell:Skip shell extension 'powershell' for command environment: Not usable outside of PowerShell
[0.582s] DEBUG:colcon.colcon_core.shell:Skip shell extension 'dsv' for command environment
[1.026s] INFO:colcon.colcon_core.task.python.build:Building Python package in '/home/killi167/CSCI4551 Final Project/ColorTrackingRobot/src/color_detector_pkg'
[1.027s] INFO:colcon.colcon_core.shell:Skip shell extension 'powershell' for command environment: Not usable outside of PowerShell
[1.028s] DEBUG:colcon.colcon_core.shell:Skip shell extension 'dsv' for command environment
[1.456s] INFO:colcon.colcon_core.task.python.build:Building Python package in '/home/killi167/CSCI4551 Final Project/ColorTrackingRobot/src/env_assets_pkg'
[1.456s] INFO:colcon.colcon_core.shell:Skip shell extension 'powershell' for command environment: Not usable outside of PowerShell
[1.458s] DEBUG:colcon.colcon_core.shell:Skip shell extension 'dsv' for command environment
[1.893s] INFO:colcon.colcon_core.task.python.build:Building Python package in '/home/killi167/CSCI4551 Final Project/ColorTrackingRobot/src/nav_pkg'
[1.894s] INFO:colcon.colcon_core.shell:Skip shell extension 'powershell' for command environment: Not usable outside of PowerShell
[1.895s] DEBUG:colcon.colcon_core.shell:Skip shell extension 'dsv' for command environment
[3.322s] DEBUG:colcon.colcon_core.event_handler.log_command:Invoking command in '/home/killi167/CSCI4551 Final Project/ColorTrackingRobot/src/color_detector_pkg': DEBUGINFOD_URLS=https://debuginfod.ubuntu.com PYTHONPATH=/home/killi167/CSCI4551 Final Project/ColorTrackingRobot/build/color_detector_pkg/prefix_override:/usr/lib/python3/dist-packages/colcon_core/task/python/colcon_distutils_commands:/home/killi167/CSCI4551 Final Project/ColorTrackingRobot/install/color_detector_pkg/lib/python3.12/site-packages:${PYTHONPATH} _=/usr/bin/env /usr/bin/python3 -W ignore:setup.py install is deprecated -W ignore:easy_install command is deprecated setup.py egg_info --egg-base ../../build/color_detector_pkg build --build-base /home/killi167/CSCI4551 Final Project/ColorTrackingRobot/build/color_detector_pkg/build install --record /home/killi167/CSCI4551 Final Project/ColorTrackingRobot/build/color_detector_pkg/install.log --single-version-externally-managed install_data
[3.331s] DEBUG:colcon.colcon_core.event_handler.log_command:Invoking command in '/home/killi167/CSCI4551 Final Project/ColorTrackingRobot/src/env_assets_pkg': DEBUGINFOD_URLS=https://debuginfod.ubuntu.com PYTHONPATH=/home/killi167/CSCI4551 Final Project/ColorTrackingRobot/build/env_assets_pkg/prefix_override:/usr/lib/python3/dist-packages/colcon_core/task/python/colcon_distutils_commands:/home/killi167/CSCI4551 Final Project/ColorTrackingRobot/install/env_assets_pkg/lib/python3.12/site-packages:${PYTHONPATH} _=/usr/bin/env /usr/bin/python3 -W ignore:setup.py install is deprecated -W ignore:easy_install command is deprecated setup.py egg_info --egg-base ../../build/env_assets_pkg build --build-base /home/killi167/CSCI4551 Final Project/ColorTrackingRobot/build/env_assets_pkg/build install --record /home/killi167/CSCI4551 Final Project/ColorTrackingRobot/build/env_assets_pkg/install.log --single-version-externally-managed install_data
[3.341s] DEBUG:colcon.colcon_core.event_handler.log_command:Invoking command in '/home/killi167/CSCI4551 Final Project/ColorTrackingRobot/src/nav_pkg': DEBUGINFOD_URLS=https://debuginfod.ubuntu.com PYTHONPATH=/home/killi167/CSCI4551 Final Project/ColorTrackingRobot/build/nav_pkg/prefix_override:/usr/lib/python3/dist-packages/colcon_core/task/python/colcon_distutils_commands:/home/killi167/CSCI4551 Final Project/ColorTrackingRobot/install/nav_pkg/lib/python3.12/site-packages:${PYTHONPATH} _=/usr/bin/env /usr/bin/python3 -W ignore:setup.py install is deprecated -W ignore:easy_install command is deprecated setup.py egg_info --egg-base ../../build/nav_pkg build --build-base /home/killi167/CSCI4551 Final Project/ColorTrackingRobot/build/nav_pkg/build install --record /home/killi167/CSCI4551 Final Project/ColorTrackingRobot/build/nav_pkg/install.log --single-version-externally-managed install_data
[5.206s] DEBUG:colcon.colcon_core.event_handler.log_command:Invoked command in '/home/killi167/CSCI4551 Final Project/ColorTrackingRobot/src/nav_pkg' returned '0': DEBUGINFOD_URLS=https://debuginfod.ubuntu.com PYTHONPATH=/home/killi167/CSCI4551 Final Project/ColorTrackingRobot/build/nav_pkg/prefix_override:/usr/lib/python3/dist-packages/colcon_core/task/python/colcon_distutils_commands:/home/killi167/CSCI4551 Final Project/ColorTrackingRobot/install/nav_pkg/lib/python3.12/site-packages:${PYTHONPATH} _=/usr/bin/env /usr/bin/python3 -W ignore:setup.py install is deprecated -W ignore:easy_install command is deprecated setup.py egg_info --egg-base ../../build/nav_pkg build --build-base /home/killi167/CSCI4551 Final Project/ColorTrackingRobot/build/nav_pkg/build install --record /home/killi167/CSCI4551 Final Project/ColorTrackingRobot/build/nav_pkg/install.log --single-version-externally-managed install_data
[5.209s] Level 1:colcon.colcon_core.environment:checking '/home/killi167/CSCI4551 Final Project/ColorTrackingRobot/install/nav_pkg' for CMake module files
[5.210s] Level 1:colcon.colcon_core.environment:checking '/home/killi167/CSCI4551 Final Project/ColorTrackingRobot/install/nav_pkg' for CMake config files
[5.220s] Level 1:colcon.colcon_core.environment:checking '/home/killi167/CSCI4551 Final Project/ColorTrackingRobot/install/nav_pkg/lib'
[5.221s] Level 1:colcon.colcon_core.environment:checking '/home/killi167/CSCI4551 Final Project/ColorTrackingRobot/install/nav_pkg/bin'
[5.222s] Level 1:colcon.colcon_core.environment:checking '/home/killi167/CSCI4551 Final Project/ColorTrackingRobot/install/nav_pkg/lib/pkgconfig/nav_pkg.pc'
[5.223s] Level 1:colcon.colcon_core.environment:checking '/home/killi167/CSCI4551 Final Project/ColorTrackingRobot/install/nav_pkg/lib/python3.12/site-packages'
[5.225s] Level 1:colcon.colcon_core.shell:create_environment_hook('nav_pkg', 'pythonpath')
[5.226s] INFO:colcon.colcon_core.shell:Creating environment hook '/home/killi167/CSCI4551 Final Project/ColorTrackingRobot/install/nav_pkg/share/nav_pkg/hook/pythonpath.ps1'
[5.232s] INFO:colcon.colcon_core.shell:Creating environment descriptor '/home/killi167/CSCI4551 Final Project/ColorTrackingRobot/install/nav_pkg/share/nav_pkg/hook/pythonpath.dsv'
[5.237s] INFO:colcon.colcon_core.shell:Creating environment hook '/home/killi167/CSCI4551 Final Project/ColorTrackingRobot/install/nav_pkg/share/nav_pkg/hook/pythonpath.sh'
[5.242s] Level 1:colcon.colcon_core.environment:checking '/home/killi167/CSCI4551 Final Project/ColorTrackingRobot/install/nav_pkg/bin'
[5.242s] Level 1:colcon.colcon_core.environment:create_environment_scripts_only(nav_pkg)
[5.242s] INFO:colcon.colcon_core.shell:Creating package script '/home/killi167/CSCI4551 Final Project/ColorTrackingRobot/install/nav_pkg/share/nav_pkg/package.ps1'
[5.248s] INFO:colcon.colcon_core.shell:Creating package descriptor '/home/killi167/CSCI4551 Final Project/ColorTrackingRobot/install/nav_pkg/share/nav_pkg/package.dsv'
[5.253s] INFO:colcon.colcon_core.shell:Creating package script '/home/killi167/CSCI4551 Final Project/ColorTrackingRobot/install/nav_pkg/share/nav_pkg/package.sh'
[5.257s] INFO:colcon.colcon_core.shell:Creating package script '/home/killi167/CSCI4551 Final Project/ColorTrackingRobot/install/nav_pkg/share/nav_pkg/package.bash'
[5.261s] INFO:colcon.colcon_core.shell:Creating package script '/home/killi167/CSCI4551 Final Project/ColorTrackingRobot/install/nav_pkg/share/nav_pkg/package.zsh'
[5.266s] Level 1:colcon.colcon_core.environment:create_file_with_runtime_dependencies(/home/killi167/CSCI4551 Final Project/ColorTrackingRobot/install/nav_pkg/share/colcon-core/packages/nav_pkg)
[5.268s] Level 1:colcon.colcon_core.environment:checking '/home/killi167/CSCI4551 Final Project/ColorTrackingRobot/install/env_assets_pkg' for CMake module files
[5.270s] Level 1:colcon.colcon_core.environment:checking '/home/killi167/CSCI4551 Final Project/ColorTrackingRobot/install/env_assets_pkg' for CMake config files
[5.275s] DEBUG:colcon.colcon_core.event_handler.log_command:Invoked command in '/home/killi167/CSCI4551 Final Project/ColorTrackingRobot/src/env_assets_pkg' returned '0': DEBUGINFOD_URLS=https://debuginfod.ubuntu.com PYTHONPATH=/home/killi167/CSCI4551 Final Project/ColorTrackingRobot/build/env_assets_pkg/prefix_override:/usr/lib/python3/dist-packages/colcon_core/task/python/colcon_distutils_commands:/home/killi167/CSCI4551 Final Project/ColorTrackingRobot/install/env_assets_pkg/lib/python3.12/site-packages:${PYTHONPATH} _=/usr/bin/env /usr/bin/python3 -W ignore:setup.py install is deprecated -W ignore:easy_install command is deprecated setup.py egg_info --egg-base ../../build/env_assets_pkg build --build-base /home/killi167/CSCI4551 Final Project/ColorTrackingRobot/build/env_assets_pkg/build install --record /home/killi167/CSCI4551 Final Project/ColorTrackingRobot/build/env_assets_pkg/install.log --single-version-externally-managed install_data
[5.288s] Level 1:colcon.colcon_core.environment:checking '/home/killi167/CSCI4551 Final Project/ColorTrackingRobot/install/env_assets_pkg/lib'
[5.289s] Level 1:colcon.colcon_core.environment:checking '/home/killi167/CSCI4551 Final Project/ColorTrackingRobot/install/env_assets_pkg/bin'
[5.290s] Level 1:colcon.colcon_core.environment:checking '/home/killi167/CSCI4551 Final Project/ColorTrackingRobot/install/env_assets_pkg/lib/pkgconfig/env_assets_pkg.pc'
[5.292s] Level 1:colcon.colcon_core.environment:checking '/home/killi167/CSCI4551 Final Project/ColorTrackingRobot/install/env_assets_pkg/lib/python3.12/site-packages'
[5.293s] Level 1:colcon.colcon_core.shell:create_environment_hook('env_assets_pkg', 'pythonpath')
[5.295s] INFO:colcon.colcon_core.shell:Creating environment hook '/home/killi167/CSCI4551 Final Project/ColorTrackingRobot/install/env_assets_pkg/share/env_assets_pkg/hook/pythonpath.ps1'
[5.299s] INFO:colcon.colcon_core.shell:Creating environment descriptor '/home/killi167/CSCI4551 Final Project/ColorTrackingRobot/install/env_assets_pkg/share/env_assets_pkg/hook/pythonpath.dsv'
[5.303s] INFO:colcon.colcon_core.shell:Creating environment hook '/home/killi167/CSCI4551 Final Project/ColorTrackingRobot/install/env_assets_pkg/share/env_assets_pkg/hook/pythonpath.sh'
[5.308s] Level 1:colcon.colcon_core.environment:checking '/home/killi167/CSCI4551 Final Project/ColorTrackingRobot/install/env_assets_pkg/bin'
[5.308s] Level 1:colcon.colcon_core.environment:create_environment_scripts_only(env_assets_pkg)
[5.308s] INFO:colcon.colcon_core.shell:Creating package script '/home/killi167/CSCI4551 Final Project/ColorTrackingRobot/install/env_assets_pkg/share/env_assets_pkg/package.ps1'
[5.316s] INFO:colcon.colcon_core.shell:Creating package descriptor '/home/killi167/CSCI4551 Final Project/ColorTrackingRobot/install/env_assets_pkg/share/env_assets_pkg/package.dsv'
[5.322s] INFO:colcon.colcon_core.shell:Creating package script '/home/killi167/CSCI4551 Final Project/ColorTrackingRobot/install/env_assets_pkg/share/env_assets_pkg/package.sh'
[5.326s] INFO:colcon.colcon_core.shell:Creating package script '/home/killi167/CSCI4551 Final Project/ColorTrackingRobot/install/env_assets_pkg/share/env_assets_pkg/package.bash'
[5.331s] INFO:colcon.colcon_core.shell:Creating package script '/home/killi167/CSCI4551 Final Project/ColorTrackingRobot/install/env_assets_pkg/share/env_assets_pkg/package.zsh'
[5.335s] Level 1:colcon.colcon_core.environment:create_file_with_runtime_dependencies(/home/killi167/CSCI4551 Final Project/ColorTrackingRobot/install/env_assets_pkg/share/colcon-core/packages/env_assets_pkg)
[10.487s] Level 1:colcon.colcon_core.environment:checking '/home/killi167/CSCI4551 Final Project/ColorTrackingRobot/install/color_detector_pkg' for CMake module files
[10.487s] DEBUG:colcon.colcon_core.event_handler.log_command:Invoked command in '/home/killi167/CSCI4551 Final Project/ColorTrackingRobot/src/color_detector_pkg' returned '0': DEBUGINFOD_URLS=https://debuginfod.ubuntu.com PYTHONPATH=/home/killi167/CSCI4551 Final Project/ColorTrackingRobot/build/color_detector_pkg/prefix_override:/usr/lib/python3/dist-packages/colcon_core/task/python/colcon_distutils_commands:/home/killi167/CSCI4551 Final Project/ColorTrackingRobot/install/color_detector_pkg/lib/python3.12/site-packages:${PYTHONPATH} _=/usr/bin/env /usr/bin/python3 -W ignore:setup.py install is deprecated -W ignore:easy_install command is deprecated setup.py egg_info --egg-base ../../build/color_detector_pkg build --build-base /home/killi167/CSCI4551 Final Project/ColorTrackingRobot/build/color_detector_pkg/build install --record /home/killi167/CSCI4551 Final Project/ColorTrackingRobot/build/color_detector_pkg/install.log --single-version-externally-managed install_data
[10.489s] Level 1:colcon.colcon_core.environment:checking '/home/killi167/CSCI4551 Final Project/ColorTrackingRobot/install/color_detector_pkg' for CMake config files
[10.501s] Level 1:colcon.colcon_core.environment:checking '/home/killi167/CSCI4551 Final Project/ColorTrackingRobot/install/color_detector_pkg/lib'
[10.502s] Level 1:colcon.colcon_core.environment:checking '/home/killi167/CSCI4551 Final Project/ColorTrackingRobot/install/color_detector_pkg/bin'
[10.505s] Level 1:colcon.colcon_core.environment:checking '/home/killi167/CSCI4551 Final Project/ColorTrackingRobot/install/color_detector_pkg/lib/pkgconfig/color_detector_pkg.pc'
[10.506s] Level 1:colcon.colcon_core.environment:checking '/home/killi167/CSCI4551 Final Project/ColorTrackingRobot/install/color_detector_pkg/lib/python3.12/site-packages'
[10.507s] Level 1:colcon.colcon_core.shell:create_environment_hook('color_detector_pkg', 'pythonpath')
[10.508s] INFO:colcon.colcon_core.shell:Creating environment hook '/home/killi167/CSCI4551 Final Project/ColorTrackingRobot/install/color_detector_pkg/share/color_detector_pkg/hook/pythonpath.ps1'
[10.512s] INFO:colcon.colcon_core.shell:Creating environment descriptor '/home/killi167/CSCI4551 Final Project/ColorTrackingRobot/install/color_detector_pkg/share/color_detector_pkg/hook/pythonpath.dsv'
[10.517s] INFO:colcon.colcon_core.shell:Creating environment hook '/home/killi167/CSCI4551 Final Project/ColorTrackingRobot/install/color_detector_pkg/share/color_detector_pkg/hook/pythonpath.sh'
[10.522s] Level 1:colcon.colcon_core.environment:checking '/home/killi167/CSCI4551 Final Project/ColorTrackingRobot/install/color_detector_pkg/bin'
[10.522s] Level 1:colcon.colcon_core.environment:create_environment_scripts_only(color_detector_pkg)
[10.525s] INFO:colcon.colcon_core.shell:Creating package script '/home/killi167/CSCI4551 Final Project/ColorTrackingRobot/install/color_detector_pkg/share/color_detector_pkg/package.ps1'
[10.530s] INFO:colcon.colcon_core.shell:Creating package descriptor '/home/killi167/CSCI4551 Final Project/ColorTrackingRobot/install/color_detector_pkg/share/color_detector_pkg/package.dsv'
[10.535s] INFO:colcon.colcon_core.shell:Creating package script '/home/killi167/CSCI4551 Final Project/ColorTrackingRobot/install/color_detector_pkg/share/color_detector_pkg/package.sh'
[10.539s] INFO:colcon.colcon_core.shell:Creating package script '/home/killi167/CSCI4551 Final Project/ColorTrackingRobot/install/color_detector_pkg/share/color_detector_pkg/package.bash'
[10.543s] INFO:colcon.colcon_core.shell:Creating package script '/home/killi167/CSCI4551 Final Project/ColorTrackingRobot/install/color_detector_pkg/share/color_detector_pkg/package.zsh'
[10.547s] Level 1:colcon.colcon_core.environment:create_file_with_runtime_dependencies(/home/killi167/CSCI4551 Final Project/ColorTrackingRobot/install/color_detector_pkg/share/colcon-core/packages/color_detector_pkg)
[10.549s] DEBUG:colcon.colcon_parallel_executor.executor.parallel:closing loop
[10.549s] DEBUG:colcon.colcon_parallel_executor.executor.parallel:loop closed
[10.551s] DEBUG:colcon.colcon_parallel_executor.executor.parallel:run_until_complete finished with '0'
[10.551s] DEBUG:colcon.colcon_core.event_reactor:joining thread
[10.564s] INFO:colcon.colcon_core.plugin_system:Skipping extension 'colcon_notification.desktop_notification.terminal_notifier': Not used on non-Darwin systems
[10.564s] INFO:colcon.colcon_core.plugin_system:Skipping extension 'colcon_notification.desktop_notification.win32': Not used on non-Windows systems
[10.564s] INFO:colcon.colcon_notification.desktop_notification:Sending desktop notification using 'notify2'
[10.579s] DEBUG:colcon.colcon_core.event_reactor:joined thread
[10.579s] INFO:colcon.colcon_core.shell:Creating prefix script '/home/killi167/CSCI4551 Final Project/ColorTrackingRobot/install/local_setup.ps1'
[10.586s] INFO:colcon.colcon_core.shell:Creating prefix util module '/home/killi167/CSCI4551 Final Project/ColorTrackingRobot/install/_local_setup_util_ps1.py'
[10.591s] INFO:colcon.colcon_core.shell:Creating prefix chain script '/home/killi167/CSCI4551 Final Project/ColorTrackingRobot/install/setup.ps1'
[10.603s] INFO:colcon.colcon_core.shell:Creating prefix script '/home/killi167/CSCI4551 Final Project/ColorTrackingRobot/install/local_setup.sh'
[10.608s] INFO:colcon.colcon_core.shell:Creating prefix util module '/home/killi167/CSCI4551 Final Project/ColorTrackingRobot/install/_local_setup_util_sh.py'
[10.612s] INFO:colcon.colcon_core.shell:Creating prefix chain script '/home/killi167/CSCI4551 Final Project/ColorTrackingRobot/install/setup.sh'
[10.623s] INFO:colcon.colcon_core.shell:Creating prefix script '/home/killi167/CSCI4551 Final Project/ColorTrackingRobot/install/local_setup.bash'
[10.627s] INFO:colcon.colcon_core.shell:Creating prefix chain script '/home/killi167/CSCI4551 Final Project/ColorTrackingRobot/install/setup.bash'
[10.639s] INFO:colcon.colcon_core.shell:Creating prefix script '/home/killi167/CSCI4551 Final Project/ColorTrackingRobot/install/local_setup.zsh'
[10.643s] INFO:colcon.colcon_core.shell:Creating prefix chain script '/home/killi167/CSCI4551 Final Project/ColorTrackingRobot/install/setup.zsh'
