[0.188s] DEBUG:colcon:Command line arguments: ['/usr/bin/colcon', 'build']
[0.188s] DEBUG:colcon:Parsed command line arguments: Namespace(log_base=None, log_level=None, verb_name='build', build_base='build', install_base='install', merge_install=False, symlink_install=False, test_result_base=None, continue_on_error=False, executor='parallel', parallel_workers=16, event_handlers=None, ignore_user_meta=False, metas=['./colcon.meta'], base_paths=['.'], packages_ignore=None, packages_ignore_regex=None, paths=None, packages_up_to=None, packages_up_to_regex=None, packages_above=None, packages_above_and_dependencies=None, packages_above_depth=None, packages_select_by_dep=None, packages_skip_by_dep=None, packages_skip_up_to=None, packages_select_build_failed=False, packages_skip_build_finished=False, packages_select_test_failures=False, packages_skip_test_passed=False, packages_select=None, packages_skip=None, packages_select_regex=None, packages_skip_regex=None, packages_start=None, packages_end=None, allow_overriding=[], cmake_args=None, cmake_target=None, cmake_target_skip_unavailable=False, cmake_clean_cache=False, cmake_clean_first=False, cmake_force_configure=False, ament_cmake_args=None, catkin_cmake_args=None, catkin_skip_building_tests=False, verb_parser=<colcon_defaults.argument_parser.defaults.DefaultArgumentsDecorator object at 0x7ba1c7141790>, verb_extension=<colcon_core.verb.build.BuildVerb object at 0x7ba1c7141700>, main=<bound method BuildVerb.main of <colcon_core.verb.build.BuildVerb object at 0x7ba1c7141700>>)
[0.245s] Level 1:colcon.colcon_core.package_discovery:discover_packages(colcon_meta) check parameters
[0.245s] Level 1:colcon.colcon_core.package_discovery:discover_packages(recursive) check parameters
[0.245s] Level 1:colcon.colcon_core.package_discovery:discover_packages(ignore) check parameters
[0.247s] Level 1:colcon.colcon_core.package_discovery:discover_packages(path) check parameters
[0.249s] Level 1:colcon.colcon_core.package_discovery:discover_packages(colcon_meta) discover
[0.250s] Level 1:colcon.colcon_core.package_discovery:discover_packages(recursive) discover
[0.252s] INFO:colcon.colcon_core.package_discovery:Crawling recursively for packages in '/home/killi167/CSCI4551 Final Project/ColorTrackingRobot'
[0.255s] Level 1:colcon.colcon_core.package_identification:_identify(.) by extensions ['ignore', 'ignore_ament_install']
[0.256s] Level 1:colcon.colcon_core.package_identification:_identify(.) by extension 'ignore'
[0.257s] Level 1:colcon.colcon_core.package_identification:_identify(.) by extension 'ignore_ament_install'
[0.259s] Level 1:colcon.colcon_core.package_identification:_identify(.) by extensions ['colcon_pkg']
[0.260s] Level 1:colcon.colcon_core.package_identification:_identify(.) by extension 'colcon_pkg'
[0.262s] Level 1:colcon.colcon_core.package_identification:_identify(.) by extensions ['colcon_meta']
[0.263s] Level 1:colcon.colcon_core.package_identification:_identify(.) by extension 'colcon_meta'
[0.264s] Level 1:colcon.colcon_core.package_identification:_identify(.) by extensions ['ros']
[0.265s] Level 1:colcon.colcon_core.package_identification:_identify(.) by extension 'ros'
[0.299s] Level 1:colcon.colcon_core.package_identification:_identify(.) by extensions ['cmake', 'python']
[0.299s] Level 1:colcon.colcon_core.package_identification:_identify(.) by extension 'cmake'
[0.299s] Level 1:colcon.colcon_core.package_identification:_identify(.) by extension 'python'
[0.299s] Level 1:colcon.colcon_core.package_identification:_identify(.) by extensions ['python_setup_py']
[0.300s] Level 1:colcon.colcon_core.package_identification:_identify(.) by extension 'python_setup_py'
[0.303s] Level 1:colcon.colcon_core.package_identification:_identify(build) by extensions ['ignore', 'ignore_ament_install']
[0.304s] Level 1:colcon.colcon_core.package_identification:_identify(build) by extension 'ignore'
[0.305s] Level 1:colcon.colcon_core.package_identification:_identify(build) ignored
[0.307s] Level 1:colcon.colcon_core.package_identification:_identify(install) by extensions ['ignore', 'ignore_ament_install']
[0.308s] Level 1:colcon.colcon_core.package_identification:_identify(install) by extension 'ignore'
[0.310s] Level 1:colcon.colcon_core.package_identification:_identify(install) ignored
[0.313s] Level 1:colcon.colcon_core.package_identification:_identify(log) by extensions ['ignore', 'ignore_ament_install']
[0.313s] Level 1:colcon.colcon_core.package_identification:_identify(log) by extension 'ignore'
[0.313s] Level 1:colcon.colcon_core.package_identification:_identify(log) ignored
[0.314s] Level 1:colcon.colcon_core.package_identification:_identify(src) by extensions ['ignore', 'ignore_ament_install']
[0.315s] Level 1:colcon.colcon_core.package_identification:_identify(src) by extension 'ignore'
[0.317s] Level 1:colcon.colcon_core.package_identification:_identify(src) by extension 'ignore_ament_install'
[0.318s] Level 1:colcon.colcon_core.package_identification:_identify(src) by extensions ['colcon_pkg']
[0.320s] Level 1:colcon.colcon_core.package_identification:_identify(src) by extension 'colcon_pkg'
[0.321s] Level 1:colcon.colcon_core.package_identification:_identify(src) by extensions ['colcon_meta']
[0.323s] Level 1:colcon.colcon_core.package_identification:_identify(src) by extension 'colcon_meta'
[0.324s] Level 1:colcon.colcon_core.package_identification:_identify(src) by extensions ['ros']
[0.326s] Level 1:colcon.colcon_core.package_identification:_identify(src) by extension 'ros'
[0.328s] Level 1:colcon.colcon_core.package_identification:_identify(src) by extensions ['cmake', 'python']
[0.330s] Level 1:colcon.colcon_core.package_identification:_identify(src) by extension 'cmake'
[0.331s] Level 1:colcon.colcon_core.package_identification:_identify(src) by extension 'python'
[0.333s] Level 1:colcon.colcon_core.package_identification:_identify(src) by extensions ['python_setup_py']
[0.334s] Level 1:colcon.colcon_core.package_identification:_identify(src) by extension 'python_setup_py'
[0.335s] Level 1:colcon.colcon_core.package_identification:_identify(src/color_detector_pkg) by extensions ['ignore', 'ignore_ament_install']
[0.337s] Level 1:colcon.colcon_core.package_identification:_identify(src/color_detector_pkg) by extension 'ignore'
[0.338s] Level 1:colcon.colcon_core.package_identification:_identify(src/color_detector_pkg) by extension 'ignore_ament_install'
[0.340s] Level 1:colcon.colcon_core.package_identification:_identify(src/color_detector_pkg) by extensions ['colcon_pkg']
[0.341s] Level 1:colcon.colcon_core.package_identification:_identify(src/color_detector_pkg) by extension 'colcon_pkg'
[0.343s] Level 1:colcon.colcon_core.package_identification:_identify(src/color_detector_pkg) by extensions ['colcon_meta']
[0.345s] Level 1:colcon.colcon_core.package_identification:_identify(src/color_detector_pkg) by extension 'colcon_meta'
[0.346s] Level 1:colcon.colcon_core.package_identification:_identify(src/color_detector_pkg) by extensions ['ros']
[0.348s] Level 1:colcon.colcon_core.package_identification:_identify(src/color_detector_pkg) by extension 'ros'
[0.354s] DEBUG:colcon.colcon_core.package_identification:Package 'src/color_detector_pkg' with type 'ros.ament_python' and name 'color_detector_pkg'
[0.355s] Level 1:colcon.colcon_core.package_identification:_identify(src/env_assets_pkg) by extensions ['ignore', 'ignore_ament_install']
[0.356s] Level 1:colcon.colcon_core.package_identification:_identify(src/env_assets_pkg) by extension 'ignore'
[0.357s] Level 1:colcon.colcon_core.package_identification:_identify(src/env_assets_pkg) by extension 'ignore_ament_install'
[0.359s] Level 1:colcon.colcon_core.package_identification:_identify(src/env_assets_pkg) by extensions ['colcon_pkg']
[0.360s] Level 1:colcon.colcon_core.package_identification:_identify(src/env_assets_pkg) by extension 'colcon_pkg'
[0.362s] Level 1:colcon.colcon_core.package_identification:_identify(src/env_assets_pkg) by extensions ['colcon_meta']
[0.364s] Level 1:colcon.colcon_core.package_identification:_identify(src/env_assets_pkg) by extension 'colcon_meta'
[0.365s] Level 1:colcon.colcon_core.package_identification:_identify(src/env_assets_pkg) by extensions ['ros']
[0.367s] Level 1:colcon.colcon_core.package_identification:_identify(src/env_assets_pkg) by extension 'ros'
[0.371s] DEBUG:colcon.colcon_core.package_identification:Package 'src/env_assets_pkg' with type 'ros.ament_python' and name 'env_assets_pkg'
[0.372s] Level 1:colcon.colcon_core.package_identification:_identify(src/nav_pkg) by extensions ['ignore', 'ignore_ament_install']
[0.373s] Level 1:colcon.colcon_core.package_identification:_identify(src/nav_pkg) by extension 'ignore'
[0.374s] Level 1:colcon.colcon_core.package_identification:_identify(src/nav_pkg) by extension 'ignore_ament_install'
[0.376s] Level 1:colcon.colcon_core.package_identification:_identify(src/nav_pkg) by extensions ['colcon_pkg']
[0.377s] Level 1:colcon.colcon_core.package_identification:_identify(src/nav_pkg) by extension 'colcon_pkg'
[0.379s] Level 1:colcon.colcon_core.package_identification:_identify(src/nav_pkg) by extensions ['colcon_meta']
[0.380s] Level 1:colcon.colcon_core.package_identification:_identify(src/nav_pkg) by extension 'colcon_meta'
[0.382s] Level 1:colcon.colcon_core.package_identification:_identify(src/nav_pkg) by extensions ['ros']
[0.383s] Level 1:colcon.colcon_core.package_identification:_identify(src/nav_pkg) by extension 'ros'
[0.386s] DEBUG:colcon.colcon_core.package_identification:Package 'src/nav_pkg' with type 'ros.ament_python' and name 'nav_pkg'
[0.387s] Level 1:colcon.colcon_core.package_discovery:discover_packages(recursive) using defaults
[0.388s] Level 1:colcon.colcon_core.package_discovery:discover_packages(ignore) discover
[0.389s] Level 1:colcon.colcon_core.package_discovery:discover_packages(ignore) using defaults
[0.389s] Level 1:colcon.colcon_core.package_discovery:discover_packages(path) discover
[0.391s] Level 1:colcon.colcon_core.package_discovery:discover_packages(path) using defaults
[0.422s] Level 1:colcon.colcon_core.package_discovery:discover_packages(prefix_path) check parameters
[0.422s] Level 1:colcon.colcon_core.package_discovery:discover_packages(prefix_path) discover
[0.425s] WARNING:colcon.colcon_core.prefix_path.colcon:The path '/home/killi167/CSCI4551 Final Project/ColorTrackingRobot/src/install' in the environment variable COLCON_PREFIX_PATH doesn't exist
[0.425s] WARNING:colcon.colcon_ros.prefix_path.ament:The path '/home/killi167/CSCI4551 Final Project/ColorTrackingRobot/src/install/nav_pkg' in the environment variable AMENT_PREFIX_PATH doesn't exist
[0.427s] WARNING:colcon.colcon_ros.prefix_path.ament:The path '/home/killi167/CSCI4551 Final Project/ColorTrackingRobot/src/install/env_assets_pkg' in the environment variable AMENT_PREFIX_PATH doesn't exist
[0.429s] WARNING:colcon.colcon_ros.prefix_path.ament:The path '/home/killi167/CSCI4551 Final Project/ColorTrackingRobot/src/install/color_detector_pkg' in the environment variable AMENT_PREFIX_PATH doesn't exist
[0.441s] DEBUG:colcon.colcon_installed_package_information.package_discovery:Found 3 installed packages in /home/killi167/CSCI4551 Final Project/ColorTrackingRobot/install
[0.444s] DEBUG:colcon.colcon_installed_package_information.package_discovery:Found 547 installed packages in /opt/ros/jazzy
[0.446s] Level 1:colcon.colcon_core.package_discovery:discover_packages(prefix_path) using defaults
[0.558s] Level 5:colcon.colcon_core.verb:set package 'color_detector_pkg' build argument 'cmake_args' from command line to 'None'
[0.558s] Level 5:colcon.colcon_core.verb:set package 'color_detector_pkg' build argument 'cmake_target' from command line to 'None'
[0.558s] Level 5:colcon.colcon_core.verb:set package 'color_detector_pkg' build argument 'cmake_target_skip_unavailable' from command line to 'False'
[0.558s] Level 5:colcon.colcon_core.verb:set package 'color_detector_pkg' build argument 'cmake_clean_cache' from command line to 'False'
[0.560s] Level 5:colcon.colcon_core.verb:set package 'color_detector_pkg' build argument 'cmake_clean_first' from command line to 'False'
[0.560s] Level 5:colcon.colcon_core.verb:set package 'color_detector_pkg' build argument 'cmake_force_configure' from command line to 'False'
[0.562s] Level 5:colcon.colcon_core.verb:set package 'color_detector_pkg' build argument 'ament_cmake_args' from command line to 'None'
[0.563s] Level 5:colcon.colcon_core.verb:set package 'color_detector_pkg' build argument 'catkin_cmake_args' from command line to 'None'
[0.565s] Level 5:colcon.colcon_core.verb:set package 'color_detector_pkg' build argument 'catkin_skip_building_tests' from command line to 'False'
[0.568s] DEBUG:colcon.colcon_core.verb:Building package 'color_detector_pkg' with the following arguments: {'ament_cmake_args': None, 'build_base': '/home/killi167/CSCI4551 Final Project/ColorTrackingRobot/build/color_detector_pkg', 'catkin_cmake_args': None, 'catkin_skip_building_tests': False, 'cmake_args': None, 'cmake_clean_cache': False, 'cmake_clean_first': False, 'cmake_force_configure': False, 'cmake_target': None, 'cmake_target_skip_unavailable': False, 'install_base': '/home/killi167/CSCI4551 Final Project/ColorTrackingRobot/install/color_detector_pkg', 'merge_install': False, 'path': '/home/killi167/CSCI4551 Final Project/ColorTrackingRobot/src/color_detector_pkg', 'symlink_install': False, 'test_result_base': None}
[0.571s] Level 5:colcon.colcon_core.verb:set package 'env_assets_pkg' build argument 'cmake_args' from command line to 'None'
[0.571s] Level 5:colcon.colcon_core.verb:set package 'env_assets_pkg' build argument 'cmake_target' from command line to 'None'
[0.573s] Level 5:colcon.colcon_core.verb:set package 'env_assets_pkg' build argument 'cmake_target_skip_unavailable' from command line to 'False'
[0.575s] Level 5:colcon.colcon_core.verb:set package 'env_assets_pkg' build argument 'cmake_clean_cache' from command line to 'False'
[0.576s] Level 5:colcon.colcon_core.verb:set package 'env_assets_pkg' build argument 'cmake_clean_first' from command line to 'False'
[0.578s] Level 5:colcon.colcon_core.verb:set package 'env_assets_pkg' build argument 'cmake_force_configure' from command line to 'False'
[0.580s] Level 5:colcon.colcon_core.verb:set package 'env_assets_pkg' build argument 'ament_cmake_args' from command line to 'None'
[0.583s] Level 5:colcon.colcon_core.verb:set package 'env_assets_pkg' build argument 'catkin_cmake_args' from command line to 'None'
[0.585s] Level 5:colcon.colcon_core.verb:set package 'env_assets_pkg' build argument 'catkin_skip_building_tests' from command line to 'False'
[0.586s] DEBUG:colcon.colcon_core.verb:Building package 'env_assets_pkg' with the following arguments: {'ament_cmake_args': None, 'build_base': '/home/killi167/CSCI4551 Final Project/ColorTrackingRobot/build/env_assets_pkg', 'catkin_cmake_args': None, 'catkin_skip_building_tests': False, 'cmake_args': None, 'cmake_clean_cache': False, 'cmake_clean_first': False, 'cmake_force_configure': False, 'cmake_target': None, 'cmake_target_skip_unavailable': False, 'install_base': '/home/killi167/CSCI4551 Final Project/ColorTrackingRobot/install/env_assets_pkg', 'merge_install': False, 'path': '/home/killi167/CSCI4551 Final Project/ColorTrackingRobot/src/env_assets_pkg', 'symlink_install': False, 'test_result_base': None}
[0.589s] Level 5:colcon.colcon_core.verb:set package 'nav_pkg' build argument 'cmake_args' from command line to 'None'
[0.591s] Level 5:colcon.colcon_core.verb:set package 'nav_pkg' build argument 'cmake_target' from command line to 'None'
[0.591s] Level 5:colcon.colcon_core.verb:set package 'nav_pkg' build argument 'cmake_target_skip_unavailable' from command line to 'False'
[0.592s] Level 5:colcon.colcon_core.verb:set package 'nav_pkg' build argument 'cmake_clean_cache' from command line to 'False'
[0.592s] Level 5:colcon.colcon_core.verb:set package 'nav_pkg' build argument 'cmake_clean_first' from command line to 'False'
[0.594s] Level 5:colcon.colcon_core.verb:set package 'nav_pkg' build argument 'cmake_force_configure' from command line to 'False'
[0.595s] Level 5:colcon.colcon_core.verb:set package 'nav_pkg' build argument 'ament_cmake_args' from command line to 'None'
[0.597s] Level 5:colcon.colcon_core.verb:set package 'nav_pkg' build argument 'catkin_cmake_args' from command line to 'None'
[0.599s] Level 5:colcon.colcon_core.verb:set package 'nav_pkg' build argument 'catkin_skip_building_tests' from command line to 'False'
[0.601s] DEBUG:colcon.colcon_core.verb:Building package 'nav_pkg' with the following arguments: {'ament_cmake_args': None, 'build_base': '/home/killi167/CSCI4551 Final Project/ColorTrackingRobot/build/nav_pkg', 'catkin_cmake_args': None, 'catkin_skip_building_tests': False, 'cmake_args': None, 'cmake_clean_cache': False, 'cmake_clean_first': False, 'cmake_force_configure': False, 'cmake_target': None, 'cmake_target_skip_unavailable': False, 'install_base': '/home/killi167/CSCI4551 Final Project/ColorTrackingRobot/install/nav_pkg', 'merge_install': False, 'path': '/home/killi167/CSCI4551 Final Project/ColorTrackingRobot/src/nav_pkg', 'symlink_install': False, 'test_result_base': None}
[0.603s] INFO:colcon.colcon_core.executor:Executing jobs using 'parallel' executor
[0.605s] DEBUG:colcon.colcon_parallel_executor.executor.parallel:run_until_complete
[0.605s] INFO:colcon.colcon_ros.task.ament_python.build:Building ROS package in '/home/killi167/CSCI4551 Final Project/ColorTrackingRobot/src/color_detector_pkg' with build type 'ament_python'
[0.606s] Level 1:colcon.colcon_core.shell:create_environment_hook('color_detector_pkg', 'ament_prefix_path')
[0.608s] INFO:colcon.colcon_core.plugin_system:Skipping extension 'colcon_core.shell.bat': Not used on non-Windows systems
[0.608s] INFO:colcon.colcon_core.shell:Creating environment hook '/home/killi167/CSCI4551 Final Project/ColorTrackingRobot/install/color_detector_pkg/share/color_detector_pkg/hook/ament_prefix_path.ps1'
[0.613s] INFO:colcon.colcon_core.shell:Creating environment descriptor '/home/killi167/CSCI4551 Final Project/ColorTrackingRobot/install/color_detector_pkg/share/color_detector_pkg/hook/ament_prefix_path.dsv'
[0.618s] INFO:colcon.colcon_core.shell:Creating environment hook '/home/killi167/CSCI4551 Final Project/ColorTrackingRobot/install/color_detector_pkg/share/color_detector_pkg/hook/ament_prefix_path.sh'
[0.623s] INFO:colcon.colcon_core.shell:Skip shell extension 'powershell' for command environment: Not usable outside of PowerShell
[0.623s] DEBUG:colcon.colcon_core.shell:Skip shell extension 'dsv' for command environment
[0.643s] INFO:colcon.colcon_ros.task.ament_python.build:Building ROS package in '/home/killi167/CSCI4551 Final Project/ColorTrackingRobot/src/env_assets_pkg' with build type 'ament_python'
[0.643s] Level 1:colcon.colcon_core.shell:create_environment_hook('env_assets_pkg', 'ament_prefix_path')
[0.645s] INFO:colcon.colcon_core.shell:Creating environment hook '/home/killi167/CSCI4551 Final Project/ColorTrackingRobot/install/env_assets_pkg/share/env_assets_pkg/hook/ament_prefix_path.ps1'
[0.650s] INFO:colcon.colcon_core.shell:Creating environment descriptor '/home/killi167/CSCI4551 Final Project/ColorTrackingRobot/install/env_assets_pkg/share/env_assets_pkg/hook/ament_prefix_path.dsv'
[0.654s] INFO:colcon.colcon_core.shell:Creating environment hook '/home/killi167/CSCI4551 Final Project/ColorTrackingRobot/install/env_assets_pkg/share/env_assets_pkg/hook/ament_prefix_path.sh'
[0.659s] INFO:colcon.colcon_core.shell:Skip shell extension 'powershell' for command environment: Not usable outside of PowerShell
[0.659s] DEBUG:colcon.colcon_core.shell:Skip shell extension 'dsv' for command environment
[0.678s] INFO:colcon.colcon_ros.task.ament_python.build:Building ROS package in '/home/killi167/CSCI4551 Final Project/ColorTrackingRobot/src/nav_pkg' with build type 'ament_python'
[0.678s] Level 1:colcon.colcon_core.shell:create_environment_hook('nav_pkg', 'ament_prefix_path')
[0.680s] INFO:colcon.colcon_core.shell:Creating environment hook '/home/killi167/CSCI4551 Final Project/ColorTrackingRobot/install/nav_pkg/share/nav_pkg/hook/ament_prefix_path.ps1'
[0.685s] INFO:colcon.colcon_core.shell:Creating environment descriptor '/home/killi167/CSCI4551 Final Project/ColorTrackingRobot/install/nav_pkg/share/nav_pkg/hook/ament_prefix_path.dsv'
[0.689s] INFO:colcon.colcon_core.shell:Creating environment hook '/home/killi167/CSCI4551 Final Project/ColorTrackingRobot/install/nav_pkg/share/nav_pkg/hook/ament_prefix_path.sh'
[0.694s] INFO:colcon.colcon_core.shell:Skip shell extension 'powershell' for command environment: Not usable outside of PowerShell
[0.694s] DEBUG:colcon.colcon_core.shell:Skip shell extension 'dsv' for command environment
[1.311s] INFO:colcon.colcon_core.task.python.build:Building Python package in '/home/killi167/CSCI4551 Final Project/ColorTrackingRobot/src/color_detector_pkg'
[1.311s] INFO:colcon.colcon_core.shell:Skip shell extension 'powershell' for command environment: Not usable outside of PowerShell
[1.313s] DEBUG:colcon.colcon_core.shell:Skip shell extension 'dsv' for command environment
[1.984s] INFO:colcon.colcon_core.task.python.build:Building Python package in '/home/killi167/CSCI4551 Final Project/ColorTrackingRobot/src/env_assets_pkg'
[1.984s] INFO:colcon.colcon_core.shell:Skip shell extension 'powershell' for command environment: Not usable outside of PowerShell
[1.986s] DEBUG:colcon.colcon_core.shell:Skip shell extension 'dsv' for command environment
[2.636s] INFO:colcon.colcon_core.task.python.build:Building Python package in '/home/killi167/CSCI4551 Final Project/ColorTrackingRobot/src/nav_pkg'
[2.636s] INFO:colcon.colcon_core.shell:Skip shell extension 'powershell' for command environment: Not usable outside of PowerShell
[2.638s] DEBUG:colcon.colcon_core.shell:Skip shell extension 'dsv' for command environment
[4.424s] DEBUG:colcon.colcon_core.event_handler.log_command:Invoking command in '/home/killi167/CSCI4551 Final Project/ColorTrackingRobot/src/color_detector_pkg': DEBUGINFOD_URLS=https://debuginfod.ubuntu.com PYTHONPATH=/home/killi167/CSCI4551 Final Project/ColorTrackingRobot/build/color_detector_pkg/prefix_override:/usr/lib/python3/dist-packages/colcon_core/task/python/colcon_distutils_commands:/home/killi167/CSCI4551 Final Project/ColorTrackingRobot/install/color_detector_pkg/lib/python3.12/site-packages:${PYTHONPATH} _=/usr/bin/env /usr/bin/python3 -W ignore:setup.py install is deprecated -W ignore:easy_install command is deprecated setup.py egg_info --egg-base ../../build/color_detector_pkg build --build-base /home/killi167/CSCI4551 Final Project/ColorTrackingRobot/build/color_detector_pkg/build install --record /home/killi167/CSCI4551 Final Project/ColorTrackingRobot/build/color_detector_pkg/install.log --single-version-externally-managed install_data
[4.473s] DEBUG:colcon.colcon_core.event_handler.log_command:Invoking command in '/home/killi167/CSCI4551 Final Project/ColorTrackingRobot/src/env_assets_pkg': DEBUGINFOD_URLS=https://debuginfod.ubuntu.com PYTHONPATH=/home/killi167/CSCI4551 Final Project/ColorTrackingRobot/build/env_assets_pkg/prefix_override:/usr/lib/python3/dist-packages/colcon_core/task/python/colcon_distutils_commands:/home/killi167/CSCI4551 Final Project/ColorTrackingRobot/install/env_assets_pkg/lib/python3.12/site-packages:${PYTHONPATH} _=/usr/bin/env /usr/bin/python3 -W ignore:setup.py install is deprecated -W ignore:easy_install command is deprecated setup.py egg_info --egg-base ../../build/env_assets_pkg build --build-base /home/killi167/CSCI4551 Final Project/ColorTrackingRobot/build/env_assets_pkg/build install --record /home/killi167/CSCI4551 Final Project/ColorTrackingRobot/build/env_assets_pkg/install.log --single-version-externally-managed install_data
[4.509s] DEBUG:colcon.colcon_core.event_handler.log_command:Invoking command in '/home/killi167/CSCI4551 Final Project/ColorTrackingRobot/src/nav_pkg': DEBUGINFOD_URLS=https://debuginfod.ubuntu.com PYTHONPATH=/home/killi167/CSCI4551 Final Project/ColorTrackingRobot/build/nav_pkg/prefix_override:/usr/lib/python3/dist-packages/colcon_core/task/python/colcon_distutils_commands:/home/killi167/CSCI4551 Final Project/ColorTrackingRobot/install/nav_pkg/lib/python3.12/site-packages:${PYTHONPATH} _=/usr/bin/env /usr/bin/python3 -W ignore:setup.py install is deprecated -W ignore:easy_install command is deprecated setup.py egg_info --egg-base ../../build/nav_pkg build --build-base /home/killi167/CSCI4551 Final Project/ColorTrackingRobot/build/nav_pkg/build install --record /home/killi167/CSCI4551 Final Project/ColorTrackingRobot/build/nav_pkg/install.log --single-version-externally-managed install_data
[6.736s] DEBUG:colcon.colcon_core.event_handler.log_command:Invoked command in '/home/killi167/CSCI4551 Final Project/ColorTrackingRobot/src/nav_pkg' returned '0': DEBUGINFOD_URLS=https://debuginfod.ubuntu.com PYTHONPATH=/home/killi167/CSCI4551 Final Project/ColorTrackingRobot/build/nav_pkg/prefix_override:/usr/lib/python3/dist-packages/colcon_core/task/python/colcon_distutils_commands:/home/killi167/CSCI4551 Final Project/ColorTrackingRobot/install/nav_pkg/lib/python3.12/site-packages:${PYTHONPATH} _=/usr/bin/env /usr/bin/python3 -W ignore:setup.py install is deprecated -W ignore:easy_install command is deprecated setup.py egg_info --egg-base ../../build/nav_pkg build --build-base /home/killi167/CSCI4551 Final Project/ColorTrackingRobot/build/nav_pkg/build install --record /home/killi167/CSCI4551 Final Project/ColorTrackingRobot/build/nav_pkg/install.log --single-version-externally-managed install_data
[6.742s] Level 1:colcon.colcon_core.environment:checking '/home/killi167/CSCI4551 Final Project/ColorTrackingRobot/install/nav_pkg' for CMake module files
[6.744s] Level 1:colcon.colcon_core.environment:checking '/home/killi167/CSCI4551 Final Project/ColorTrackingRobot/install/nav_pkg' for CMake config files
[6.756s] Level 1:colcon.colcon_core.environment:checking '/home/killi167/CSCI4551 Final Project/ColorTrackingRobot/install/nav_pkg/lib'
[6.758s] Level 1:colcon.colcon_core.environment:checking '/home/killi167/CSCI4551 Final Project/ColorTrackingRobot/install/nav_pkg/bin'
[6.758s] Level 1:colcon.colcon_core.environment:checking '/home/killi167/CSCI4551 Final Project/ColorTrackingRobot/install/nav_pkg/lib/pkgconfig/nav_pkg.pc'
[6.760s] Level 1:colcon.colcon_core.environment:checking '/home/killi167/CSCI4551 Final Project/ColorTrackingRobot/install/nav_pkg/lib/python3.12/site-packages'
[6.762s] Level 1:colcon.colcon_core.shell:create_environment_hook('nav_pkg', 'pythonpath')
[6.763s] INFO:colcon.colcon_core.shell:Creating environment hook '/home/killi167/CSCI4551 Final Project/ColorTrackingRobot/install/nav_pkg/share/nav_pkg/hook/pythonpath.ps1'
[6.770s] INFO:colcon.colcon_core.shell:Creating environment descriptor '/home/killi167/CSCI4551 Final Project/ColorTrackingRobot/install/nav_pkg/share/nav_pkg/hook/pythonpath.dsv'
[6.775s] INFO:colcon.colcon_core.shell:Creating environment hook '/home/killi167/CSCI4551 Final Project/ColorTrackingRobot/install/nav_pkg/share/nav_pkg/hook/pythonpath.sh'
[6.779s] Level 1:colcon.colcon_core.environment:checking '/home/killi167/CSCI4551 Final Project/ColorTrackingRobot/install/nav_pkg/bin'
[6.779s] Level 1:colcon.colcon_core.environment:create_environment_scripts_only(nav_pkg)
[6.780s] INFO:colcon.colcon_core.shell:Creating package script '/home/killi167/CSCI4551 Final Project/ColorTrackingRobot/install/nav_pkg/share/nav_pkg/package.ps1'
[6.786s] INFO:colcon.colcon_core.shell:Creating package descriptor '/home/killi167/CSCI4551 Final Project/ColorTrackingRobot/install/nav_pkg/share/nav_pkg/package.dsv'
[6.791s] INFO:colcon.colcon_core.shell:Creating package script '/home/killi167/CSCI4551 Final Project/ColorTrackingRobot/install/nav_pkg/share/nav_pkg/package.sh'
[6.796s] INFO:colcon.colcon_core.shell:Creating package script '/home/killi167/CSCI4551 Final Project/ColorTrackingRobot/install/nav_pkg/share/nav_pkg/package.bash'
[6.801s] INFO:colcon.colcon_core.shell:Creating package script '/home/killi167/CSCI4551 Final Project/ColorTrackingRobot/install/nav_pkg/share/nav_pkg/package.zsh'
[6.805s] Level 1:colcon.colcon_core.environment:create_file_with_runtime_dependencies(/home/killi167/CSCI4551 Final Project/ColorTrackingRobot/install/nav_pkg/share/colcon-core/packages/nav_pkg)
[6.809s] Level 1:colcon.colcon_core.environment:checking '/home/killi167/CSCI4551 Final Project/ColorTrackingRobot/install/env_assets_pkg' for CMake module files
[6.810s] Level 1:colcon.colcon_core.environment:checking '/home/killi167/CSCI4551 Final Project/ColorTrackingRobot/install/env_assets_pkg' for CMake config files
[6.817s] DEBUG:colcon.colcon_core.event_handler.log_command:Invoked command in '/home/killi167/CSCI4551 Final Project/ColorTrackingRobot/src/env_assets_pkg' returned '0': DEBUGINFOD_URLS=https://debuginfod.ubuntu.com PYTHONPATH=/home/killi167/CSCI4551 Final Project/ColorTrackingRobot/build/env_assets_pkg/prefix_override:/usr/lib/python3/dist-packages/colcon_core/task/python/colcon_distutils_commands:/home/killi167/CSCI4551 Final Project/ColorTrackingRobot/install/env_assets_pkg/lib/python3.12/site-packages:${PYTHONPATH} _=/usr/bin/env /usr/bin/python3 -W ignore:setup.py install is deprecated -W ignore:easy_install command is deprecated setup.py egg_info --egg-base ../../build/env_assets_pkg build --build-base /home/killi167/CSCI4551 Final Project/ColorTrackingRobot/build/env_assets_pkg/build install --record /home/killi167/CSCI4551 Final Project/ColorTrackingRobot/build/env_assets_pkg/install.log --single-version-externally-managed install_data
[6.828s] Level 1:colcon.colcon_core.environment:checking '/home/killi167/CSCI4551 Final Project/ColorTrackingRobot/install/env_assets_pkg/lib'
[6.829s] Level 1:colcon.colcon_core.environment:checking '/home/killi167/CSCI4551 Final Project/ColorTrackingRobot/install/env_assets_pkg/bin'
[6.830s] Level 1:colcon.colcon_core.environment:checking '/home/killi167/CSCI4551 Final Project/ColorTrackingRobot/install/env_assets_pkg/lib/pkgconfig/env_assets_pkg.pc'
[6.831s] Level 1:colcon.colcon_core.environment:checking '/home/killi167/CSCI4551 Final Project/ColorTrackingRobot/install/env_assets_pkg/lib/python3.12/site-packages'
[6.833s] Level 1:colcon.colcon_core.shell:create_environment_hook('env_assets_pkg', 'pythonpath')
[6.834s] INFO:colcon.colcon_core.shell:Creating environment hook '/home/killi167/CSCI4551 Final Project/ColorTrackingRobot/install/env_assets_pkg/share/env_assets_pkg/hook/pythonpath.ps1'
[6.838s] INFO:colcon.colcon_core.shell:Creating environment descriptor '/home/killi167/CSCI4551 Final Project/ColorTrackingRobot/install/env_assets_pkg/share/env_assets_pkg/hook/pythonpath.dsv'
[6.844s] INFO:colcon.colcon_core.shell:Creating environment hook '/home/killi167/CSCI4551 Final Project/ColorTrackingRobot/install/env_assets_pkg/share/env_assets_pkg/hook/pythonpath.sh'
[6.848s] Level 1:colcon.colcon_core.environment:checking '/home/killi167/CSCI4551 Final Project/ColorTrackingRobot/install/env_assets_pkg/bin'
[6.849s] Level 1:colcon.colcon_core.environment:create_environment_scripts_only(env_assets_pkg)
[6.849s] INFO:colcon.colcon_core.shell:Creating package script '/home/killi167/CSCI4551 Final Project/ColorTrackingRobot/install/env_assets_pkg/share/env_assets_pkg/package.ps1'
[6.856s] INFO:colcon.colcon_core.shell:Creating package descriptor '/home/killi167/CSCI4551 Final Project/ColorTrackingRobot/install/env_assets_pkg/share/env_assets_pkg/package.dsv'
[6.861s] INFO:colcon.colcon_core.shell:Creating package script '/home/killi167/CSCI4551 Final Project/ColorTrackingRobot/install/env_assets_pkg/share/env_assets_pkg/package.sh'
[6.866s] INFO:colcon.colcon_core.shell:Creating package script '/home/killi167/CSCI4551 Final Project/ColorTrackingRobot/install/env_assets_pkg/share/env_assets_pkg/package.bash'
[6.870s] INFO:colcon.colcon_core.shell:Creating package script '/home/killi167/CSCI4551 Final Project/ColorTrackingRobot/install/env_assets_pkg/share/env_assets_pkg/package.zsh'
[6.876s] Level 1:colcon.colcon_core.environment:create_file_with_runtime_dependencies(/home/killi167/CSCI4551 Final Project/ColorTrackingRobot/install/env_assets_pkg/share/colcon-core/packages/env_assets_pkg)
[6.879s] Level 1:colcon.colcon_core.environment:checking '/home/killi167/CSCI4551 Final Project/ColorTrackingRobot/install/color_detector_pkg' for CMake module files
[6.881s] Level 1:colcon.colcon_core.environment:checking '/home/killi167/CSCI4551 Final Project/ColorTrackingRobot/install/color_detector_pkg' for CMake config files
[6.887s] DEBUG:colcon.colcon_core.event_handler.log_command:Invoked command in '/home/killi167/CSCI4551 Final Project/ColorTrackingRobot/src/color_detector_pkg' returned '0': DEBUGINFOD_URLS=https://debuginfod.ubuntu.com PYTHONPATH=/home/killi167/CSCI4551 Final Project/ColorTrackingRobot/build/color_detector_pkg/prefix_override:/usr/lib/python3/dist-packages/colcon_core/task/python/colcon_distutils_commands:/home/killi167/CSCI4551 Final Project/ColorTrackingRobot/install/color_detector_pkg/lib/python3.12/site-packages:${PYTHONPATH} _=/usr/bin/env /usr/bin/python3 -W ignore:setup.py install is deprecated -W ignore:easy_install command is deprecated setup.py egg_info --egg-base ../../build/color_detector_pkg build --build-base /home/killi167/CSCI4551 Final Project/ColorTrackingRobot/build/color_detector_pkg/build install --record /home/killi167/CSCI4551 Final Project/ColorTrackingRobot/build/color_detector_pkg/install.log --single-version-externally-managed install_data
[6.896s] Level 1:colcon.colcon_core.environment:checking '/home/killi167/CSCI4551 Final Project/ColorTrackingRobot/install/color_detector_pkg/lib'
[6.897s] Level 1:colcon.colcon_core.environment:checking '/home/killi167/CSCI4551 Final Project/ColorTrackingRobot/install/color_detector_pkg/bin'
[6.898s] Level 1:colcon.colcon_core.environment:checking '/home/killi167/CSCI4551 Final Project/ColorTrackingRobot/install/color_detector_pkg/lib/pkgconfig/color_detector_pkg.pc'
[6.899s] Level 1:colcon.colcon_core.environment:checking '/home/killi167/CSCI4551 Final Project/ColorTrackingRobot/install/color_detector_pkg/lib/python3.12/site-packages'
[6.901s] Level 1:colcon.colcon_core.shell:create_environment_hook('color_detector_pkg', 'pythonpath')
[6.902s] INFO:colcon.colcon_core.shell:Creating environment hook '/home/killi167/CSCI4551 Final Project/ColorTrackingRobot/install/color_detector_pkg/share/color_detector_pkg/hook/pythonpath.ps1'
[6.909s] INFO:colcon.colcon_core.shell:Creating environment descriptor '/home/killi167/CSCI4551 Final Project/ColorTrackingRobot/install/color_detector_pkg/share/color_detector_pkg/hook/pythonpath.dsv'
[6.914s] INFO:colcon.colcon_core.shell:Creating environment hook '/home/killi167/CSCI4551 Final Project/ColorTrackingRobot/install/color_detector_pkg/share/color_detector_pkg/hook/pythonpath.sh'
[6.920s] Level 1:colcon.colcon_core.environment:checking '/home/killi167/CSCI4551 Final Project/ColorTrackingRobot/install/color_detector_pkg/bin'
[6.920s] Level 1:colcon.colcon_core.environment:create_environment_scripts_only(color_detector_pkg)
[6.922s] INFO:colcon.colcon_core.shell:Creating package script '/home/killi167/CSCI4551 Final Project/ColorTrackingRobot/install/color_detector_pkg/share/color_detector_pkg/package.ps1'
[6.927s] INFO:colcon.colcon_core.shell:Creating package descriptor '/home/killi167/CSCI4551 Final Project/ColorTrackingRobot/install/color_detector_pkg/share/color_detector_pkg/package.dsv'
[6.932s] INFO:colcon.colcon_core.shell:Creating package script '/home/killi167/CSCI4551 Final Project/ColorTrackingRobot/install/color_detector_pkg/share/color_detector_pkg/package.sh'
[6.936s] INFO:colcon.colcon_core.shell:Creating package script '/home/killi167/CSCI4551 Final Project/ColorTrackingRobot/install/color_detector_pkg/share/color_detector_pkg/package.bash'
[6.940s] INFO:colcon.colcon_core.shell:Creating package script '/home/killi167/CSCI4551 Final Project/ColorTrackingRobot/install/color_detector_pkg/share/color_detector_pkg/package.zsh'
[6.945s] Level 1:colcon.colcon_core.environment:create_file_with_runtime_dependencies(/home/killi167/CSCI4551 Final Project/ColorTrackingRobot/install/color_detector_pkg/share/colcon-core/packages/color_detector_pkg)
[6.947s] DEBUG:colcon.colcon_parallel_executor.executor.parallel:closing loop
[6.948s] DEBUG:colcon.colcon_parallel_executor.executor.parallel:loop closed
[6.949s] DEBUG:colcon.colcon_parallel_executor.executor.parallel:run_until_complete finished with '0'
[6.949s] DEBUG:colcon.colcon_core.event_reactor:joining thread
[6.966s] INFO:colcon.colcon_core.plugin_system:Skipping extension 'colcon_notification.desktop_notification.terminal_notifier': Not used on non-Darwin systems
[6.966s] INFO:colcon.colcon_core.plugin_system:Skipping extension 'colcon_notification.desktop_notification.win32': Not used on non-Windows systems
[6.966s] INFO:colcon.colcon_notification.desktop_notification:Sending desktop notification using 'notify2'
[6.986s] DEBUG:colcon.colcon_core.event_reactor:joined thread
[6.986s] INFO:colcon.colcon_core.shell:Creating prefix script '/home/killi167/CSCI4551 Final Project/ColorTrackingRobot/install/local_setup.ps1'
[6.992s] INFO:colcon.colcon_core.shell:Creating prefix util module '/home/killi167/CSCI4551 Final Project/ColorTrackingRobot/install/_local_setup_util_ps1.py'
[6.998s] INFO:colcon.colcon_core.shell:Creating prefix chain script '/home/killi167/CSCI4551 Final Project/ColorTrackingRobot/install/setup.ps1'
[7.010s] INFO:colcon.colcon_core.shell:Creating prefix script '/home/killi167/CSCI4551 Final Project/ColorTrackingRobot/install/local_setup.sh'
[7.014s] INFO:colcon.colcon_core.shell:Creating prefix util module '/home/killi167/CSCI4551 Final Project/ColorTrackingRobot/install/_local_setup_util_sh.py'
[7.019s] INFO:colcon.colcon_core.shell:Creating prefix chain script '/home/killi167/CSCI4551 Final Project/ColorTrackingRobot/install/setup.sh'
[7.029s] INFO:colcon.colcon_core.shell:Creating prefix script '/home/killi167/CSCI4551 Final Project/ColorTrackingRobot/install/local_setup.bash'
[7.034s] INFO:colcon.colcon_core.shell:Creating prefix chain script '/home/killi167/CSCI4551 Final Project/ColorTrackingRobot/install/setup.bash'
[7.045s] INFO:colcon.colcon_core.shell:Creating prefix script '/home/killi167/CSCI4551 Final Project/ColorTrackingRobot/install/local_setup.zsh'
[7.050s] INFO:colcon.colcon_core.shell:Creating prefix chain script '/home/killi167/CSCI4551 Final Project/ColorTrackingRobot/install/setup.zsh'
