[1.165s] DEBUG:colcon:Command line arguments: ['/usr/bin/colcon', 'build']
[1.165s] DEBUG:colcon:Parsed command line arguments: Namespace(log_base=None, log_level=None, verb_name='build', build_base='build', install_base='install', merge_install=False, symlink_install=False, test_result_base=None, continue_on_error=False, executor='parallel', parallel_workers=20, event_handlers=None, ignore_user_meta=False, metas=['./colcon.meta'], base_paths=['.'], packages_ignore=None, packages_ignore_regex=None, paths=None, packages_up_to=None, packages_up_to_regex=None, packages_above=None, packages_above_and_dependencies=None, packages_above_depth=None, packages_select_by_dep=None, packages_skip_by_dep=None, packages_skip_up_to=None, packages_select_build_failed=False, packages_skip_build_finished=False, packages_select_test_failures=False, packages_skip_test_passed=False, packages_select=None, packages_skip=None, packages_select_regex=None, packages_skip_regex=None, packages_start=None, packages_end=None, allow_overriding=[], cmake_args=None, cmake_target=None, cmake_target_skip_unavailable=False, cmake_clean_cache=False, cmake_clean_first=False, cmake_force_configure=False, ament_cmake_args=None, catkin_cmake_args=None, catkin_skip_building_tests=False, mixin_files=None, mixin=None, verb_parser=<colcon_mixin.mixin.mixin_argument.MixinArgumentDecorator object at 0x7b176fa82960>, verb_extension=<colcon_core.verb.build.BuildVerb object at 0x7b176fbbeea0>, main=<bound method BuildVerb.main of <colcon_core.verb.build.BuildVerb object at 0x7b176fbbeea0>>, mixin_verb=('build',))
[1.320s] Level 1:colcon.colcon_core.package_discovery:discover_packages(colcon_meta) check parameters
[1.320s] Level 1:colcon.colcon_core.package_discovery:discover_packages(recursive) check parameters
[1.321s] Level 1:colcon.colcon_core.package_discovery:discover_packages(ignore) check parameters
[1.321s] Level 1:colcon.colcon_core.package_discovery:discover_packages(path) check parameters
[1.321s] Level 1:colcon.colcon_core.package_discovery:discover_packages(colcon_meta) discover
[1.321s] Level 1:colcon.colcon_core.package_discovery:discover_packages(recursive) discover
[1.321s] INFO:colcon.colcon_core.package_discovery:Crawling recursively for packages in '/home/simkh005/4551_proj_ws'
[1.321s] Level 1:colcon.colcon_core.package_identification:_identify(.) by extensions ['ignore', 'ignore_ament_install']
[1.322s] Level 1:colcon.colcon_core.package_identification:_identify(.) by extension 'ignore'
[1.322s] Level 1:colcon.colcon_core.package_identification:_identify(.) by extension 'ignore_ament_install'
[1.322s] Level 1:colcon.colcon_core.package_identification:_identify(.) by extensions ['colcon_pkg']
[1.322s] Level 1:colcon.colcon_core.package_identification:_identify(.) by extension 'colcon_pkg'
[1.322s] Level 1:colcon.colcon_core.package_identification:_identify(.) by extensions ['colcon_meta']
[1.322s] Level 1:colcon.colcon_core.package_identification:_identify(.) by extension 'colcon_meta'
[1.322s] Level 1:colcon.colcon_core.package_identification:_identify(.) by extensions ['ros']
[1.322s] Level 1:colcon.colcon_core.package_identification:_identify(.) by extension 'ros'
[1.396s] Level 1:colcon.colcon_core.package_identification:_identify(.) by extensions ['cmake', 'python']
[1.396s] Level 1:colcon.colcon_core.package_identification:_identify(.) by extension 'cmake'
[1.397s] Level 1:colcon.colcon_core.package_identification:_identify(.) by extension 'python'
[1.397s] Level 1:colcon.colcon_core.package_identification:_identify(.) by extensions ['python_setup_py']
[1.397s] Level 1:colcon.colcon_core.package_identification:_identify(.) by extension 'python_setup_py'
[1.397s] Level 1:colcon.colcon_core.package_identification:_identify(build) by extensions ['ignore', 'ignore_ament_install']
[1.397s] Level 1:colcon.colcon_core.package_identification:_identify(build) by extension 'ignore'
[1.397s] Level 1:colcon.colcon_core.package_identification:_identify(build) ignored
[1.397s] Level 1:colcon.colcon_core.package_identification:_identify(install) by extensions ['ignore', 'ignore_ament_install']
[1.397s] Level 1:colcon.colcon_core.package_identification:_identify(install) by extension 'ignore'
[1.397s] Level 1:colcon.colcon_core.package_identification:_identify(install) ignored
[1.397s] Level 1:colcon.colcon_core.package_identification:_identify(log) by extensions ['ignore', 'ignore_ament_install']
[1.398s] Level 1:colcon.colcon_core.package_identification:_identify(log) by extension 'ignore'
[1.398s] Level 1:colcon.colcon_core.package_identification:_identify(log) ignored
[1.398s] Level 1:colcon.colcon_core.package_identification:_identify(src) by extensions ['ignore', 'ignore_ament_install']
[1.398s] Level 1:colcon.colcon_core.package_identification:_identify(src) by extension 'ignore'
[1.398s] Level 1:colcon.colcon_core.package_identification:_identify(src) by extension 'ignore_ament_install'
[1.398s] Level 1:colcon.colcon_core.package_identification:_identify(src) by extensions ['colcon_pkg']
[1.398s] Level 1:colcon.colcon_core.package_identification:_identify(src) by extension 'colcon_pkg'
[1.398s] Level 1:colcon.colcon_core.package_identification:_identify(src) by extensions ['colcon_meta']
[1.398s] Level 1:colcon.colcon_core.package_identification:_identify(src) by extension 'colcon_meta'
[1.398s] Level 1:colcon.colcon_core.package_identification:_identify(src) by extensions ['ros']
[1.398s] Level 1:colcon.colcon_core.package_identification:_identify(src) by extension 'ros'
[1.399s] Level 1:colcon.colcon_core.package_identification:_identify(src) by extensions ['cmake', 'python']
[1.399s] Level 1:colcon.colcon_core.package_identification:_identify(src) by extension 'cmake'
[1.399s] Level 1:colcon.colcon_core.package_identification:_identify(src) by extension 'python'
[1.399s] Level 1:colcon.colcon_core.package_identification:_identify(src) by extensions ['python_setup_py']
[1.399s] Level 1:colcon.colcon_core.package_identification:_identify(src) by extension 'python_setup_py'
[1.399s] Level 1:colcon.colcon_core.package_identification:_identify(src/color_detector_pkg) by extensions ['ignore', 'ignore_ament_install']
[1.399s] Level 1:colcon.colcon_core.package_identification:_identify(src/color_detector_pkg) by extension 'ignore'
[1.399s] Level 1:colcon.colcon_core.package_identification:_identify(src/color_detector_pkg) by extension 'ignore_ament_install'
[1.399s] Level 1:colcon.colcon_core.package_identification:_identify(src/color_detector_pkg) by extensions ['colcon_pkg']
[1.399s] Level 1:colcon.colcon_core.package_identification:_identify(src/color_detector_pkg) by extension 'colcon_pkg'
[1.399s] Level 1:colcon.colcon_core.package_identification:_identify(src/color_detector_pkg) by extensions ['colcon_meta']
[1.399s] Level 1:colcon.colcon_core.package_identification:_identify(src/color_detector_pkg) by extension 'colcon_meta'
[1.399s] Level 1:colcon.colcon_core.package_identification:_identify(src/color_detector_pkg) by extensions ['ros']
[1.399s] Level 1:colcon.colcon_core.package_identification:_identify(src/color_detector_pkg) by extension 'ros'
[1.405s] DEBUG:colcon.colcon_core.package_identification:Package 'src/color_detector_pkg' with type 'ros.ament_python' and name 'color_detector_pkg'
[1.406s] Level 1:colcon.colcon_core.package_identification:_identify(src/env_assets_pkg) by extensions ['ignore', 'ignore_ament_install']
[1.406s] Level 1:colcon.colcon_core.package_identification:_identify(src/env_assets_pkg) by extension 'ignore'
[1.406s] Level 1:colcon.colcon_core.package_identification:_identify(src/env_assets_pkg) by extension 'ignore_ament_install'
[1.406s] Level 1:colcon.colcon_core.package_identification:_identify(src/env_assets_pkg) by extensions ['colcon_pkg']
[1.406s] Level 1:colcon.colcon_core.package_identification:_identify(src/env_assets_pkg) by extension 'colcon_pkg'
[1.406s] Level 1:colcon.colcon_core.package_identification:_identify(src/env_assets_pkg) by extensions ['colcon_meta']
[1.406s] Level 1:colcon.colcon_core.package_identification:_identify(src/env_assets_pkg) by extension 'colcon_meta'
[1.406s] Level 1:colcon.colcon_core.package_identification:_identify(src/env_assets_pkg) by extensions ['ros']
[1.406s] Level 1:colcon.colcon_core.package_identification:_identify(src/env_assets_pkg) by extension 'ros'
[1.407s] DEBUG:colcon.colcon_core.package_identification:Package 'src/env_assets_pkg' with type 'ros.ament_python' and name 'env_assets_pkg'
[1.407s] Level 1:colcon.colcon_core.package_identification:_identify(src/nav_pkg) by extensions ['ignore', 'ignore_ament_install']
[1.407s] Level 1:colcon.colcon_core.package_identification:_identify(src/nav_pkg) by extension 'ignore'
[1.407s] Level 1:colcon.colcon_core.package_identification:_identify(src/nav_pkg) by extension 'ignore_ament_install'
[1.408s] Level 1:colcon.colcon_core.package_identification:_identify(src/nav_pkg) by extensions ['colcon_pkg']
[1.408s] Level 1:colcon.colcon_core.package_identification:_identify(src/nav_pkg) by extension 'colcon_pkg'
[1.408s] Level 1:colcon.colcon_core.package_identification:_identify(src/nav_pkg) by extensions ['colcon_meta']
[1.408s] Level 1:colcon.colcon_core.package_identification:_identify(src/nav_pkg) by extension 'colcon_meta'
[1.408s] Level 1:colcon.colcon_core.package_identification:_identify(src/nav_pkg) by extensions ['ros']
[1.408s] Level 1:colcon.colcon_core.package_identification:_identify(src/nav_pkg) by extension 'ros'
[1.409s] DEBUG:colcon.colcon_core.package_identification:Package 'src/nav_pkg' with type 'ros.ament_python' and name 'nav_pkg'
[1.409s] Level 1:colcon.colcon_core.package_discovery:discover_packages(recursive) using defaults
[1.409s] Level 1:colcon.colcon_core.package_discovery:discover_packages(ignore) discover
[1.409s] Level 1:colcon.colcon_core.package_discovery:discover_packages(ignore) using defaults
[1.409s] Level 1:colcon.colcon_core.package_discovery:discover_packages(path) discover
[1.409s] Level 1:colcon.colcon_core.package_discovery:discover_packages(path) using defaults
[1.472s] Level 1:colcon.colcon_core.package_discovery:discover_packages(prefix_path) check parameters
[1.472s] Level 1:colcon.colcon_core.package_discovery:discover_packages(prefix_path) discover
[1.478s] WARNING:colcon.colcon_ros.prefix_path.ament:The path '/home/simkh005/4551_proj_ws/install/nav_pkg' in the environment variable AMENT_PREFIX_PATH doesn't exist
[1.478s] WARNING:colcon.colcon_ros.prefix_path.ament:The path '/home/simkh005/4551_proj_ws/install/env_assets_pkg' in the environment variable AMENT_PREFIX_PATH doesn't exist
[1.478s] WARNING:colcon.colcon_ros.prefix_path.ament:The path '/home/simkh005/4551_proj_ws/install/color_detector_pkg' in the environment variable AMENT_PREFIX_PATH doesn't exist
[1.481s] DEBUG:colcon.colcon_installed_package_information.package_discovery:Found 0 installed packages in /home/simkh005/4551_proj_ws/install
[1.484s] DEBUG:colcon.colcon_installed_package_information.package_discovery:Found 400 installed packages in /opt/ros/jazzy
[1.487s] Level 1:colcon.colcon_core.package_discovery:discover_packages(prefix_path) using defaults
[1.596s] Level 5:colcon.colcon_core.verb:set package 'color_detector_pkg' build argument 'cmake_args' from command line to 'None'
[1.596s] Level 5:colcon.colcon_core.verb:set package 'color_detector_pkg' build argument 'cmake_target' from command line to 'None'
[1.596s] Level 5:colcon.colcon_core.verb:set package 'color_detector_pkg' build argument 'cmake_target_skip_unavailable' from command line to 'False'
[1.596s] Level 5:colcon.colcon_core.verb:set package 'color_detector_pkg' build argument 'cmake_clean_cache' from command line to 'False'
[1.596s] Level 5:colcon.colcon_core.verb:set package 'color_detector_pkg' build argument 'cmake_clean_first' from command line to 'False'
[1.596s] Level 5:colcon.colcon_core.verb:set package 'color_detector_pkg' build argument 'cmake_force_configure' from command line to 'False'
[1.596s] Level 5:colcon.colcon_core.verb:set package 'color_detector_pkg' build argument 'ament_cmake_args' from command line to 'None'
[1.596s] Level 5:colcon.colcon_core.verb:set package 'color_detector_pkg' build argument 'catkin_cmake_args' from command line to 'None'
[1.596s] Level 5:colcon.colcon_core.verb:set package 'color_detector_pkg' build argument 'catkin_skip_building_tests' from command line to 'False'
[1.597s] DEBUG:colcon.colcon_core.verb:Building package 'color_detector_pkg' with the following arguments: {'ament_cmake_args': None, 'build_base': '/home/simkh005/4551_proj_ws/build/color_detector_pkg', 'catkin_cmake_args': None, 'catkin_skip_building_tests': False, 'cmake_args': None, 'cmake_clean_cache': False, 'cmake_clean_first': False, 'cmake_force_configure': False, 'cmake_target': None, 'cmake_target_skip_unavailable': False, 'install_base': '/home/simkh005/4551_proj_ws/install/color_detector_pkg', 'merge_install': False, 'path': '/home/simkh005/4551_proj_ws/src/color_detector_pkg', 'symlink_install': False, 'test_result_base': None}
[1.597s] Level 5:colcon.colcon_core.verb:set package 'env_assets_pkg' build argument 'cmake_args' from command line to 'None'
[1.597s] Level 5:colcon.colcon_core.verb:set package 'env_assets_pkg' build argument 'cmake_target' from command line to 'None'
[1.598s] Level 5:colcon.colcon_core.verb:set package 'env_assets_pkg' build argument 'cmake_target_skip_unavailable' from command line to 'False'
[1.598s] Level 5:colcon.colcon_core.verb:set package 'env_assets_pkg' build argument 'cmake_clean_cache' from command line to 'False'
[1.598s] Level 5:colcon.colcon_core.verb:set package 'env_assets_pkg' build argument 'cmake_clean_first' from command line to 'False'
[1.598s] Level 5:colcon.colcon_core.verb:set package 'env_assets_pkg' build argument 'cmake_force_configure' from command line to 'False'
[1.598s] Level 5:colcon.colcon_core.verb:set package 'env_assets_pkg' build argument 'ament_cmake_args' from command line to 'None'
[1.598s] Level 5:colcon.colcon_core.verb:set package 'env_assets_pkg' build argument 'catkin_cmake_args' from command line to 'None'
[1.598s] Level 5:colcon.colcon_core.verb:set package 'env_assets_pkg' build argument 'catkin_skip_building_tests' from command line to 'False'
[1.598s] DEBUG:colcon.colcon_core.verb:Building package 'env_assets_pkg' with the following arguments: {'ament_cmake_args': None, 'build_base': '/home/simkh005/4551_proj_ws/build/env_assets_pkg', 'catkin_cmake_args': None, 'catkin_skip_building_tests': False, 'cmake_args': None, 'cmake_clean_cache': False, 'cmake_clean_first': False, 'cmake_force_configure': False, 'cmake_target': None, 'cmake_target_skip_unavailable': False, 'install_base': '/home/simkh005/4551_proj_ws/install/env_assets_pkg', 'merge_install': False, 'path': '/home/simkh005/4551_proj_ws/src/env_assets_pkg', 'symlink_install': False, 'test_result_base': None}
[1.599s] Level 5:colcon.colcon_core.verb:set package 'nav_pkg' build argument 'cmake_args' from command line to 'None'
[1.599s] Level 5:colcon.colcon_core.verb:set package 'nav_pkg' build argument 'cmake_target' from command line to 'None'
[1.599s] Level 5:colcon.colcon_core.verb:set package 'nav_pkg' build argument 'cmake_target_skip_unavailable' from command line to 'False'
[1.599s] Level 5:colcon.colcon_core.verb:set package 'nav_pkg' build argument 'cmake_clean_cache' from command line to 'False'
[1.599s] Level 5:colcon.colcon_core.verb:set package 'nav_pkg' build argument 'cmake_clean_first' from command line to 'False'
[1.599s] Level 5:colcon.colcon_core.verb:set package 'nav_pkg' build argument 'cmake_force_configure' from command line to 'False'
[1.599s] Level 5:colcon.colcon_core.verb:set package 'nav_pkg' build argument 'ament_cmake_args' from command line to 'None'
[1.599s] Level 5:colcon.colcon_core.verb:set package 'nav_pkg' build argument 'catkin_cmake_args' from command line to 'None'
[1.599s] Level 5:colcon.colcon_core.verb:set package 'nav_pkg' build argument 'catkin_skip_building_tests' from command line to 'False'
[1.599s] DEBUG:colcon.colcon_core.verb:Building package 'nav_pkg' with the following arguments: {'ament_cmake_args': None, 'build_base': '/home/simkh005/4551_proj_ws/build/nav_pkg', 'catkin_cmake_args': None, 'catkin_skip_building_tests': False, 'cmake_args': None, 'cmake_clean_cache': False, 'cmake_clean_first': False, 'cmake_force_configure': False, 'cmake_target': None, 'cmake_target_skip_unavailable': False, 'install_base': '/home/simkh005/4551_proj_ws/install/nav_pkg', 'merge_install': False, 'path': '/home/simkh005/4551_proj_ws/src/nav_pkg', 'symlink_install': False, 'test_result_base': None}
[1.599s] INFO:colcon.colcon_core.executor:Executing jobs using 'parallel' executor
[1.603s] DEBUG:colcon.colcon_parallel_executor.executor.parallel:run_until_complete
[1.604s] INFO:colcon.colcon_ros.task.ament_python.build:Building ROS package in '/home/simkh005/4551_proj_ws/src/color_detector_pkg' with build type 'ament_python'
[1.605s] Level 1:colcon.colcon_core.shell:create_environment_hook('color_detector_pkg', 'ament_prefix_path')
[1.633s] INFO:colcon.colcon_core.plugin_system:Skipping extension 'colcon_core.shell.bat': Not used on non-Windows systems
[1.634s] INFO:colcon.colcon_core.shell:Creating environment hook '/home/simkh005/4551_proj_ws/install/color_detector_pkg/share/color_detector_pkg/hook/ament_prefix_path.ps1'
[1.643s] INFO:colcon.colcon_core.shell:Creating environment descriptor '/home/simkh005/4551_proj_ws/install/color_detector_pkg/share/color_detector_pkg/hook/ament_prefix_path.dsv'
[1.647s] INFO:colcon.colcon_core.shell:Creating environment hook '/home/simkh005/4551_proj_ws/install/color_detector_pkg/share/color_detector_pkg/hook/ament_prefix_path.sh'
[1.652s] INFO:colcon.colcon_core.shell:Skip shell extension 'powershell' for command environment: Not usable outside of PowerShell
[1.653s] DEBUG:colcon.colcon_core.shell:Skip shell extension 'dsv' for command environment
[1.674s] INFO:colcon.colcon_ros.task.ament_python.build:Building ROS package in '/home/simkh005/4551_proj_ws/src/env_assets_pkg' with build type 'ament_python'
[1.675s] Level 1:colcon.colcon_core.shell:create_environment_hook('env_assets_pkg', 'ament_prefix_path')
[1.677s] INFO:colcon.colcon_core.shell:Creating environment hook '/home/simkh005/4551_proj_ws/install/env_assets_pkg/share/env_assets_pkg/hook/ament_prefix_path.ps1'
[1.683s] INFO:colcon.colcon_core.shell:Creating environment descriptor '/home/simkh005/4551_proj_ws/install/env_assets_pkg/share/env_assets_pkg/hook/ament_prefix_path.dsv'
[1.685s] INFO:colcon.colcon_core.shell:Creating environment hook '/home/simkh005/4551_proj_ws/install/env_assets_pkg/share/env_assets_pkg/hook/ament_prefix_path.sh'
[1.686s] INFO:colcon.colcon_core.shell:Skip shell extension 'powershell' for command environment: Not usable outside of PowerShell
[1.687s] DEBUG:colcon.colcon_core.shell:Skip shell extension 'dsv' for command environment
[1.697s] INFO:colcon.colcon_ros.task.ament_python.build:Building ROS package in '/home/simkh005/4551_proj_ws/src/nav_pkg' with build type 'ament_python'
[1.697s] Level 1:colcon.colcon_core.shell:create_environment_hook('nav_pkg', 'ament_prefix_path')
[1.698s] INFO:colcon.colcon_core.shell:Creating environment hook '/home/simkh005/4551_proj_ws/install/nav_pkg/share/nav_pkg/hook/ament_prefix_path.ps1'
[1.703s] INFO:colcon.colcon_core.shell:Creating environment descriptor '/home/simkh005/4551_proj_ws/install/nav_pkg/share/nav_pkg/hook/ament_prefix_path.dsv'
[1.705s] INFO:colcon.colcon_core.shell:Creating environment hook '/home/simkh005/4551_proj_ws/install/nav_pkg/share/nav_pkg/hook/ament_prefix_path.sh'
[1.708s] INFO:colcon.colcon_core.shell:Skip shell extension 'powershell' for command environment: Not usable outside of PowerShell
[1.708s] DEBUG:colcon.colcon_core.shell:Skip shell extension 'dsv' for command environment
[2.034s] INFO:colcon.colcon_core.task.python.build:Building Python package in '/home/simkh005/4551_proj_ws/src/color_detector_pkg'
[2.035s] INFO:colcon.colcon_core.shell:Skip shell extension 'powershell' for command environment: Not usable outside of PowerShell
[2.035s] DEBUG:colcon.colcon_core.shell:Skip shell extension 'dsv' for command environment
[2.367s] INFO:colcon.colcon_core.task.python.build:Building Python package in '/home/simkh005/4551_proj_ws/src/env_assets_pkg'
[2.368s] INFO:colcon.colcon_core.shell:Skip shell extension 'powershell' for command environment: Not usable outside of PowerShell
[2.368s] DEBUG:colcon.colcon_core.shell:Skip shell extension 'dsv' for command environment
[2.677s] INFO:colcon.colcon_core.task.python.build:Building Python package in '/home/simkh005/4551_proj_ws/src/nav_pkg'
[2.679s] INFO:colcon.colcon_core.shell:Skip shell extension 'powershell' for command environment: Not usable outside of PowerShell
[2.679s] DEBUG:colcon.colcon_core.shell:Skip shell extension 'dsv' for command environment
[4.121s] DEBUG:colcon.colcon_core.event_handler.log_command:Invoking command in '/home/simkh005/4551_proj_ws/src/nav_pkg': PYTHONPATH=/home/simkh005/4551_proj_ws/build/nav_pkg/prefix_override:/usr/lib/python3/dist-packages/colcon_core/task/python/colcon_distutils_commands:/home/simkh005/4551_proj_ws/install/nav_pkg/lib/python3.12/site-packages:${PYTHONPATH} /usr/bin/python3 -W ignore:setup.py install is deprecated -W ignore:easy_install command is deprecated setup.py egg_info --egg-base ../../build/nav_pkg build --build-base /home/simkh005/4551_proj_ws/build/nav_pkg/build install --record /home/simkh005/4551_proj_ws/build/nav_pkg/install.log --single-version-externally-managed install_data
[4.126s] DEBUG:colcon.colcon_core.event_handler.log_command:Invoking command in '/home/simkh005/4551_proj_ws/src/color_detector_pkg': PYTHONPATH=/home/simkh005/4551_proj_ws/build/color_detector_pkg/prefix_override:/usr/lib/python3/dist-packages/colcon_core/task/python/colcon_distutils_commands:/home/simkh005/4551_proj_ws/install/color_detector_pkg/lib/python3.12/site-packages:${PYTHONPATH} /usr/bin/python3 -W ignore:setup.py install is deprecated -W ignore:easy_install command is deprecated setup.py egg_info --egg-base ../../build/color_detector_pkg build --build-base /home/simkh005/4551_proj_ws/build/color_detector_pkg/build install --record /home/simkh005/4551_proj_ws/build/color_detector_pkg/install.log --single-version-externally-managed install_data
[4.130s] DEBUG:colcon.colcon_core.event_handler.log_command:Invoking command in '/home/simkh005/4551_proj_ws/src/env_assets_pkg': PYTHONPATH=/home/simkh005/4551_proj_ws/build/env_assets_pkg/prefix_override:/usr/lib/python3/dist-packages/colcon_core/task/python/colcon_distutils_commands:/home/simkh005/4551_proj_ws/install/env_assets_pkg/lib/python3.12/site-packages:${PYTHONPATH} /usr/bin/python3 -W ignore:setup.py install is deprecated -W ignore:easy_install command is deprecated setup.py egg_info --egg-base ../../build/env_assets_pkg build --build-base /home/simkh005/4551_proj_ws/build/env_assets_pkg/build install --record /home/simkh005/4551_proj_ws/build/env_assets_pkg/install.log --single-version-externally-managed install_data
[4.882s] DEBUG:colcon.colcon_core.event_handler.log_command:Invoked command in '/home/simkh005/4551_proj_ws/src/color_detector_pkg' returned '0': PYTHONPATH=/home/simkh005/4551_proj_ws/build/color_detector_pkg/prefix_override:/usr/lib/python3/dist-packages/colcon_core/task/python/colcon_distutils_commands:/home/simkh005/4551_proj_ws/install/color_detector_pkg/lib/python3.12/site-packages:${PYTHONPATH} /usr/bin/python3 -W ignore:setup.py install is deprecated -W ignore:easy_install command is deprecated setup.py egg_info --egg-base ../../build/color_detector_pkg build --build-base /home/simkh005/4551_proj_ws/build/color_detector_pkg/build install --record /home/simkh005/4551_proj_ws/build/color_detector_pkg/install.log --single-version-externally-managed install_data
[4.893s] Level 1:colcon.colcon_core.environment:checking '/home/simkh005/4551_proj_ws/install/color_detector_pkg' for CMake module files
[4.894s] Level 1:colcon.colcon_core.environment:checking '/home/simkh005/4551_proj_ws/install/color_detector_pkg' for CMake config files
[4.894s] Level 1:colcon.colcon_core.environment:checking '/home/simkh005/4551_proj_ws/install/color_detector_pkg/lib'
[4.895s] Level 1:colcon.colcon_core.environment:checking '/home/simkh005/4551_proj_ws/install/color_detector_pkg/bin'
[4.895s] Level 1:colcon.colcon_core.environment:checking '/home/simkh005/4551_proj_ws/install/color_detector_pkg/lib/pkgconfig/color_detector_pkg.pc'
[4.895s] Level 1:colcon.colcon_core.environment:checking '/home/simkh005/4551_proj_ws/install/color_detector_pkg/lib/python3.12/site-packages'
[4.895s] Level 1:colcon.colcon_core.shell:create_environment_hook('color_detector_pkg', 'pythonpath')
[4.896s] INFO:colcon.colcon_core.shell:Creating environment hook '/home/simkh005/4551_proj_ws/install/color_detector_pkg/share/color_detector_pkg/hook/pythonpath.ps1'
[4.897s] INFO:colcon.colcon_core.shell:Creating environment descriptor '/home/simkh005/4551_proj_ws/install/color_detector_pkg/share/color_detector_pkg/hook/pythonpath.dsv'
[4.897s] INFO:colcon.colcon_core.shell:Creating environment hook '/home/simkh005/4551_proj_ws/install/color_detector_pkg/share/color_detector_pkg/hook/pythonpath.sh'
[4.898s] Level 1:colcon.colcon_core.environment:checking '/home/simkh005/4551_proj_ws/install/color_detector_pkg/bin'
[4.898s] Level 1:colcon.colcon_core.environment:create_environment_scripts_only(color_detector_pkg)
[4.898s] INFO:colcon.colcon_core.shell:Creating package script '/home/simkh005/4551_proj_ws/install/color_detector_pkg/share/color_detector_pkg/package.ps1'
[4.900s] INFO:colcon.colcon_core.shell:Creating package descriptor '/home/simkh005/4551_proj_ws/install/color_detector_pkg/share/color_detector_pkg/package.dsv'
[4.902s] INFO:colcon.colcon_core.shell:Creating package script '/home/simkh005/4551_proj_ws/install/color_detector_pkg/share/color_detector_pkg/package.sh'
[4.904s] INFO:colcon.colcon_core.shell:Creating package script '/home/simkh005/4551_proj_ws/install/color_detector_pkg/share/color_detector_pkg/package.bash'
[4.906s] INFO:colcon.colcon_core.shell:Creating package script '/home/simkh005/4551_proj_ws/install/color_detector_pkg/share/color_detector_pkg/package.zsh'
[4.907s] Level 1:colcon.colcon_core.environment:create_file_with_runtime_dependencies(/home/simkh005/4551_proj_ws/install/color_detector_pkg/share/colcon-core/packages/color_detector_pkg)
[4.911s] Level 1:colcon.colcon_core.environment:checking '/home/simkh005/4551_proj_ws/install/nav_pkg' for CMake module files
[4.913s] Level 1:colcon.colcon_core.environment:checking '/home/simkh005/4551_proj_ws/install/nav_pkg' for CMake config files
[4.913s] DEBUG:colcon.colcon_core.event_handler.log_command:Invoked command in '/home/simkh005/4551_proj_ws/src/nav_pkg' returned '0': PYTHONPATH=/home/simkh005/4551_proj_ws/build/nav_pkg/prefix_override:/usr/lib/python3/dist-packages/colcon_core/task/python/colcon_distutils_commands:/home/simkh005/4551_proj_ws/install/nav_pkg/lib/python3.12/site-packages:${PYTHONPATH} /usr/bin/python3 -W ignore:setup.py install is deprecated -W ignore:easy_install command is deprecated setup.py egg_info --egg-base ../../build/nav_pkg build --build-base /home/simkh005/4551_proj_ws/build/nav_pkg/build install --record /home/simkh005/4551_proj_ws/build/nav_pkg/install.log --single-version-externally-managed install_data
[4.914s] Level 1:colcon.colcon_core.environment:checking '/home/simkh005/4551_proj_ws/install/nav_pkg/lib'
[4.914s] Level 1:colcon.colcon_core.environment:checking '/home/simkh005/4551_proj_ws/install/nav_pkg/bin'
[4.914s] Level 1:colcon.colcon_core.environment:checking '/home/simkh005/4551_proj_ws/install/nav_pkg/lib/pkgconfig/nav_pkg.pc'
[4.915s] Level 1:colcon.colcon_core.environment:checking '/home/simkh005/4551_proj_ws/install/nav_pkg/lib/python3.12/site-packages'
[4.915s] Level 1:colcon.colcon_core.shell:create_environment_hook('nav_pkg', 'pythonpath')
[4.915s] INFO:colcon.colcon_core.shell:Creating environment hook '/home/simkh005/4551_proj_ws/install/nav_pkg/share/nav_pkg/hook/pythonpath.ps1'
[4.915s] INFO:colcon.colcon_core.shell:Creating environment descriptor '/home/simkh005/4551_proj_ws/install/nav_pkg/share/nav_pkg/hook/pythonpath.dsv'
[4.916s] INFO:colcon.colcon_core.shell:Creating environment hook '/home/simkh005/4551_proj_ws/install/nav_pkg/share/nav_pkg/hook/pythonpath.sh'
[4.916s] Level 1:colcon.colcon_core.environment:checking '/home/simkh005/4551_proj_ws/install/nav_pkg/bin'
[4.916s] Level 1:colcon.colcon_core.environment:create_environment_scripts_only(nav_pkg)
[4.917s] INFO:colcon.colcon_core.shell:Creating package script '/home/simkh005/4551_proj_ws/install/nav_pkg/share/nav_pkg/package.ps1'
[4.917s] INFO:colcon.colcon_core.shell:Creating package descriptor '/home/simkh005/4551_proj_ws/install/nav_pkg/share/nav_pkg/package.dsv'
[4.918s] INFO:colcon.colcon_core.shell:Creating package script '/home/simkh005/4551_proj_ws/install/nav_pkg/share/nav_pkg/package.sh'
[4.918s] INFO:colcon.colcon_core.shell:Creating package script '/home/simkh005/4551_proj_ws/install/nav_pkg/share/nav_pkg/package.bash'
[4.919s] INFO:colcon.colcon_core.shell:Creating package script '/home/simkh005/4551_proj_ws/install/nav_pkg/share/nav_pkg/package.zsh'
[4.919s] Level 1:colcon.colcon_core.environment:create_file_with_runtime_dependencies(/home/simkh005/4551_proj_ws/install/nav_pkg/share/colcon-core/packages/nav_pkg)
[4.920s] Level 1:colcon.colcon_core.environment:checking '/home/simkh005/4551_proj_ws/install/env_assets_pkg' for CMake module files
[4.922s] Level 1:colcon.colcon_core.environment:checking '/home/simkh005/4551_proj_ws/install/env_assets_pkg' for CMake config files
[4.923s] DEBUG:colcon.colcon_core.event_handler.log_command:Invoked command in '/home/simkh005/4551_proj_ws/src/env_assets_pkg' returned '0': PYTHONPATH=/home/simkh005/4551_proj_ws/build/env_assets_pkg/prefix_override:/usr/lib/python3/dist-packages/colcon_core/task/python/colcon_distutils_commands:/home/simkh005/4551_proj_ws/install/env_assets_pkg/lib/python3.12/site-packages:${PYTHONPATH} /usr/bin/python3 -W ignore:setup.py install is deprecated -W ignore:easy_install command is deprecated setup.py egg_info --egg-base ../../build/env_assets_pkg build --build-base /home/simkh005/4551_proj_ws/build/env_assets_pkg/build install --record /home/simkh005/4551_proj_ws/build/env_assets_pkg/install.log --single-version-externally-managed install_data
[4.924s] Level 1:colcon.colcon_core.environment:checking '/home/simkh005/4551_proj_ws/install/env_assets_pkg/lib'
[4.924s] Level 1:colcon.colcon_core.environment:checking '/home/simkh005/4551_proj_ws/install/env_assets_pkg/bin'
[4.924s] Level 1:colcon.colcon_core.environment:checking '/home/simkh005/4551_proj_ws/install/env_assets_pkg/lib/pkgconfig/env_assets_pkg.pc'
[4.925s] Level 1:colcon.colcon_core.environment:checking '/home/simkh005/4551_proj_ws/install/env_assets_pkg/lib/python3.12/site-packages'
[4.925s] Level 1:colcon.colcon_core.shell:create_environment_hook('env_assets_pkg', 'pythonpath')
[4.925s] INFO:colcon.colcon_core.shell:Creating environment hook '/home/simkh005/4551_proj_ws/install/env_assets_pkg/share/env_assets_pkg/hook/pythonpath.ps1'
[4.926s] INFO:colcon.colcon_core.shell:Creating environment descriptor '/home/simkh005/4551_proj_ws/install/env_assets_pkg/share/env_assets_pkg/hook/pythonpath.dsv'
[4.927s] INFO:colcon.colcon_core.shell:Creating environment hook '/home/simkh005/4551_proj_ws/install/env_assets_pkg/share/env_assets_pkg/hook/pythonpath.sh'
[4.927s] Level 1:colcon.colcon_core.environment:checking '/home/simkh005/4551_proj_ws/install/env_assets_pkg/bin'
[4.928s] Level 1:colcon.colcon_core.environment:create_environment_scripts_only(env_assets_pkg)
[4.928s] INFO:colcon.colcon_core.shell:Creating package script '/home/simkh005/4551_proj_ws/install/env_assets_pkg/share/env_assets_pkg/package.ps1'
[4.929s] INFO:colcon.colcon_core.shell:Creating package descriptor '/home/simkh005/4551_proj_ws/install/env_assets_pkg/share/env_assets_pkg/package.dsv'
[4.930s] INFO:colcon.colcon_core.shell:Creating package script '/home/simkh005/4551_proj_ws/install/env_assets_pkg/share/env_assets_pkg/package.sh'
[4.930s] INFO:colcon.colcon_core.shell:Creating package script '/home/simkh005/4551_proj_ws/install/env_assets_pkg/share/env_assets_pkg/package.bash'
[4.931s] INFO:colcon.colcon_core.shell:Creating package script '/home/simkh005/4551_proj_ws/install/env_assets_pkg/share/env_assets_pkg/package.zsh'
[4.931s] Level 1:colcon.colcon_core.environment:create_file_with_runtime_dependencies(/home/simkh005/4551_proj_ws/install/env_assets_pkg/share/colcon-core/packages/env_assets_pkg)
[4.933s] DEBUG:colcon.colcon_parallel_executor.executor.parallel:closing loop
[4.933s] DEBUG:colcon.colcon_parallel_executor.executor.parallel:loop closed
[4.934s] DEBUG:colcon.colcon_parallel_executor.executor.parallel:run_until_complete finished with '0'
[4.935s] DEBUG:colcon.colcon_core.event_reactor:joining thread
[5.408s] INFO:colcon.colcon_core.plugin_system:Skipping extension 'colcon_notification.desktop_notification.notify_send': Could not find 'notify-send'
[5.408s] INFO:colcon.colcon_core.plugin_system:Skipping extension 'colcon_notification.desktop_notification.terminal_notifier': Not used on non-Darwin systems
[5.408s] INFO:colcon.colcon_core.plugin_system:Skipping extension 'colcon_notification.desktop_notification.win32': Not used on non-Windows systems
[5.408s] INFO:colcon.colcon_notification.desktop_notification:Sending desktop notification using 'notify2'
[5.418s] DEBUG:colcon.colcon_notification.desktop_notification.notify2:Failed to initialize notify2: org.freedesktop.DBus.Error.ServiceUnknown: The name org.freedesktop.Notifications was not provided by any .service files
[5.419s] DEBUG:colcon.colcon_core.event_reactor:joined thread
[5.419s] INFO:colcon.colcon_core.shell:Creating prefix script '/home/simkh005/4551_proj_ws/install/local_setup.ps1'
[5.421s] INFO:colcon.colcon_core.shell:Creating prefix util module '/home/simkh005/4551_proj_ws/install/_local_setup_util_ps1.py'
[5.423s] INFO:colcon.colcon_core.shell:Creating prefix chain script '/home/simkh005/4551_proj_ws/install/setup.ps1'
[5.426s] INFO:colcon.colcon_core.shell:Creating prefix script '/home/simkh005/4551_proj_ws/install/local_setup.sh'
[5.427s] INFO:colcon.colcon_core.shell:Creating prefix util module '/home/simkh005/4551_proj_ws/install/_local_setup_util_sh.py'
[5.428s] INFO:colcon.colcon_core.shell:Creating prefix chain script '/home/simkh005/4551_proj_ws/install/setup.sh'
[5.430s] INFO:colcon.colcon_core.shell:Creating prefix script '/home/simkh005/4551_proj_ws/install/local_setup.bash'
[5.431s] INFO:colcon.colcon_core.shell:Creating prefix chain script '/home/simkh005/4551_proj_ws/install/setup.bash'
[5.432s] INFO:colcon.colcon_core.shell:Creating prefix script '/home/simkh005/4551_proj_ws/install/local_setup.zsh'
[5.434s] INFO:colcon.colcon_core.shell:Creating prefix chain script '/home/simkh005/4551_proj_ws/install/setup.zsh'
