[2.454s] Invoking command in '/home/simkh005/4551_proj_ws/src/color_detector_pkg': PYTHONPATH=/home/simkh005/4551_proj_ws/build/color_detector_pkg/prefix_override:/usr/lib/python3/dist-packages/colcon_core/task/python/colcon_distutils_commands:/home/simkh005/4551_proj_ws/install/color_detector_pkg/lib/python3.12/site-packages:${PYTHONPATH} /usr/bin/python3 -W ignore:setup.py install is deprecated -W ignore:easy_install command is deprecated setup.py egg_info --egg-base ../../build/color_detector_pkg build --build-base /home/simkh005/4551_proj_ws/build/color_detector_pkg/build install --record /home/simkh005/4551_proj_ws/build/color_detector_pkg/install.log --single-version-externally-managed install_data
[2.963s] running egg_info
[2.964s] creating ../../build/color_detector_pkg/color_detector_pkg.egg-info
[2.998s] writing ../../build/color_detector_pkg/color_detector_pkg.egg-info/PKG-INFO
[2.999s] writing dependency_links to ../../build/color_detector_pkg/color_detector_pkg.egg-info/dependency_links.txt
[2.999s] writing requirements to ../../build/color_detector_pkg/color_detector_pkg.egg-info/requires.txt
[2.999s] writing top-level names to ../../build/color_detector_pkg/color_detector_pkg.egg-info/top_level.txt
[3.000s] writing manifest file '../../build/color_detector_pkg/color_detector_pkg.egg-info/SOURCES.txt'
[3.077s] reading manifest file '../../build/color_detector_pkg/color_detector_pkg.egg-info/SOURCES.txt'
[3.079s] writing manifest file '../../build/color_detector_pkg/color_detector_pkg.egg-info/SOURCES.txt'
[3.080s] running build
[3.080s] running build_py
[3.081s] creating /home/simkh005/4551_proj_ws/build/color_detector_pkg/build
[3.081s] creating /home/simkh005/4551_proj_ws/build/color_detector_pkg/build/lib
[3.081s] creating /home/simkh005/4551_proj_ws/build/color_detector_pkg/build/lib/color_detector_pkg
[3.082s] copying color_detector_pkg/__init__.py -> /home/simkh005/4551_proj_ws/build/color_detector_pkg/build/lib/color_detector_pkg
[3.082s] running install
[3.094s] running install_lib
[3.124s] creating /home/simkh005/4551_proj_ws/install/color_detector_pkg/lib/python3.12/site-packages/color_detector_pkg
[3.125s] copying /home/simkh005/4551_proj_ws/build/color_detector_pkg/build/lib/color_detector_pkg/__init__.py -> /home/simkh005/4551_proj_ws/install/color_detector_pkg/lib/python3.12/site-packages/color_detector_pkg
[3.125s] byte-compiling /home/simkh005/4551_proj_ws/install/color_detector_pkg/lib/python3.12/site-packages/color_detector_pkg/__init__.py to __init__.cpython-312.pyc
[3.126s] running install_data
[3.126s] creating /home/simkh005/4551_proj_ws/install/color_detector_pkg/share/ament_index
[3.127s] creating /home/simkh005/4551_proj_ws/install/color_detector_pkg/share/ament_index/resource_index
[3.127s] creating /home/simkh005/4551_proj_ws/install/color_detector_pkg/share/ament_index/resource_index/packages
[3.127s] copying resource/color_detector_pkg -> /home/simkh005/4551_proj_ws/install/color_detector_pkg/share/ament_index/resource_index/packages
[3.128s] copying package.xml -> /home/simkh005/4551_proj_ws/install/color_detector_pkg/share/color_detector_pkg
[3.128s] running install_egg_info
[3.157s] Copying ../../build/color_detector_pkg/color_detector_pkg.egg-info to /home/simkh005/4551_proj_ws/install/color_detector_pkg/lib/python3.12/site-packages/color_detector_pkg-0.0.0-py3.12.egg-info
[3.158s] running install_scripts
[3.393s] writing list of installed files to '/home/simkh005/4551_proj_ws/build/color_detector_pkg/install.log'
[3.433s] Invoked command in '/home/simkh005/4551_proj_ws/src/color_detector_pkg' returned '0': PYTHONPATH=/home/simkh005/4551_proj_ws/build/color_detector_pkg/prefix_override:/usr/lib/python3/dist-packages/colcon_core/task/python/colcon_distutils_commands:/home/simkh005/4551_proj_ws/install/color_detector_pkg/lib/python3.12/site-packages:${PYTHONPATH} /usr/bin/python3 -W ignore:setup.py install is deprecated -W ignore:easy_install command is deprecated setup.py egg_info --egg-base ../../build/color_detector_pkg build --build-base /home/simkh005/4551_proj_ws/build/color_detector_pkg/build install --record /home/simkh005/4551_proj_ws/build/color_detector_pkg/install.log --single-version-externally-managed install_data
