[1.276s] Invoking command in '/home/simkh005/4551_proj_ws/src/nav_pkg': PYTHONPATH=/home/simkh005/4551_proj_ws/build/nav_pkg/prefix_override:/usr/lib/python3/dist-packages/colcon_core/task/python/colcon_distutils_commands:/home/simkh005/4551_proj_ws/install/nav_pkg/lib/python3.12/site-packages:${PYTHONPATH} /usr/bin/python3 -W ignore:setup.py install is deprecated -W ignore:easy_install command is deprecated setup.py egg_info --egg-base ../../build/nav_pkg build --build-base /home/simkh005/4551_proj_ws/build/nav_pkg/build install --record /home/simkh005/4551_proj_ws/build/nav_pkg/install.log --single-version-externally-managed install_data
[1.552s] running egg_info
[1.552s] creating ../../build/nav_pkg/nav_pkg.egg-info
[1.579s] writing ../../build/nav_pkg/nav_pkg.egg-info/PKG-INFO
[1.579s] writing dependency_links to ../../build/nav_pkg/nav_pkg.egg-info/dependency_links.txt
[1.580s] writing requirements to ../../build/nav_pkg/nav_pkg.egg-info/requires.txt
[1.580s] writing top-level names to ../../build/nav_pkg/nav_pkg.egg-info/top_level.txt
[1.580s] writing manifest file '../../build/nav_pkg/nav_pkg.egg-info/SOURCES.txt'
[1.622s] reading manifest file '../../build/nav_pkg/nav_pkg.egg-info/SOURCES.txt'
[1.623s] writing manifest file '../../build/nav_pkg/nav_pkg.egg-info/SOURCES.txt'
[1.623s] running build
[1.623s] running build_py
[1.623s] creating /home/simkh005/4551_proj_ws/build/nav_pkg/build
[1.624s] creating /home/simkh005/4551_proj_ws/build/nav_pkg/build/lib
[1.625s] creating /home/simkh005/4551_proj_ws/build/nav_pkg/build/lib/nav_pkg
[1.625s] copying nav_pkg/pathfinding_node.py -> /home/simkh005/4551_proj_ws/build/nav_pkg/build/lib/nav_pkg
[1.625s] copying nav_pkg/goal_mng.py -> /home/simkh005/4551_proj_ws/build/nav_pkg/build/lib/nav_pkg
[1.626s] copying nav_pkg/__init__.py -> /home/simkh005/4551_proj_ws/build/nav_pkg/build/lib/nav_pkg
[1.626s] copying nav_pkg/spawn_robot.py -> /home/simkh005/4551_proj_ws/build/nav_pkg/build/lib/nav_pkg
[1.626s] running install
[1.631s] running install_lib
[1.652s] creating /home/simkh005/4551_proj_ws/install/nav_pkg/lib/python3.12/site-packages/nav_pkg
[1.653s] copying /home/simkh005/4551_proj_ws/build/nav_pkg/build/lib/nav_pkg/pathfinding_node.py -> /home/simkh005/4551_proj_ws/install/nav_pkg/lib/python3.12/site-packages/nav_pkg
[1.653s] copying /home/simkh005/4551_proj_ws/build/nav_pkg/build/lib/nav_pkg/goal_mng.py -> /home/simkh005/4551_proj_ws/install/nav_pkg/lib/python3.12/site-packages/nav_pkg
[1.654s] copying /home/simkh005/4551_proj_ws/build/nav_pkg/build/lib/nav_pkg/__init__.py -> /home/simkh005/4551_proj_ws/install/nav_pkg/lib/python3.12/site-packages/nav_pkg
[1.655s] copying /home/simkh005/4551_proj_ws/build/nav_pkg/build/lib/nav_pkg/spawn_robot.py -> /home/simkh005/4551_proj_ws/install/nav_pkg/lib/python3.12/site-packages/nav_pkg
[1.655s] byte-compiling /home/simkh005/4551_proj_ws/install/nav_pkg/lib/python3.12/site-packages/nav_pkg/pathfinding_node.py to pathfinding_node.cpython-312.pyc
[1.655s] byte-compiling /home/simkh005/4551_proj_ws/install/nav_pkg/lib/python3.12/site-packages/nav_pkg/goal_mng.py to goal_mng.cpython-312.pyc
[1.656s] byte-compiling /home/simkh005/4551_proj_ws/install/nav_pkg/lib/python3.12/site-packages/nav_pkg/__init__.py to __init__.cpython-312.pyc
[1.656s] byte-compiling /home/simkh005/4551_proj_ws/install/nav_pkg/lib/python3.12/site-packages/nav_pkg/spawn_robot.py to spawn_robot.cpython-312.pyc
[1.656s] running install_data
[1.657s] creating /home/simkh005/4551_proj_ws/install/nav_pkg/share/ament_index
[1.657s] creating /home/simkh005/4551_proj_ws/install/nav_pkg/share/ament_index/resource_index
[1.657s] creating /home/simkh005/4551_proj_ws/install/nav_pkg/share/ament_index/resource_index/packages
[1.658s] copying resource/nav_pkg -> /home/simkh005/4551_proj_ws/install/nav_pkg/share/ament_index/resource_index/packages
[1.658s] copying package.xml -> /home/simkh005/4551_proj_ws/install/nav_pkg/share/nav_pkg
[1.658s] creating /home/simkh005/4551_proj_ws/install/nav_pkg/share/nav_pkg/launch
[1.659s] copying launch/spawn_tb3.launch.py -> /home/simkh005/4551_proj_ws/install/nav_pkg/share/nav_pkg/launch
[1.659s] running install_egg_info
[1.682s] Copying ../../build/nav_pkg/nav_pkg.egg-info to /home/simkh005/4551_proj_ws/install/nav_pkg/lib/python3.12/site-packages/nav_pkg-0.0.0-py3.12.egg-info
[1.684s] running install_scripts
[1.816s] writing list of installed files to '/home/simkh005/4551_proj_ws/build/nav_pkg/install.log'
[1.865s] Invoked command in '/home/simkh005/4551_proj_ws/src/nav_pkg' returned '0': PYTHONPATH=/home/simkh005/4551_proj_ws/build/nav_pkg/prefix_override:/usr/lib/python3/dist-packages/colcon_core/task/python/colcon_distutils_commands:/home/simkh005/4551_proj_ws/install/nav_pkg/lib/python3.12/site-packages:${PYTHONPATH} /usr/bin/python3 -W ignore:setup.py install is deprecated -W ignore:easy_install command is deprecated setup.py egg_info --egg-base ../../build/nav_pkg build --build-base /home/simkh005/4551_proj_ws/build/nav_pkg/build install --record /home/simkh005/4551_proj_ws/build/nav_pkg/install.log --single-version-externally-managed install_data
