[2.454s] Invoking command in '/home/simkh005/4551_proj_ws/src/env_assets_pkg': PYTHONPATH=/home/simkh005/4551_proj_ws/build/env_assets_pkg/prefix_override:/usr/lib/python3/dist-packages/colcon_core/task/python/colcon_distutils_commands:/home/simkh005/4551_proj_ws/install/env_assets_pkg/lib/python3.12/site-packages:${PYTHONPATH} /usr/bin/python3 -W ignore:setup.py install is deprecated -W ignore:easy_install command is deprecated setup.py egg_info --egg-base ../../build/env_assets_pkg build --build-base /home/simkh005/4551_proj_ws/build/env_assets_pkg/build install --record /home/simkh005/4551_proj_ws/build/env_assets_pkg/install.log --single-version-externally-managed install_data
[2.814s] running egg_info
[2.815s] creating ../../build/env_assets_pkg/env_assets_pkg.egg-info
[2.841s] writing ../../build/env_assets_pkg/env_assets_pkg.egg-info/PKG-INFO
[2.841s] writing dependency_links to ../../build/env_assets_pkg/env_assets_pkg.egg-info/dependency_links.txt
[2.842s] writing requirements to ../../build/env_assets_pkg/env_assets_pkg.egg-info/requires.txt
[2.842s] writing top-level names to ../../build/env_assets_pkg/env_assets_pkg.egg-info/top_level.txt
[2.842s] writing manifest file '../../build/env_assets_pkg/env_assets_pkg.egg-info/SOURCES.txt'
[2.891s] reading manifest file '../../build/env_assets_pkg/env_assets_pkg.egg-info/SOURCES.txt'
[2.893s] writing manifest file '../../build/env_assets_pkg/env_assets_pkg.egg-info/SOURCES.txt'
[2.893s] running build
[2.893s] running build_py
[2.893s] creating /home/simkh005/4551_proj_ws/build/env_assets_pkg/build
[2.894s] creating /home/simkh005/4551_proj_ws/build/env_assets_pkg/build/lib
[2.895s] creating /home/simkh005/4551_proj_ws/build/env_assets_pkg/build/lib/env_assets_pkg
[2.895s] copying env_assets_pkg/__init__.py -> /home/simkh005/4551_proj_ws/build/env_assets_pkg/build/lib/env_assets_pkg
[2.896s] running install
[2.909s] running install_lib
[2.937s] creating /home/simkh005/4551_proj_ws/install/env_assets_pkg/lib/python3.12/site-packages/env_assets_pkg
[2.937s] copying /home/simkh005/4551_proj_ws/build/env_assets_pkg/build/lib/env_assets_pkg/__init__.py -> /home/simkh005/4551_proj_ws/install/env_assets_pkg/lib/python3.12/site-packages/env_assets_pkg
[2.938s] byte-compiling /home/simkh005/4551_proj_ws/install/env_assets_pkg/lib/python3.12/site-packages/env_assets_pkg/__init__.py to __init__.cpython-312.pyc
[2.938s] running install_data
[2.938s] creating /home/simkh005/4551_proj_ws/install/env_assets_pkg/share/ament_index
[2.939s] creating /home/simkh005/4551_proj_ws/install/env_assets_pkg/share/ament_index/resource_index
[2.939s] creating /home/simkh005/4551_proj_ws/install/env_assets_pkg/share/ament_index/resource_index/packages
[2.939s] copying resource/env_assets_pkg -> /home/simkh005/4551_proj_ws/install/env_assets_pkg/share/ament_index/resource_index/packages
[2.939s] copying package.xml -> /home/simkh005/4551_proj_ws/install/env_assets_pkg/share/env_assets_pkg
[2.940s] creating /home/simkh005/4551_proj_ws/install/env_assets_pkg/share/env_assets_pkg/launch
[2.940s] copying launch/world.launch.py -> /home/simkh005/4551_proj_ws/install/env_assets_pkg/share/env_assets_pkg/launch
[2.940s] creating /home/simkh005/4551_proj_ws/install/env_assets_pkg/share/env_assets_pkg/worlds
[2.941s] copying worlds/color_goals.world -> /home/simkh005/4551_proj_ws/install/env_assets_pkg/share/env_assets_pkg/worlds
[2.942s] creating /home/simkh005/4551_proj_ws/install/env_assets_pkg/share/env_assets_pkg/models
[2.942s] creating /home/simkh005/4551_proj_ws/install/env_assets_pkg/share/env_assets_pkg/models/red_goal
[2.943s] copying models/red_goal/model.sdf -> /home/simkh005/4551_proj_ws/install/env_assets_pkg/share/env_assets_pkg/models/red_goal
[2.944s] copying models/red_goal/model.config -> /home/simkh005/4551_proj_ws/install/env_assets_pkg/share/env_assets_pkg/models/red_goal
[2.945s] creating /home/simkh005/4551_proj_ws/install/env_assets_pkg/share/env_assets_pkg/models/green_goal
[2.945s] copying models/green_goal/model.sdf -> /home/simkh005/4551_proj_ws/install/env_assets_pkg/share/env_assets_pkg/models/green_goal
[2.946s] copying models/green_goal/model.config -> /home/simkh005/4551_proj_ws/install/env_assets_pkg/share/env_assets_pkg/models/green_goal
[2.946s] creating /home/simkh005/4551_proj_ws/install/env_assets_pkg/share/env_assets_pkg/models/blue_goal
[2.947s] copying models/blue_goal/model.sdf -> /home/simkh005/4551_proj_ws/install/env_assets_pkg/share/env_assets_pkg/models/blue_goal
[2.947s] copying models/blue_goal/model.config -> /home/simkh005/4551_proj_ws/install/env_assets_pkg/share/env_assets_pkg/models/blue_goal
[2.948s] creating /home/simkh005/4551_proj_ws/install/env_assets_pkg/share/env_assets_pkg/models/yellow_goal
[2.948s] copying models/yellow_goal/model.sdf -> /home/simkh005/4551_proj_ws/install/env_assets_pkg/share/env_assets_pkg/models/yellow_goal
[2.949s] copying models/yellow_goal/model.config -> /home/simkh005/4551_proj_ws/install/env_assets_pkg/share/env_assets_pkg/models/yellow_goal
[2.950s] running install_egg_info
[2.979s] Copying ../../build/env_assets_pkg/env_assets_pkg.egg-info to /home/simkh005/4551_proj_ws/install/env_assets_pkg/lib/python3.12/site-packages/env_assets_pkg-0.0.0-py3.12.egg-info
[2.981s] running install_scripts
[3.170s] writing list of installed files to '/home/simkh005/4551_proj_ws/build/env_assets_pkg/install.log'
[3.248s] Invoked command in '/home/simkh005/4551_proj_ws/src/env_assets_pkg' returned '0': PYTHONPATH=/home/simkh005/4551_proj_ws/build/env_assets_pkg/prefix_override:/usr/lib/python3/dist-packages/colcon_core/task/python/colcon_distutils_commands:/home/simkh005/4551_proj_ws/install/env_assets_pkg/lib/python3.12/site-packages:${PYTHONPATH} /usr/bin/python3 -W ignore:setup.py install is deprecated -W ignore:easy_install command is deprecated setup.py egg_info --egg-base ../../build/env_assets_pkg build --build-base /home/simkh005/4551_proj_ws/build/env_assets_pkg/build install --record /home/simkh005/4551_proj_ws/build/env_assets_pkg/install.log --single-version-externally-managed install_data
