[2.518s] Invoking command in '/home/simkh005/4551_proj_ws/src/color_detector_pkg': PYTHONPATH=/home/simkh005/4551_proj_ws/build/color_detector_pkg/prefix_override:/usr/lib/python3/dist-packages/colcon_core/task/python/colcon_distutils_commands:/home/simkh005/4551_proj_ws/install/color_detector_pkg/lib/python3.12/site-packages:${PYTHONPATH} /usr/bin/python3 -W ignore:setup.py install is deprecated -W ignore:easy_install command is deprecated setup.py egg_info --egg-base ../../build/color_detector_pkg build --build-base /home/simkh005/4551_proj_ws/build/color_detector_pkg/build install --record /home/simkh005/4551_proj_ws/build/color_detector_pkg/install.log --single-version-externally-managed install_data
[2.900s] running egg_info
[2.901s] creating ../../build/color_detector_pkg/color_detector_pkg.egg-info
[2.926s] writing ../../build/color_detector_pkg/color_detector_pkg.egg-info/PKG-INFO
[2.927s] writing dependency_links to ../../build/color_detector_pkg/color_detector_pkg.egg-info/dependency_links.txt
[2.927s] writing requirements to ../../build/color_detector_pkg/color_detector_pkg.egg-info/requires.txt
[2.928s] writing top-level names to ../../build/color_detector_pkg/color_detector_pkg.egg-info/top_level.txt
[2.928s] writing manifest file '../../build/color_detector_pkg/color_detector_pkg.egg-info/SOURCES.txt'
[2.980s] reading manifest file '../../build/color_detector_pkg/color_detector_pkg.egg-info/SOURCES.txt'
[2.981s] writing manifest file '../../build/color_detector_pkg/color_detector_pkg.egg-info/SOURCES.txt'
[2.981s] running build
[2.981s] running build_py
[2.981s] creating /home/simkh005/4551_proj_ws/build/color_detector_pkg/build
[2.982s] creating /home/simkh005/4551_proj_ws/build/color_detector_pkg/build/lib
[2.982s] creating /home/simkh005/4551_proj_ws/build/color_detector_pkg/build/lib/color_detector_pkg
[2.983s] copying color_detector_pkg/__init__.py -> /home/simkh005/4551_proj_ws/build/color_detector_pkg/build/lib/color_detector_pkg
[2.983s] copying color_detector_pkg/webcam_node.py -> /home/simkh005/4551_proj_ws/build/color_detector_pkg/build/lib/color_detector_pkg
[2.983s] running install
[2.996s] running install_lib
[3.022s] creating /home/simkh005/4551_proj_ws/install/color_detector_pkg/lib/python3.12/site-packages/color_detector_pkg
[3.022s] copying /home/simkh005/4551_proj_ws/build/color_detector_pkg/build/lib/color_detector_pkg/__init__.py -> /home/simkh005/4551_proj_ws/install/color_detector_pkg/lib/python3.12/site-packages/color_detector_pkg
[3.023s] copying /home/simkh005/4551_proj_ws/build/color_detector_pkg/build/lib/color_detector_pkg/webcam_node.py -> /home/simkh005/4551_proj_ws/install/color_detector_pkg/lib/python3.12/site-packages/color_detector_pkg
[3.026s] byte-compiling /home/simkh005/4551_proj_ws/install/color_detector_pkg/lib/python3.12/site-packages/color_detector_pkg/__init__.py to __init__.cpython-312.pyc
[3.026s] byte-compiling /home/simkh005/4551_proj_ws/install/color_detector_pkg/lib/python3.12/site-packages/color_detector_pkg/webcam_node.py to webcam_node.cpython-312.pyc
[3.027s] running install_data
[3.027s] creating /home/simkh005/4551_proj_ws/install/color_detector_pkg/share/ament_index
[3.027s] creating /home/simkh005/4551_proj_ws/install/color_detector_pkg/share/ament_index/resource_index
[3.028s] creating /home/simkh005/4551_proj_ws/install/color_detector_pkg/share/ament_index/resource_index/packages
[3.028s] copying resource/color_detector_pkg -> /home/simkh005/4551_proj_ws/install/color_detector_pkg/share/ament_index/resource_index/packages
[3.028s] copying package.xml -> /home/simkh005/4551_proj_ws/install/color_detector_pkg/share/color_detector_pkg
[3.028s] running install_egg_info
[3.054s] Copying ../../build/color_detector_pkg/color_detector_pkg.egg-info to /home/simkh005/4551_proj_ws/install/color_detector_pkg/lib/python3.12/site-packages/color_detector_pkg-0.0.0-py3.12.egg-info
[3.055s] running install_scripts
[3.229s] writing list of installed files to '/home/simkh005/4551_proj_ws/build/color_detector_pkg/install.log'
[3.273s] Invoked command in '/home/simkh005/4551_proj_ws/src/color_detector_pkg' returned '0': PYTHONPATH=/home/simkh005/4551_proj_ws/build/color_detector_pkg/prefix_override:/usr/lib/python3/dist-packages/colcon_core/task/python/colcon_distutils_commands:/home/simkh005/4551_proj_ws/install/color_detector_pkg/lib/python3.12/site-packages:${PYTHONPATH} /usr/bin/python3 -W ignore:setup.py install is deprecated -W ignore:easy_install command is deprecated setup.py egg_info --egg-base ../../build/color_detector_pkg build --build-base /home/simkh005/4551_proj_ws/build/color_detector_pkg/build install --record /home/simkh005/4551_proj_ws/build/color_detector_pkg/install.log --single-version-externally-managed install_data
