[1.811s] Invoking command in '/home/simkh005/4551_proj_ws/src/nav_pkg': PYTHONPATH=/home/simkh005/4551_proj_ws/build/nav_pkg/prefix_override:/usr/lib/python3/dist-packages/colcon_core/task/python/colcon_distutils_commands:/home/simkh005/4551_proj_ws/install/nav_pkg/lib/python3.12/site-packages:${PYTHONPATH} /usr/bin/python3 -W ignore:setup.py install is deprecated -W ignore:easy_install command is deprecated setup.py egg_info --egg-base ../../build/nav_pkg build --build-base /home/simkh005/4551_proj_ws/build/nav_pkg/build install --record /home/simkh005/4551_proj_ws/build/nav_pkg/install.log --single-version-externally-managed install_data
[2.182s] running egg_info
[2.206s] writing ../../build/nav_pkg/nav_pkg.egg-info/PKG-INFO
[2.207s] writing dependency_links to ../../build/nav_pkg/nav_pkg.egg-info/dependency_links.txt
[2.208s] writing requirements to ../../build/nav_pkg/nav_pkg.egg-info/requires.txt
[2.209s] writing top-level names to ../../build/nav_pkg/nav_pkg.egg-info/top_level.txt
[2.276s] reading manifest file '../../build/nav_pkg/nav_pkg.egg-info/SOURCES.txt'
[2.278s] writing manifest file '../../build/nav_pkg/nav_pkg.egg-info/SOURCES.txt'
[2.279s] running build
[2.279s] running build_py
[2.279s] running install
[2.287s] running install_lib
[2.313s] running install_data
[2.314s] copying launch/spawn_tb3.launch.py -> /home/simkh005/4551_proj_ws/install/nav_pkg/share/nav_pkg/launch
[2.314s] running install_egg_info
[2.341s] removing '/home/simkh005/4551_proj_ws/install/nav_pkg/lib/python3.12/site-packages/nav_pkg-0.0.0-py3.12.egg-info' (and everything under it)
[2.342s] Copying ../../build/nav_pkg/nav_pkg.egg-info to /home/simkh005/4551_proj_ws/install/nav_pkg/lib/python3.12/site-packages/nav_pkg-0.0.0-py3.12.egg-info
[2.343s] running install_scripts
[2.499s] writing list of installed files to '/home/simkh005/4551_proj_ws/build/nav_pkg/install.log'
[2.553s] Invoked command in '/home/simkh005/4551_proj_ws/src/nav_pkg' returned '0': PYTHONPATH=/home/simkh005/4551_proj_ws/build/nav_pkg/prefix_override:/usr/lib/python3/dist-packages/colcon_core/task/python/colcon_distutils_commands:/home/simkh005/4551_proj_ws/install/nav_pkg/lib/python3.12/site-packages:${PYTHONPATH} /usr/bin/python3 -W ignore:setup.py install is deprecated -W ignore:easy_install command is deprecated setup.py egg_info --egg-base ../../build/nav_pkg build --build-base /home/simkh005/4551_proj_ws/build/nav_pkg/build install --record /home/simkh005/4551_proj_ws/build/nav_pkg/install.log --single-version-externally-managed install_data
